Archive member included because of file (symbol)

c:/program files (x86)/atmel/studio/7.0/toolchain/arm/arm-gnu-toolchain/bin/../lib/gcc/arm-none-eabi/4.9.3/../../../../arm-none-eabi/lib/armv7-m\libc.a(lib_a-exit.o)
                              c:/program files (x86)/atmel/studio/7.0/toolchain/arm/arm-gnu-toolchain/bin/../lib/gcc/arm-none-eabi/4.9.3/../../../../arm-none-eabi/lib/armv7-m/crt0.o (exit)
c:/program files (x86)/atmel/studio/7.0/toolchain/arm/arm-gnu-toolchain/bin/../lib/gcc/arm-none-eabi/4.9.3/../../../../arm-none-eabi/lib/armv7-m\libc.a(lib_a-impure.o)
                              c:/program files (x86)/atmel/studio/7.0/toolchain/arm/arm-gnu-toolchain/bin/../lib/gcc/arm-none-eabi/4.9.3/../../../../arm-none-eabi/lib/armv7-m\libc.a(lib_a-exit.o) (_global_impure_ptr)
c:/program files (x86)/atmel/studio/7.0/toolchain/arm/arm-gnu-toolchain/bin/../lib/gcc/arm-none-eabi/4.9.3/../../../../arm-none-eabi/lib/armv7-m\libc.a(lib_a-init.o)
                              c:/program files (x86)/atmel/studio/7.0/toolchain/arm/arm-gnu-toolchain/bin/../lib/gcc/arm-none-eabi/4.9.3/../../../../arm-none-eabi/lib/armv7-m/crt0.o (__libc_init_array)
c:/program files (x86)/atmel/studio/7.0/toolchain/arm/arm-gnu-toolchain/bin/../lib/gcc/arm-none-eabi/4.9.3/../../../../arm-none-eabi/lib/armv7-m\libc.a(lib_a-iprintf.o)
                              src/drivers/console_driver.o (iprintf)
c:/program files (x86)/atmel/studio/7.0/toolchain/arm/arm-gnu-toolchain/bin/../lib/gcc/arm-none-eabi/4.9.3/../../../../arm-none-eabi/lib/armv7-m\libc.a(lib_a-memset.o)
                              c:/program files (x86)/atmel/studio/7.0/toolchain/arm/arm-gnu-toolchain/bin/../lib/gcc/arm-none-eabi/4.9.3/../../../../arm-none-eabi/lib/armv7-m/crt0.o (memset)
c:/program files (x86)/atmel/studio/7.0/toolchain/arm/arm-gnu-toolchain/bin/../lib/gcc/arm-none-eabi/4.9.3/../../../../arm-none-eabi/lib/armv7-m\libc.a(lib_a-setbuf.o)
                              src/ASF/thirdparty/wireless/addons/sio2host/uart/sio2host.o (setbuf)
c:/program files (x86)/atmel/studio/7.0/toolchain/arm/arm-gnu-toolchain/bin/../lib/gcc/arm-none-eabi/4.9.3/../../../../arm-none-eabi/lib/armv7-m\libc.a(lib_a-setvbuf.o)
                              c:/program files (x86)/atmel/studio/7.0/toolchain/arm/arm-gnu-toolchain/bin/../lib/gcc/arm-none-eabi/4.9.3/../../../../arm-none-eabi/lib/armv7-m\libc.a(lib_a-setbuf.o) (setvbuf)
c:/program files (x86)/atmel/studio/7.0/toolchain/arm/arm-gnu-toolchain/bin/../lib/gcc/arm-none-eabi/4.9.3/../../../../arm-none-eabi/lib/armv7-m\libc.a(lib_a-vfiprintf.o)
                              c:/program files (x86)/atmel/studio/7.0/toolchain/arm/arm-gnu-toolchain/bin/../lib/gcc/arm-none-eabi/4.9.3/../../../../arm-none-eabi/lib/armv7-m\libc.a(lib_a-iprintf.o) (_vfiprintf_r)
c:/program files (x86)/atmel/studio/7.0/toolchain/arm/arm-gnu-toolchain/bin/../lib/gcc/arm-none-eabi/4.9.3/../../../../arm-none-eabi/lib/armv7-m\libc.a(lib_a-wsetup.o)
                              c:/program files (x86)/atmel/studio/7.0/toolchain/arm/arm-gnu-toolchain/bin/../lib/gcc/arm-none-eabi/4.9.3/../../../../arm-none-eabi/lib/armv7-m\libc.a(lib_a-vfiprintf.o) (__swsetup_r)
c:/program files (x86)/atmel/studio/7.0/toolchain/arm/arm-gnu-toolchain/bin/../lib/gcc/arm-none-eabi/4.9.3/../../../../arm-none-eabi/lib/armv7-m\libc.a(lib_a-__call_atexit.o)
                              c:/program files (x86)/atmel/studio/7.0/toolchain/arm/arm-gnu-toolchain/bin/../lib/gcc/arm-none-eabi/4.9.3/../../../../arm-none-eabi/lib/armv7-m\libc.a(lib_a-exit.o) (__call_exitprocs)
c:/program files (x86)/atmel/studio/7.0/toolchain/arm/arm-gnu-toolchain/bin/../lib/gcc/arm-none-eabi/4.9.3/../../../../arm-none-eabi/lib/armv7-m\libc.a(lib_a-atexit.o)
                              c:/program files (x86)/atmel/studio/7.0/toolchain/arm/arm-gnu-toolchain/bin/../lib/gcc/arm-none-eabi/4.9.3/../../../../arm-none-eabi/lib/armv7-m\libc.a(lib_a-__call_atexit.o) (atexit)
c:/program files (x86)/atmel/studio/7.0/toolchain/arm/arm-gnu-toolchain/bin/../lib/gcc/arm-none-eabi/4.9.3/../../../../arm-none-eabi/lib/armv7-m\libc.a(lib_a-fflush.o)
                              c:/program files (x86)/atmel/studio/7.0/toolchain/arm/arm-gnu-toolchain/bin/../lib/gcc/arm-none-eabi/4.9.3/../../../../arm-none-eabi/lib/armv7-m\libc.a(lib_a-setvbuf.o) (_fflush_r)
c:/program files (x86)/atmel/studio/7.0/toolchain/arm/arm-gnu-toolchain/bin/../lib/gcc/arm-none-eabi/4.9.3/../../../../arm-none-eabi/lib/armv7-m\libc.a(lib_a-findfp.o)
                              c:/program files (x86)/atmel/studio/7.0/toolchain/arm/arm-gnu-toolchain/bin/../lib/gcc/arm-none-eabi/4.9.3/../../../../arm-none-eabi/lib/armv7-m\libc.a(lib_a-setvbuf.o) (_cleanup_r)
c:/program files (x86)/atmel/studio/7.0/toolchain/arm/arm-gnu-toolchain/bin/../lib/gcc/arm-none-eabi/4.9.3/../../../../arm-none-eabi/lib/armv7-m\libc.a(lib_a-fini.o)
[...]
Memory Configuration

Name             Origin             Length             Attributes
rom              0x00080000         0x00080000         xr
sram0            0x20000000         0x00010000         xrw
sram1            0x20080000         0x00008000         xrw
ram              0x20070000         0x00018000         xrw
*default*        0x00000000         0xffffffff

Linker script and memory map

LOAD c:/program files (x86)/atmel/studio/7.0/toolchain/arm/arm-gnu-toolchain/bin/../lib/gcc/arm-none-eabi/4.9.3/armv7-m/crti.o
LOAD c:/program files (x86)/atmel/studio/7.0/toolchain/arm/arm-gnu-toolchain/bin/../lib/gcc/arm-none-eabi/4.9.3/armv7-m/crtbegin.o
LOAD c:/program files (x86)/atmel/studio/7.0/toolchain/arm/arm-gnu-toolchain/bin/../lib/gcc/arm-none-eabi/4.9.3/../../../../arm-none-eabi/lib/armv7-m/crt0.o
LOAD src/ASF/common/utils/stdio/read.o
LOAD src/ASF/sam/drivers/usart/usart.o
LOAD src/ASF/thirdparty/wireless/addons/sio2host/uart/sio2host.o
LOAD src/drivers/console_driver.o
LOAD src/drivers/delay.o
LOAD src/drivers/hcsr04.o
LOAD src/pin_mapper.o
LOAD src/ASF/common/utils/stdio/write.o
LOAD src/ASF/common/services/serial/usart_serial.o
LOAD src/ASF/sam/drivers/tc/tc.o
LOAD src/ASF/sam/drivers/uart/uart.o
LOAD src/ASF/common/services/clock/sam3x/sysclk.o
LOAD src/ASF/common/utils/interrupt/interrupt_sam_nvic.o
LOAD src/ASF/sam/boards/arduino_due_x/init.o
LOAD src/ASF/sam/drivers/pio/pio.o
LOAD src/ASF/sam/drivers/pio/pio_handler.o
LOAD src/ASF/sam/drivers/pmc/pmc.o
LOAD src/ASF/sam/drivers/pmc/sleep.o
LOAD src/ASF/sam/utils/cmsis/sam3x/source/templates/exceptions.o
LOAD src/ASF/sam/utils/cmsis/sam3x/source/templates/gcc/startup_sam3x.o
LOAD src/ASF/sam/utils/cmsis/sam3x/source/templates/system_sam3x.o
LOAD src/ASF/sam/utils/syscalls/gcc/syscalls.o
LOAD src/main.o
START GROUP
LOAD ../src/ASF/thirdparty/CMSIS/Lib/GCC\libarm_cortexM3l_math.a
LOAD c:/program files (x86)/atmel/studio/7.0/toolchain/arm/arm-gnu-toolchain/bin/../lib/gcc/arm-none-eabi/4.9.3/../../../../arm-none-eabi/lib/armv7-m\libm.a
END GROUP
START GROUP
LOAD c:/program files (x86)/atmel/studio/7.0/toolchain/arm/arm-gnu-toolchain/bin/../lib/gcc/arm-none-eabi/4.9.3/armv7-m\libgcc.a
LOAD c:/program files (x86)/atmel/studio/7.0/toolchain/arm/arm-gnu-toolchain/bin/../lib/gcc/arm-none-eabi/4.9.3/../../../../arm-none-eabi/lib/armv7-m\libc.a
END GROUP
LOAD c:/program files (x86)/atmel/studio/7.0/toolchain/arm/arm-gnu-toolchain/bin/../lib/gcc/arm-none-eabi/4.9.3/armv7-m/crtend.o
LOAD c:/program files (x86)/atmel/studio/7.0/toolchain/arm/arm-gnu-toolchain/bin/../lib/gcc/arm-none-eabi/4.9.3/armv7-m/crtn.o
                0x00002000                __stack_size__ = DEFINED (__stack_size__)?__stack_size__:0x2000
                0x20087ffc                __ram_end__ = ((ORIGIN (ram) + 0x18000) - 0x4)

.text           0x00080000     0x4094
                0x00080000                . = ALIGN (0x4)
                0x00080000                _sfixed = .
 *(.vectors .vectors.*)
 .vectors       0x00080000       0xf4 src/ASF/sam/utils/cmsis/sam3x/source/templates/gcc/startup_sam3x.o
                0x00080000                exception_table
 *(.text .text.* .gnu.linkonce.t.*)
 .text          0x000800f4       0x5c c:/program files (x86)/atmel/studio/7.0/toolchain/arm/arm-gnu-toolchain/bin/../lib/gcc/arm-none-eabi/4.9.3/armv7-m/crtbegin.o
 .text._read    0x00080150       0x3c src/ASF/common/utils/stdio/read.o
                0x00080150                _read
 .text.usart_write
                0x0008018c       0x14 src/ASF/sam/drivers/usart/usart.o
                0x0008018c                usart_write
 .text.usart_read
                0x000801a0       0x18 src/ASF/sam/drivers/usart/usart.o
                0x000801a0                usart_read
 .text.USART0_Handler
                0x000801b8       0x60 src/ASF/thirdparty/wireless/addons/sio2host/uart/sio2host.o
                0x000801b8                USART0_Handler
 .text.usart_serial_getchar
                0x00080218       0xa8 src/drivers/console_driver.o
 .text.usart_serial_putchar
                0x000802c0       0x9c src/drivers/console_driver.o
 .text.console_init
                0x0008035c       0x94 src/drivers/console_driver.o
                0x0008035c                console_init
 .text.delay_init
                0x000803f0       0x3c src/drivers/delay.o
                0x000803f0                delay_init
 .text.delay_us
                0x0008042c       0x3c src/drivers/delay.o
                0x0008042c                delay_us
 .text.edge_detection
                0x00080468       0x6c src/drivers/hcsr04.o
                0x00080468                edge_detection
 .text.hcsr04_get_distance
                0x000804d4        0xc src/drivers/hcsr04.o
                0x000804d4                hcsr04_get_distance
 .text.TC0_Handler
                0x000804e0       0x94 src/drivers/hcsr04.o
                0x000804e0                TC0_Handler
 .text.set_pins
                0x00080574       0x20 src/drivers/hcsr04.o
                0x00080574                set_pins
 .text.hcsr04_init
                0x00080594       0xd8 src/drivers/hcsr04.o
                0x00080594                hcsr04_init
 .text.pin_mapper
                0x0008066c        0xc src/pin_mapper.o
                0x0008066c                pin_mapper
 .text._write   0x00080678       0x50 src/ASF/common/utils/stdio/write.o
                0x00080678                _write
 .text.usart_serial_read_packet
                0x000806c8       0xc4 src/ASF/common/services/serial/usart_serial.o
                0x000806c8                usart_serial_read_packet
 .text.tc_init  0x0008078c       0x1c src/ASF/sam/drivers/tc/tc.o
                0x0008078c                tc_init
 .text.tc_set_block_mode
                0x000807a8        0x8 src/ASF/sam/drivers/tc/tc.o
                0x000807a8                tc_set_block_mode
 .text.tc_start
                0x000807b0        0x8 src/ASF/sam/drivers/tc/tc.o
                0x000807b0                tc_start
 .text.tc_stop  0x000807b8        0x8 src/ASF/sam/drivers/tc/tc.o
                0x000807b8                tc_stop
 .text.tc_read_cv
                0x000807c0        0x8 src/ASF/sam/drivers/tc/tc.o
                0x000807c0                tc_read_cv
 .text.tc_write_rc
                0x000807c8        0x8 src/ASF/sam/drivers/tc/tc.o
                0x000807c8                tc_write_rc
 .text.tc_enable_interrupt
                0x000807d0        0x8 src/ASF/sam/drivers/tc/tc.o
                0x000807d0                tc_enable_interrupt
 .text.tc_get_status
                0x000807d8        0x8 src/ASF/sam/drivers/tc/tc.o
                0x000807d8                tc_get_status
 .text.uart_init
                0x000807e0       0x38 src/ASF/sam/drivers/uart/uart.o
                0x000807e0                uart_init
 .text.uart_write
                0x00080818       0x10 src/ASF/sam/drivers/uart/uart.o
                0x00080818                uart_write
 .text.uart_read
                0x00080828       0x14 src/ASF/sam/drivers/uart/uart.o
                0x00080828                uart_read
 .text.sysclk_init
                0x0008083c       0x64 src/ASF/common/services/clock/sam3x/sysclk.o
                0x0008083c                sysclk_init
 .text.board_init
                0x000808a0       0x80 src/ASF/sam/boards/arduino_due_x/init.o
                0x000808a0                board_init
 .text.pio_get  0x00080920       0x18 src/ASF/sam/drivers/pio/pio.o
                0x00080920                pio_get
 .text.pio_set_peripheral
                0x00080938       0x40 src/ASF/sam/drivers/pio/pio.o
                0x00080938                pio_set_peripheral
 .text.pio_set_input
                0x00080978       0x34 src/ASF/sam/drivers/pio/pio.o
                0x00080978                pio_set_input
 .text.pio_set_output
                0x000809ac       0x28 src/ASF/sam/drivers/pio/pio.o
                0x000809ac                pio_set_output
 .text.pio_configure_interrupt
                0x000809d4       0x30 src/ASF/sam/drivers/pio/pio.o
                0x000809d4                pio_configure_interrupt
 .text.pio_enable_interrupt
                0x00080a04        0x4 src/ASF/sam/drivers/pio/pio.o
                0x00080a04                pio_enable_interrupt
 .text.pio_get_interrupt_status
                0x00080a08        0x4 src/ASF/sam/drivers/pio/pio.o
                0x00080a08                pio_get_interrupt_status
 .text.pio_get_interrupt_mask
                0x00080a0c        0x4 src/ASF/sam/drivers/pio/pio.o
                0x00080a0c                pio_get_interrupt_mask
 .text.pio_configure_pin
                0x00080a10       0xd4 src/ASF/sam/drivers/pio/pio.o
                0x00080a10                pio_configure_pin
 .text.pio_configure_pin_group
                0x00080ae4       0xa0 src/ASF/sam/drivers/pio/pio.o
                0x00080ae4                pio_configure_pin_group
 .text.pio_handler_process
                0x00080b84       0x50 src/ASF/sam/drivers/pio/pio_handler.o
                0x00080b84                pio_handler_process
 .text.pio_handler_set
                0x00080bd4       0x6c src/ASF/sam/drivers/pio/pio_handler.o
                0x00080bd4                pio_handler_set
 .text.PIOA_Handler
                0x00080c40       0x14 src/ASF/sam/drivers/pio/pio_handler.o
                0x00080c40                PIOA_Handler
 .text.PIOB_Handler
                0x00080c54       0x14 src/ASF/sam/drivers/pio/pio_handler.o
                0x00080c54                PIOB_Handler
 .text.PIOC_Handler
                0x00080c68       0x14 src/ASF/sam/drivers/pio/pio_handler.o
                0x00080c68                PIOC_Handler
 .text.PIOD_Handler
                0x00080c7c       0x14 src/ASF/sam/drivers/pio/pio_handler.o
                0x00080c7c                PIOD_Handler
 .text.pmc_switch_mck_to_pllack
                0x00080c90       0x68 src/ASF/sam/drivers/pmc/pmc.o
                0x00080c90                pmc_switch_mck_to_pllack
 .text.pmc_switch_mainck_to_xtal
                0x00080cf8       0x54 src/ASF/sam/drivers/pmc/pmc.o
                0x00080cf8                pmc_switch_mainck_to_xtal
 .text.pmc_osc_is_ready_mainck
                0x00080d4c       0x10 src/ASF/sam/drivers/pmc/pmc.o
                0x00080d4c                pmc_osc_is_ready_mainck
 .text.pmc_disable_pllack
                0x00080d5c       0x10 src/ASF/sam/drivers/pmc/pmc.o
                0x00080d5c                pmc_disable_pllack
 .text.pmc_is_locked_pllack
                0x00080d6c       0x10 src/ASF/sam/drivers/pmc/pmc.o
                0x00080d6c                pmc_is_locked_pllack
 .text.pmc_enable_periph_clk
                0x00080d7c       0x54 src/ASF/sam/drivers/pmc/pmc.o
                0x00080d7c                pmc_enable_periph_clk
 .text.Dummy_Handler
                0x00080dd0        0x4 src/ASF/sam/utils/cmsis/sam3x/source/templates/exceptions.o
                0x00080dd0                DACC_Handler
                0x00080dd0                DebugMon_Handler
                0x00080dd0                DMAC_Handler
                0x00080dd0                TRNG_Handler
                0x00080dd0                HardFault_Handler
                0x00080dd0                TC2_Handler
                0x00080dd0                SysTick_Handler
                0x00080dd0                USART3_Handler
                0x00080dd0                TWI1_Handler
                0x00080dd0                PendSV_Handler
                0x00080dd0                NMI_Handler
                0x00080dd0                TC7_Handler
                0x00080dd0                ADC_Handler
                0x00080dd0                SMC_Handler
                0x00080dd0                RTT_Handler
                0x00080dd0                EFC1_Handler
                0x00080dd0                RTC_Handler
                0x00080dd0                UsageFault_Handler
                0x00080dd0                TC6_Handler
                0x00080dd0                WDT_Handler
                0x00080dd0                CAN0_Handler
                0x00080dd0                TC4_Handler
                0x00080dd0                TC1_Handler
                0x00080dd0                HSMCI_Handler
                0x00080dd0                TC3_Handler
                0x00080dd0                Dummy_Handler
                0x00080dd0                TWI0_Handler
                0x00080dd0                USART1_Handler
                0x00080dd0                SSC_Handler
                0x00080dd0                EFC0_Handler
                0x00080dd0                PMC_Handler
                0x00080dd0                PWM_Handler
                0x00080dd0                CAN1_Handler
                0x00080dd0                MemManage_Handler
                0x00080dd0                SUPC_Handler
                0x00080dd0                SVC_Handler
                0x00080dd0                TC8_Handler
                0x00080dd0                USART2_Handler
                0x00080dd0                EMAC_Handler
                0x00080dd0                UART_Handler
                0x00080dd0                BusFault_Handler
                0x00080dd0                RSTC_Handler
                0x00080dd0                TC5_Handler
                0x00080dd0                UOTGHS_Handler
                0x00080dd0                SPI0_Handler
 .text.Reset_Handler
                0x00080dd4       0xb0 src/ASF/sam/utils/cmsis/sam3x/source/templates/gcc/startup_sam3x.o
                0x00080dd4                Reset_Handler
 .text.SystemCoreClockUpdate
                0x00080e84      0x11c src/ASF/sam/utils/cmsis/sam3x/source/templates/system_sam3x.o
                0x00080e84                SystemCoreClockUpdate
 .text._sbrk    0x00080fa0       0x34 src/ASF/sam/utils/syscalls/gcc/syscalls.o
                0x00080fa0                _sbrk
 .text._close   0x00080fd4        0x8 src/ASF/sam/utils/syscalls/gcc/syscalls.o
                0x00080fd4                _close
 .text._fstat   0x00080fdc        0xc src/ASF/sam/utils/syscalls/gcc/syscalls.o
                0x00080fdc                _fstat
 .text._isatty  0x00080fe8        0x4 src/ASF/sam/utils/syscalls/gcc/syscalls.o
                0x00080fe8                _isatty
 .text._lseek   0x00080fec        0x4 src/ASF/sam/utils/syscalls/gcc/syscalls.o
                0x00080fec                _lseek
 .text.main     0x00080ff0       0x9c src/main.o
                0x00080ff0                main
 .text.__libc_init_array
                0x0008108c       0x50 c:/program files (x86)/atmel/studio/7.0/toolchain/arm/arm-gnu-toolchain/bin/../lib/gcc/arm-none-eabi/4.9.3/../../../../arm-none-eabi/lib/armv7-m\libc.a(lib_a-init.o)
                0x0008108c                __libc_init_array
 .text.iprintf  0x000810dc       0x28 c:/program files (x86)/atmel/studio/7.0/toolchain/arm/arm-gnu-toolchain/bin/../lib/gcc/arm-none-eabi/4.9.3/../../../../arm-none-eabi/lib/armv7-m\libc.a(lib_a-iprintf.o)
                0x000810dc                iprintf
 .text.memset   0x00081104       0x9c c:/program files (x86)/atmel/studio/7.0/toolchain/arm/arm-gnu-toolchain/bin/../lib/gcc/arm-none-eabi/4.9.3/../../../../arm-none-eabi/lib/armv7-m\libc.a(lib_a-memset.o)
                0x00081104                memset
 .text.setbuf   0x000811a0       0x10 c:/program files (x86)/atmel/studio/7.0/toolchain/arm/arm-gnu-toolchain/bin/../lib/gcc/arm-none-eabi/4.9.3/../../../../arm-none-eabi/lib/armv7-m\libc.a(lib_a-setbuf.o)
                0x000811a0                setbuf
 .text.setvbuf  0x000811b0       0xf8 c:/program files (x86)/atmel/studio/7.0/toolchain/arm/arm-gnu-toolchain/bin/../lib/gcc/arm-none-eabi/4.9.3/../../../../arm-none-eabi/lib/armv7-m\libc.a(lib_a-setvbuf.o)
                0x000811b0                setvbuf
 .text.__sprint_r.part.0
                0x000812a8       0x78 c:/program files (x86)/atmel/studio/7.0/toolchain/arm/arm-gnu-toolchain/bin/../lib/gcc/arm-none-eabi/4.9.3/../../../../arm-none-eabi/lib/armv7-m\libc.a(lib_a-vfiprintf.o)
 .text._vfiprintf_r
                0x00081320      0xc10 c:/program files (x86)/atmel/studio/7.0/toolchain/arm/arm-gnu-toolchain/bin/../lib/gcc/arm-none-eabi/4.9.3/../../../../arm-none-eabi/lib/armv7-m\libc.a(lib_a-vfiprintf.o)
                0x00081320                _vfiprintf_r
 .text.__sbprintf
                0x00081f30       0x7c c:/program files (x86)/atmel/studio/7.0/toolchain/arm/arm-gnu-toolchain/bin/../lib/gcc/arm-none-eabi/4.9.3/../../../../arm-none-eabi/lib/armv7-m\libc.a(lib_a-vfiprintf.o)
 .text.__swsetup_r
                0x00081fac       0xc4 c:/program files (x86)/atmel/studio/7.0/toolchain/arm/arm-gnu-toolchain/bin/../lib/gcc/arm-none-eabi/4.9.3/../../../../arm-none-eabi/lib/armv7-m\libc.a(lib_a-wsetup.o)
                0x00081fac                __swsetup_r
 .text.startup.register_fini
                0x00082070       0x14 c:/program files (x86)/atmel/studio/7.0/toolchain/arm/arm-gnu-toolchain/bin/../lib/gcc/arm-none-eabi/4.9.3/../../../../arm-none-eabi/lib/armv7-m\libc.a(lib_a-__call_atexit.o)
 .text.atexit   0x00082084        0xc c:/program files (x86)/atmel/studio/7.0/toolchain/arm/arm-gnu-toolchain/bin/../lib/gcc/arm-none-eabi/4.9.3/../../../../arm-none-eabi/lib/armv7-m\libc.a(lib_a-atexit.o)
                0x00082084                atexit
 .text.__sflush_r
                0x00082090      0x148 c:/program files (x86)/atmel/studio/7.0/toolchain/arm/arm-gnu-toolchain/bin/../lib/gcc/arm-none-eabi/4.9.3/../../../../arm-none-eabi/lib/armv7-m\libc.a(lib_a-fflush.o)
                0x00082090                __sflush_r
 .text._fflush_r
                0x000821d8       0x2c c:/program files (x86)/atmel/studio/7.0/toolchain/arm/arm-gnu-toolchain/bin/../lib/gcc/arm-none-eabi/4.9.3/../../../../arm-none-eabi/lib/armv7-m\libc.a(lib_a-fflush.o)
                0x000821d8                _fflush_r
 .text._cleanup_r
                0x00082204        0xc c:/program files (x86)/atmel/studio/7.0/toolchain/arm/arm-gnu-toolchain/bin/../lib/gcc/arm-none-eabi/4.9.3/../../../../arm-none-eabi/lib/armv7-m\libc.a(lib_a-findfp.o)
                0x00082204                _cleanup_r
 .text.__sinit.part.1
                0x00082210       0xf0 c:/program files (x86)/atmel/studio/7.0/toolchain/arm/arm-gnu-toolchain/bin/../lib/gcc/arm-none-eabi/4.9.3/../../../../arm-none-eabi/lib/armv7-m\libc.a(lib_a-findfp.o)
 .text.__sinit  0x00082300        0xc c:/program files (x86)/atmel/studio/7.0/toolchain/arm/arm-gnu-toolchain/bin/../lib/gcc/arm-none-eabi/4.9.3/../../../../arm-none-eabi/lib/armv7-m\libc.a(lib_a-findfp.o)
                0x00082300                __sinit
 .text.__sfp_lock_acquire
                0x0008230c        0x4 c:/program files (x86)/atmel/studio/7.0/toolchain/arm/arm-gnu-toolchain/bin/../lib/gcc/arm-none-eabi/4.9.3/../../../../arm-none-eabi/lib/armv7-m\libc.a(lib_a-findfp.o)
                0x0008230c                __sfp_lock_acquire
 .text.__sfp_lock_release
                0x00082310        0x4 c:/program files (x86)/atmel/studio/7.0/toolchain/arm/arm-gnu-toolchain/bin/../lib/gcc/arm-none-eabi/4.9.3/../../../../arm-none-eabi/lib/armv7-m\libc.a(lib_a-findfp.o)
                0x00082310                __sfp_lock_release
 .text.__libc_fini_array
                0x00082314       0x2c c:/program files (x86)/atmel/studio/7.0/toolchain/arm/arm-gnu-toolchain/bin/../lib/gcc/arm-none-eabi/4.9.3/../../../../arm-none-eabi/lib/armv7-m\libc.a(lib_a-fini.o)
                0x00082314                __libc_fini_array
 .text.__fputwc
                0x00082340       0xb0 c:/program files (x86)/atmel/studio/7.0/toolchain/arm/arm-gnu-toolchain/bin/../lib/gcc/arm-none-eabi/4.9.3/../../../../arm-none-eabi/lib/armv7-m\libc.a(lib_a-fputwc.o)
                0x00082340                __fputwc
 .text._fputwc_r
                0x000823f0       0x24 c:/program files (x86)/atmel/studio/7.0/toolchain/arm/arm-gnu-toolchain/bin/../lib/gcc/arm-none-eabi/4.9.3/../../../../arm-none-eabi/lib/armv7-m\libc.a(lib_a-fputwc.o)
                0x000823f0                _fputwc_r
 .text._malloc_trim_r
                0x00082414       0x9c c:/program files (x86)/atmel/studio/7.0/toolchain/arm/arm-gnu-toolchain/bin/../lib/gcc/arm-none-eabi/4.9.3/../../../../arm-none-eabi/lib/armv7-m\libc.a(lib_a-freer.o)
                0x00082414                _malloc_trim_r
 .text._free_r  0x000824b0      0x1b0 c:/program files (x86)/atmel/studio/7.0/toolchain/arm/arm-gnu-toolchain/bin/../lib/gcc/arm-none-eabi/4.9.3/../../../../arm-none-eabi/lib/armv7-m\libc.a(lib_a-freer.o)
                0x000824b0                _free_r
 .text.__sfvwrite_r
                0x00082660      0x320 c:/program files (x86)/atmel/studio/7.0/toolchain/arm/arm-gnu-toolchain/bin/../lib/gcc/arm-none-eabi/4.9.3/../../../../arm-none-eabi/lib/armv7-m\libc.a(lib_a-fvwrite.o)
                0x00082660                __sfvwrite_r
 .text._fwalk_reent
                0x00082980       0x50 c:/program files (x86)/atmel/studio/7.0/toolchain/arm/arm-gnu-toolchain/bin/../lib/gcc/arm-none-eabi/4.9.3/../../../../arm-none-eabi/lib/armv7-m\libc.a(lib_a-fwalk.o)
                0x00082980                _fwalk_reent
 .text.__locale_charset
                0x000829d0        0x8 c:/program files (x86)/atmel/studio/7.0/toolchain/arm/arm-gnu-toolchain/bin/../lib/gcc/arm-none-eabi/4.9.3/../../../../arm-none-eabi/lib/armv7-m\libc.a(lib_a-locale.o)
                0x000829d0                __locale_charset
 .text.__locale_mb_cur_max
                0x000829d8        0xc c:/program files (x86)/atmel/studio/7.0/toolchain/arm/arm-gnu-toolchain/bin/../lib/gcc/arm-none-eabi/4.9.3/../../../../arm-none-eabi/lib/armv7-m\libc.a(lib_a-locale.o)
                0x000829d8                __locale_mb_cur_max
 .text.__smakebuf_r
                0x000829e4       0xe0 c:/program files (x86)/atmel/studio/7.0/toolchain/arm/arm-gnu-toolchain/bin/../lib/gcc/arm-none-eabi/4.9.3/../../../../arm-none-eabi/lib/armv7-m\libc.a(lib_a-makebuf.o)
                0x000829e4                __smakebuf_r
 .text.malloc   0x00082ac4       0x10 c:/program files (x86)/atmel/studio/7.0/toolchain/arm/arm-gnu-toolchain/bin/../lib/gcc/arm-none-eabi/4.9.3/../../../../arm-none-eabi/lib/armv7-m\libc.a(lib_a-malloc.o)
                0x00082ac4                malloc
 .text._malloc_r
                0x00082ad4      0x50c c:/program files (x86)/atmel/studio/7.0/toolchain/arm/arm-gnu-toolchain/bin/../lib/gcc/arm-none-eabi/4.9.3/../../../../arm-none-eabi/lib/armv7-m\libc.a(lib_a-mallocr.o)
                0x00082ad4                _malloc_r
 .text.memchr   0x00082fe0       0x94 c:/program files (x86)/atmel/studio/7.0/toolchain/arm/arm-gnu-toolchain/bin/../lib/gcc/arm-none-eabi/4.9.3/../../../../arm-none-eabi/lib/armv7-m\libc.a(lib_a-memchr.o)
                0x00082fe0                memchr
 .text          0x00083074       0xec c:/program files (x86)/atmel/studio/7.0/toolchain/arm/arm-gnu-toolchain/bin/../lib/gcc/arm-none-eabi/4.9.3/../../../../arm-none-eabi/lib/armv7-m\libc.a(lib_a-memcpy.o)
                0x00083074                memcpy
 .text.memmove  0x00083160       0xc8 c:/program files (x86)/atmel/studio/7.0/toolchain/arm/arm-gnu-toolchain/bin/../lib/gcc/arm-none-eabi/4.9.3/../../../../arm-none-eabi/lib/armv7-m\libc.a(lib_a-memmove.o)
                0x00083160                memmove
 .text.__malloc_lock
                0x00083228        0x4 c:/program files (x86)/atmel/studio/7.0/toolchain/arm/arm-gnu-toolchain/bin/../lib/gcc/arm-none-eabi/4.9.3/../../../../arm-none-eabi/lib/armv7-m\libc.a(lib_a-mlock.o)
                0x00083228                __malloc_lock
 .text.__malloc_unlock
                0x0008322c        0x4 c:/program files (x86)/atmel/studio/7.0/toolchain/arm/arm-gnu-toolchain/bin/../lib/gcc/arm-none-eabi/4.9.3/../../../../arm-none-eabi/lib/armv7-m\libc.a(lib_a-mlock.o)
                0x0008322c                __malloc_unlock
 .text._realloc_r
                0x00083230      0x3e0 c:/program files (x86)/atmel/studio/7.0/toolchain/arm/arm-gnu-toolchain/bin/../lib/gcc/arm-none-eabi/4.9.3/../../../../arm-none-eabi/lib/armv7-m\libc.a(lib_a-reallocr.o)
                0x00083230                _realloc_r
 .text._sbrk_r  0x00083610       0x24 c:/program files (x86)/atmel/studio/7.0/toolchain/arm/arm-gnu-toolchain/bin/../lib/gcc/arm-none-eabi/4.9.3/../../../../arm-none-eabi/lib/armv7-m\libc.a(lib_a-sbrkr.o)
                0x00083610                _sbrk_r
 .text.__sread  0x00083634       0x24 c:/program files (x86)/atmel/studio/7.0/toolchain/arm/arm-gnu-toolchain/bin/../lib/gcc/arm-none-eabi/4.9.3/../../../../arm-none-eabi/lib/armv7-m\libc.a(lib_a-stdio.o)
                0x00083634                __sread
 .text.__swrite
                0x00083658       0x38 c:/program files (x86)/atmel/studio/7.0/toolchain/arm/arm-gnu-toolchain/bin/../lib/gcc/arm-none-eabi/4.9.3/../../../../arm-none-eabi/lib/armv7-m\libc.a(lib_a-stdio.o)
                0x00083658                __swrite
 .text.__sseek  0x00083690       0x20 c:/program files (x86)/atmel/studio/7.0/toolchain/arm/arm-gnu-toolchain/bin/../lib/gcc/arm-none-eabi/4.9.3/../../../../arm-none-eabi/lib/armv7-m\libc.a(lib_a-stdio.o)
                0x00083690                __sseek
 .text.__sclose
                0x000836b0        0x8 c:/program files (x86)/atmel/studio/7.0/toolchain/arm/arm-gnu-toolchain/bin/../lib/gcc/arm-none-eabi/4.9.3/../../../../arm-none-eabi/lib/armv7-m\libc.a(lib_a-stdio.o)
                0x000836b0                __sclose
 .text.strlen   0x000836b8       0x5c c:/program files (x86)/atmel/studio/7.0/toolchain/arm/arm-gnu-toolchain/bin/../lib/gcc/arm-none-eabi/4.9.3/../../../../arm-none-eabi/lib/armv7-m\libc.a(lib_a-strlen.o)
                0x000836b8                strlen
 .text.__swbuf_r
                0x00083714       0xa8 c:/program files (x86)/atmel/studio/7.0/toolchain/arm/arm-gnu-toolchain/bin/../lib/gcc/arm-none-eabi/4.9.3/../../../../arm-none-eabi/lib/armv7-m\libc.a(lib_a-wbuf.o)
                0x00083714                __swbuf_r
 .text._wcrtomb_r
                0x000837bc       0x54 c:/program files (x86)/atmel/studio/7.0/toolchain/arm/arm-gnu-toolchain/bin/../lib/gcc/arm-none-eabi/4.9.3/../../../../arm-none-eabi/lib/armv7-m\libc.a(lib_a-wcrtomb.o)
                0x000837bc                _wcrtomb_r
 .text.__ascii_wctomb
                0x00083810       0x1c c:/program files (x86)/atmel/studio/7.0/toolchain/arm/arm-gnu-toolchain/bin/../lib/gcc/arm-none-eabi/4.9.3/../../../../arm-none-eabi/lib/armv7-m\libc.a(lib_a-wctomb_r.o)
                0x00083810                __ascii_wctomb
 .text._write_r
                0x0008382c       0x28 c:/program files (x86)/atmel/studio/7.0/toolchain/arm/arm-gnu-toolchain/bin/../lib/gcc/arm-none-eabi/4.9.3/../../../../arm-none-eabi/lib/armv7-m\libc.a(lib_a-writer.o)
                0x0008382c                _write_r
 .text.__register_exitproc
                0x00083854       0xa4 c:/program files (x86)/atmel/studio/7.0/toolchain/arm/arm-gnu-toolchain/bin/../lib/gcc/arm-none-eabi/4.9.3/../../../../arm-none-eabi/lib/armv7-m\libc.a(lib_a-__atexit.o)
                0x00083854                __register_exitproc
 .text._close_r
                0x000838f8       0x24 c:/program files (x86)/atmel/studio/7.0/toolchain/arm/arm-gnu-toolchain/bin/../lib/gcc/arm-none-eabi/4.9.3/../../../../arm-none-eabi/lib/armv7-m\libc.a(lib_a-closer.o)
                0x000838f8                _close_r
 .text._fclose_r
                0x0008391c       0x84 c:/program files (x86)/atmel/studio/7.0/toolchain/arm/arm-gnu-toolchain/bin/../lib/gcc/arm-none-eabi/4.9.3/../../../../arm-none-eabi/lib/armv7-m\libc.a(lib_a-fclose.o)
                0x0008391c                _fclose_r
 .text._fstat_r
                0x000839a0       0x28 c:/program files (x86)/atmel/studio/7.0/toolchain/arm/arm-gnu-toolchain/bin/../lib/gcc/arm-none-eabi/4.9.3/../../../../arm-none-eabi/lib/armv7-m\libc.a(lib_a-fstatr.o)
                0x000839a0                _fstat_r
 .text._isatty_r
                0x000839c8       0x24 c:/program files (x86)/atmel/studio/7.0/toolchain/arm/arm-gnu-toolchain/bin/../lib/gcc/arm-none-eabi/4.9.3/../../../../arm-none-eabi/lib/armv7-m\libc.a(lib_a-isattyr.o)
                0x000839c8                _isatty_r
 .text._lseek_r
                0x000839ec       0x28 c:/program files (x86)/atmel/studio/7.0/toolchain/arm/arm-gnu-toolchain/bin/../lib/gcc/arm-none-eabi/4.9.3/../../../../arm-none-eabi/lib/armv7-m\libc.a(lib_a-lseekr.o)
                0x000839ec                _lseek_r
 .text._read_r  0x00083a14       0x28 c:/program files (x86)/atmel/studio/7.0/toolchain/arm/arm-gnu-toolchain/bin/../lib/gcc/arm-none-eabi/4.9.3/../../../../arm-none-eabi/lib/armv7-m\libc.a(lib_a-readr.o)
                0x00083a14                _read_r
 .text          0x00083a3c       0x30 c:/program files (x86)/atmel/studio/7.0/toolchain/arm/arm-gnu-toolchain/bin/../lib/gcc/arm-none-eabi/4.9.3/armv7-m\libgcc.a(_aeabi_uldivmod.o)
                0x00083a3c                __aeabi_uldivmod
 .text          0x00083a6c       0x60 c:/program files (x86)/atmel/studio/7.0/toolchain/arm/arm-gnu-toolchain/bin/../lib/gcc/arm-none-eabi/4.9.3/armv7-m\libgcc.a(bpabi.o)
                0x00083a6c                __gnu_ldivmod_helper
                0x00083a9c                __gnu_uldivmod_helper
 .text          0x00083acc        0x4 c:/program files (x86)/atmel/studio/7.0/toolchain/arm/arm-gnu-toolchain/bin/../lib/gcc/arm-none-eabi/4.9.3/armv7-m\libgcc.a(_dvmd_tls.o)
                0x00083acc                __aeabi_idiv0
                0x00083acc                __aeabi_ldiv0
 .text          0x00083ad0      0x2ac c:/program files (x86)/atmel/studio/7.0/toolchain/arm/arm-gnu-toolchain/bin/../lib/gcc/arm-none-eabi/4.9.3/armv7-m\libgcc.a(_divdi3.o)
                0x00083ad0                __divdi3
 .text          0x00083d7c      0x270 c:/program files (x86)/atmel/studio/7.0/toolchain/arm/arm-gnu-toolchain/bin/../lib/gcc/arm-none-eabi/4.9.3/armv7-m\libgcc.a(_udivdi3.o)
                0x00083d7c                __udivdi3
 *(.glue_7t)
 .glue_7t       0x00000000        0x0 linker stubs
 *(.glue_7)
 .glue_7        0x00000000        0x0 linker stubs
 *(.rodata .rodata* .gnu.linkonce.r.*)
 .rodata.str1.4
                0x00083fec       0x1f src/drivers/console_driver.o
 *fill*         0x0008400b        0x1 
 .rodata.str1.4
                0x0008400c        0xc src/main.o
 .rodata.str1.4
                0x00084018        0x2 c:/program files (x86)/atmel/studio/7.0/toolchain/arm/arm-gnu-toolchain/bin/../lib/gcc/arm-none-eabi/4.9.3/../../../../arm-none-eabi/lib/armv7-m\libc.a(lib_a-impure.o)
 *fill*         0x0008401a        0x2 
 .rodata._global_impure_ptr
                0x0008401c        0x4 c:/program files (x86)/atmel/studio/7.0/toolchain/arm/arm-gnu-toolchain/bin/../lib/gcc/arm-none-eabi/4.9.3/../../../../arm-none-eabi/lib/armv7-m\libc.a(lib_a-impure.o)
                0x0008401c                _global_impure_ptr
 .rodata.zeroes.6869
                0x00084020       0x10 c:/program files (x86)/atmel/studio/7.0/toolchain/arm/arm-gnu-toolchain/bin/../lib/gcc/arm-none-eabi/4.9.3/../../../../arm-none-eabi/lib/armv7-m\libc.a(lib_a-vfiprintf.o)
 .rodata.str1.4
                0x00084030       0x30 c:/program files (x86)/atmel/studio/7.0/toolchain/arm/arm-gnu-toolchain/bin/../lib/gcc/arm-none-eabi/4.9.3/../../../../arm-none-eabi/lib/armv7-m\libc.a(lib_a-vfiprintf.o)
                                 0x2f (size before relaxing)
 .rodata.blanks.6868
                0x00084060       0x10 c:/program files (x86)/atmel/studio/7.0/toolchain/arm/arm-gnu-toolchain/bin/../lib/gcc/arm-none-eabi/4.9.3/../../../../arm-none-eabi/lib/armv7-m\libc.a(lib_a-vfiprintf.o)
 *(.ARM.extab* .gnu.linkonce.armextab.*)
                0x00084070                . = ALIGN (0x4)
 *(.init)
 .init          0x00084070        0x4 c:/program files (x86)/atmel/studio/7.0/toolchain/arm/arm-gnu-toolchain/bin/../lib/gcc/arm-none-eabi/4.9.3/armv7-m/crti.o
                0x00084070                _init
 .init          0x00084074        0x8 c:/program files (x86)/atmel/studio/7.0/toolchain/arm/arm-gnu-toolchain/bin/../lib/gcc/arm-none-eabi/4.9.3/armv7-m/crtn.o
                0x0008407c                . = ALIGN (0x4)
                0x0008407c                __preinit_array_start = .
 *(.preinit_array)
                0x0008407c                __preinit_array_end = .
                0x0008407c                . = ALIGN (0x4)
                0x0008407c                __init_array_start = .
 *(SORT(.init_array.*))
 .init_array.00000
                0x0008407c        0x4 c:/program files (x86)/atmel/studio/7.0/toolchain/arm/arm-gnu-toolchain/bin/../lib/gcc/arm-none-eabi/4.9.3/../../../../arm-none-eabi/lib/armv7-m\libc.a(lib_a-__call_atexit.o)
 *(.init_array)
 .init_array    0x00084080        0x4 c:/program files (x86)/atmel/studio/7.0/toolchain/arm/arm-gnu-toolchain/bin/../lib/gcc/arm-none-eabi/4.9.3/armv7-m/crtbegin.o
                0x00084084                __init_array_end = .
                0x00084084                . = ALIGN (0x4)
 *crtbegin.o(.ctors)
 *(EXCLUDE_FILE(*crtend.o) .ctors)
 *(SORT(.ctors.*))
 *crtend.o(.ctors)
                0x00084084                . = ALIGN (0x4)
 *(.fini)
 .fini          0x00084084        0x4 c:/program files (x86)/atmel/studio/7.0/toolchain/arm/arm-gnu-toolchain/bin/../lib/gcc/arm-none-eabi/4.9.3/armv7-m/crti.o
                0x00084084                _fini
 .fini          0x00084088        0x8 c:/program files (x86)/atmel/studio/7.0/toolchain/arm/arm-gnu-toolchain/bin/../lib/gcc/arm-none-eabi/4.9.3/armv7-m/crtn.o
                0x00084090                . = ALIGN (0x4)
                0x00084090                __fini_array_start = .
 *(.fini_array)
 .fini_array    0x00084090        0x4 c:/program files (x86)/atmel/studio/7.0/toolchain/arm/arm-gnu-toolchain/bin/../lib/gcc/arm-none-eabi/4.9.3/armv7-m/crtbegin.o
 *(SORT(.fini_array.*))
                0x00084094                __fini_array_end = .
 *crtbegin.o(.dtors)
 *(EXCLUDE_FILE(*crtend.o) .dtors)
 *(SORT(.dtors.*))
 *crtend.o(.dtors)
                0x00084094                . = ALIGN (0x4)
                0x00084094                _efixed = .
                0x00084094                PROVIDE (__exidx_start, .)

.vfp11_veneer   0x00084094        0x0
 .vfp11_veneer  0x00000000        0x0 linker stubs

.v4_bx          0x00084094        0x0
 .v4_bx         0x00000000        0x0 linker stubs

.iplt           0x00084094        0x0
 .iplt          0x00000000        0x0 c:/program files (x86)/atmel/studio/7.0/toolchain/arm/arm-gnu-toolchain/bin/../lib/gcc/arm-none-eabi/4.9.3/armv7-m/crtbegin.o

.ARM.exidx      0x00084094        0x8
 *(.ARM.exidx* .gnu.linkonce.armexidx.*)
 .ARM.exidx     0x00084094        0x8 c:/program files (x86)/atmel/studio/7.0/toolchain/arm/arm-gnu-toolchain/bin/../lib/gcc/arm-none-eabi/4.9.3/armv7-m\libgcc.a(_divdi3.o)
 .ARM.exidx     0x0008409c        0x0 c:/program files (x86)/atmel/studio/7.0/toolchain/arm/arm-gnu-toolchain/bin/../lib/gcc/arm-none-eabi/4.9.3/armv7-m\libgcc.a(_udivdi3.o)
                                  0x8 (size before relaxing)
                0x0008409c                PROVIDE (__exidx_end, .)

.eh_frame       0x0008409c        0x0
 .eh_frame      0x0008409c        0x0 c:/program files (x86)/atmel/studio/7.0/toolchain/arm/arm-gnu-toolchain/bin/../lib/gcc/arm-none-eabi/4.9.3/armv7-m/crtbegin.o

.rel.dyn        0x0008409c        0x0
 .rel.iplt      0x00000000        0x0 c:/program files (x86)/atmel/studio/7.0/toolchain/arm/arm-gnu-toolchain/bin/../lib/gcc/arm-none-eabi/4.9.3/armv7-m/crtbegin.o

.jcr            0x0008409c        0x0
 .jcr           0x0008409c        0x0 c:/program files (x86)/atmel/studio/7.0/toolchain/arm/arm-gnu-toolchain/bin/../lib/gcc/arm-none-eabi/4.9.3/armv7-m/crtbegin.o

.igot.plt       0x0008409c        0x0
 .igot.plt      0x00000000        0x0 c:/program files (x86)/atmel/studio/7.0/toolchain/arm/arm-gnu-toolchain/bin/../lib/gcc/arm-none-eabi/4.9.3/armv7-m/crtbegin.o
                0x0008409c                . = ALIGN (0x4)
                0x0008409c                _etext = .

.relocate       0x20070000      0x9dc load address 0x0008409c
                0x20070000                . = ALIGN (0x4)
                0x20070000                _srelocate = .
 *(.ramfunc .ramfunc.*)
 .ramfunc       0x20070000      0x12c src/ASF/sam/utils/cmsis/sam3x/source/templates/system_sam3x.o
                0x20070000                SystemInit
                0x200700a4                system_init_flash
 *(.data .data.*)
 .data.pin_table
                0x2007012c       0x42 src/pin_mapper.o
                0x2007012c                pin_table
 .data.g_interrupt_enabled
                0x2007016e        0x1 src/ASF/common/utils/interrupt/interrupt_sam_nvic.o
                0x2007016e                g_interrupt_enabled
 *fill*         0x2007016f        0x1 
 .data.SystemCoreClock
                0x20070170        0x4 src/ASF/sam/utils/cmsis/sam3x/source/templates/system_sam3x.o
                0x20070170                SystemCoreClock
 *fill*         0x20070174        0x4 
 .data.impure_data
                0x20070178      0x428 c:/program files (x86)/atmel/studio/7.0/toolchain/arm/arm-gnu-toolchain/bin/../lib/gcc/arm-none-eabi/4.9.3/../../../../arm-none-eabi/lib/armv7-m\libc.a(lib_a-impure.o)
 .data._impure_ptr
                0x200705a0        0x4 c:/program files (x86)/atmel/studio/7.0/toolchain/arm/arm-gnu-toolchain/bin/../lib/gcc/arm-none-eabi/4.9.3/../../../../arm-none-eabi/lib/armv7-m\libc.a(lib_a-impure.o)
                0x200705a0                _impure_ptr
 .data.lc_ctype_charset
                0x200705a4       0x20 c:/program files (x86)/atmel/studio/7.0/toolchain/arm/arm-gnu-toolchain/bin/../lib/gcc/arm-none-eabi/4.9.3/../../../../arm-none-eabi/lib/armv7-m\libc.a(lib_a-locale.o)
 .data.__mb_cur_max
                0x200705c4        0x4 c:/program files (x86)/atmel/studio/7.0/toolchain/arm/arm-gnu-toolchain/bin/../lib/gcc/arm-none-eabi/4.9.3/../../../../arm-none-eabi/lib/armv7-m\libc.a(lib_a-locale.o)
                0x200705c4                __mb_cur_max
 .data.__malloc_av_
                0x200705c8      0x408 c:/program files (x86)/atmel/studio/7.0/toolchain/arm/arm-gnu-toolchain/bin/../lib/gcc/arm-none-eabi/4.9.3/../../../../arm-none-eabi/lib/armv7-m\libc.a(lib_a-mallocr.o)
                0x200705c8                __malloc_av_
 .data.__malloc_trim_threshold
                0x200709d0        0x4 c:/program files (x86)/atmel/studio/7.0/toolchain/arm/arm-gnu-toolchain/bin/../lib/gcc/arm-none-eabi/4.9.3/../../../../arm-none-eabi/lib/armv7-m\libc.a(lib_a-mallocr.o)
                0x200709d0                __malloc_trim_threshold
 .data.__malloc_sbrk_base
                0x200709d4        0x4 c:/program files (x86)/atmel/studio/7.0/toolchain/arm/arm-gnu-toolchain/bin/../lib/gcc/arm-none-eabi/4.9.3/../../../../arm-none-eabi/lib/armv7-m\libc.a(lib_a-mallocr.o)
                0x200709d4                __malloc_sbrk_base
 .data.__wctomb
                0x200709d8        0x4 c:/program files (x86)/atmel/studio/7.0/toolchain/arm/arm-gnu-toolchain/bin/../lib/gcc/arm-none-eabi/4.9.3/../../../../arm-none-eabi/lib/armv7-m\libc.a(lib_a-wctomb_r.o)
                0x200709d8                __wctomb
                0x200709dc                . = ALIGN (0x4)
                0x200709dc                _erelocate = .

.bss            0x200709dc      0x17c load address 0x00084a78
                0x200709dc                . = ALIGN (0x4)
                0x200709dc                _sbss = .
                0x200709dc                _szero = .
 *(.bss .bss.*)
 .bss           0x200709dc       0x1c c:/program files (x86)/atmel/studio/7.0/toolchain/arm/arm-gnu-toolchain/bin/../lib/gcc/arm-none-eabi/4.9.3/armv7-m/crtbegin.o
 .bss.serial_rx_buf
                0x200709f8       0x9c src/ASF/thirdparty/wireless/addons/sio2host/uart/sio2host.o
 .bss.serial_rx_buf_tail
                0x20070a94        0x1 src/ASF/thirdparty/wireless/addons/sio2host/uart/sio2host.o
 *fill*         0x20070a95        0x3 
 .bss.last_sample
                0x20070a98        0x4 src/drivers/hcsr04.o
 .bss.gs_ul_nb_sources
                0x20070a9c        0x4 src/ASF/sam/drivers/pio/pio_handler.o
 .bss.gs_interrupt_sources
                0x20070aa0       0x70 src/ASF/sam/drivers/pio/pio_handler.o
 .bss.heap.5212
                0x20070b10        0x4 src/ASF/sam/utils/syscalls/gcc/syscalls.o
 .bss.__malloc_max_total_mem
                0x20070b14        0x4 c:/program files (x86)/atmel/studio/7.0/toolchain/arm/arm-gnu-toolchain/bin/../lib/gcc/arm-none-eabi/4.9.3/../../../../arm-none-eabi/lib/armv7-m\libc.a(lib_a-mallocr.o)
                0x20070b14                __malloc_max_total_mem
 .bss.__malloc_max_sbrked_mem
                0x20070b18        0x4 c:/program files (x86)/atmel/studio/7.0/toolchain/arm/arm-gnu-toolchain/bin/../lib/gcc/arm-none-eabi/4.9.3/../../../../arm-none-eabi/lib/armv7-m\libc.a(lib_a-mallocr.o)
                0x20070b18                __malloc_max_sbrked_mem
 .bss.__malloc_top_pad
                0x20070b1c        0x4 c:/program files (x86)/atmel/studio/7.0/toolchain/arm/arm-gnu-toolchain/bin/../lib/gcc/arm-none-eabi/4.9.3/../../../../arm-none-eabi/lib/armv7-m\libc.a(lib_a-mallocr.o)
                0x20070b1c                __malloc_top_pad
 .bss.__malloc_current_mallinfo
                0x20070b20       0x28 c:/program files (x86)/atmel/studio/7.0/toolchain/arm/arm-gnu-toolchain/bin/../lib/gcc/arm-none-eabi/4.9.3/../../../../arm-none-eabi/lib/armv7-m\libc.a(lib_a-mallocr.o)
                0x20070b20                __malloc_current_mallinfo
 *(COMMON)
 COMMON         0x20070b48        0x4 src/ASF/common/utils/stdio/read.o
                0x20070b48                ptr_get
 COMMON         0x20070b4c        0x8 src/ASF/common/utils/stdio/write.o
                0x20070b4c                ptr_put
                0x20070b50                stdio_base
 COMMON         0x20070b54        0x4 c:/program files (x86)/atmel/studio/7.0/toolchain/arm/arm-gnu-toolchain/bin/../lib/gcc/arm-none-eabi/4.9.3/../../../../arm-none-eabi/lib/armv7-m\libc.a(lib_a-reent.o)
                0x20070b54                errno
                0x20070b58                . = ALIGN (0x4)
                0x20070b58                _ebss = .
                0x20070b58                _ezero = .

.stack          0x20070b58     0x2000 load address 0x00084bf4
                0x20070b58                . = ALIGN (0x8)
                0x20070b58                _sstack = .
                0x20072b58                . = (. + __stack_size__)
 *fill*         0x20070b58     0x2000 
                0x20072b58                . = ALIGN (0x8)
                0x20072b58                _estack = .
                0x20072b58                . = ALIGN (0x4)
                0x20072b58                _end = .
OUTPUT(Sensor.elf elf32-littlearm)

.ARM.attributes
                0x00000000       0x29
 .ARM.attributes
                0x00000000       0x1d c:/program files (x86)/atmel/studio/7.0/toolchain/arm/arm-gnu-toolchain/bin/../lib/gcc/arm-none-eabi/4.9.3/armv7-m/crti.o
 .ARM.attributes
                0x0000001d       0x2d c:/program files (x86)/atmel/studio/7.0/toolchain/arm/arm-gnu-toolchain/bin/../lib/gcc/arm-none-eabi/4.9.3/armv7-m/crtbegin.o
 .ARM.attributes
                0x0000004a       0x33 src/ASF/common/utils/stdio/read.o
 .ARM.attributes
                0x0000007d       0x33 src/ASF/sam/drivers/usart/usart.o
 .ARM.attributes
                0x000000b0       0x33 src/ASF/thirdparty/wireless/addons/sio2host/uart/sio2host.o
 .ARM.attributes
                0x000000e3       0x33 src/drivers/console_driver.o
 .ARM.attributes
                0x00000116       0x33 src/drivers/delay.o
 .ARM.attributes
                0x00000149       0x33 src/drivers/hcsr04.o
 .ARM.attributes
                0x0000017c       0x33 src/pin_mapper.o
 .ARM.attributes
                0x000001af       0x33 src/ASF/common/utils/stdio/write.o
 .ARM.attributes
                0x000001e2       0x33 src/ASF/common/services/serial/usart_serial.o
 .ARM.attributes
                0x00000215       0x33 src/ASF/sam/drivers/tc/tc.o
 .ARM.attributes
                0x00000248       0x33 src/ASF/sam/drivers/uart/uart.o
 .ARM.attributes
                0x0000027b       0x33 src/ASF/common/services/clock/sam3x/sysclk.o
 .ARM.attributes
                0x000002ae       0x33 src/ASF/common/utils/interrupt/interrupt_sam_nvic.o
 .ARM.attributes
                0x000002e1       0x33 src/ASF/sam/boards/arduino_due_x/init.o
 .ARM.attributes
                0x00000314       0x33 src/ASF/sam/drivers/pio/pio.o
 .ARM.attributes
                0x00000347       0x33 src/ASF/sam/drivers/pio/pio_handler.o
 .ARM.attributes
                0x0000037a       0x33 src/ASF/sam/drivers/pmc/pmc.o
 .ARM.attributes
                0x000003ad       0x33 src/ASF/sam/utils/cmsis/sam3x/source/templates/exceptions.o
 .ARM.attributes
                0x000003e0       0x33 src/ASF/sam/utils/cmsis/sam3x/source/templates/gcc/startup_sam3x.o
 .ARM.attributes
                0x00000413       0x33 src/ASF/sam/utils/cmsis/sam3x/source/templates/system_sam3x.o
 .ARM.attributes
                0x00000446       0x33 src/ASF/sam/utils/syscalls/gcc/syscalls.o
 .ARM.attributes
                0x00000479       0x33 src/main.o
 .ARM.attributes
                0x000004ac       0x2d c:/program files (x86)/atmel/studio/7.0/toolchain/arm/arm-gnu-toolchain/bin/../lib/gcc/arm-none-eabi/4.9.3/../../../../arm-none-eabi/lib/armv7-m\libc.a(lib_a-impure.o)
 .ARM.attributes
                0x000004d9       0x2d c:/program files (x86)/atmel/studio/7.0/toolchain/arm/arm-gnu-toolchain/bin/../lib/gcc/arm-none-eabi/4.9.3/../../../../arm-none-eabi/lib/armv7-m\libc.a(lib_a-init.o)
 .ARM.attributes
                0x00000506       0x2d c:/program files (x86)/atmel/studio/7.0/toolchain/arm/arm-gnu-toolchain/bin/../lib/gcc/arm-none-eabi/4.9.3/../../../../arm-none-eabi/lib/armv7-m\libc.a(lib_a-iprintf.o)
 .ARM.attributes
                0x00000533       0x2d c:/program files (x86)/atmel/studio/7.0/toolchain/arm/arm-gnu-toolchain/bin/../lib/gcc/arm-none-eabi/4.9.3/../../../../arm-none-eabi/lib/armv7-m\libc.a(lib_a-memset.o)
 .ARM.attributes
                0x00000560       0x2d c:/program files (x86)/atmel/studio/7.0/toolchain/arm/arm-gnu-toolchain/bin/../lib/gcc/arm-none-eabi/4.9.3/../../../../arm-none-eabi/lib/armv7-m\libc.a(lib_a-setbuf.o)
 .ARM.attributes
                0x0000058d       0x2d c:/program files (x86)/atmel/studio/7.0/toolchain/arm/arm-gnu-toolchain/bin/../lib/gcc/arm-none-eabi/4.9.3/../../../../arm-none-eabi/lib/armv7-m\libc.a(lib_a-setvbuf.o)
 .ARM.attributes
                0x000005ba       0x2d c:/program files (x86)/atmel/studio/7.0/toolchain/arm/arm-gnu-toolchain/bin/../lib/gcc/arm-none-eabi/4.9.3/../../../../arm-none-eabi/lib/armv7-m\libc.a(lib_a-vfiprintf.o)
 .ARM.attributes
                0x000005e7       0x2d c:/program files (x86)/atmel/studio/7.0/toolchain/arm/arm-gnu-toolchain/bin/../lib/gcc/arm-none-eabi/4.9.3/../../../../arm-none-eabi/lib/armv7-m\libc.a(lib_a-wsetup.o)
 .ARM.attributes
                0x00000614       0x2d c:/program files (x86)/atmel/studio/7.0/toolchain/arm/arm-gnu-toolchain/bin/../lib/gcc/arm-none-eabi/4.9.3/../../../../arm-none-eabi/lib/armv7-m\libc.a(lib_a-__call_atexit.o)
 .ARM.attributes
                0x00000641       0x2d c:/program files (x86)/atmel/studio/7.0/toolchain/arm/arm-gnu-toolchain/bin/../lib/gcc/arm-none-eabi/4.9.3/../../../../arm-none-eabi/lib/armv7-m\libc.a(lib_a-atexit.o)
 .ARM.attributes
                0x0000066e       0x2d c:/program files (x86)/atmel/studio/7.0/toolchain/arm/arm-gnu-toolchain/bin/../lib/gcc/arm-none-eabi/4.9.3/../../../../arm-none-eabi/lib/armv7-m\libc.a(lib_a-fflush.o)
 .ARM.attributes
                0x0000069b       0x2d c:/program files (x86)/atmel/studio/7.0/toolchain/arm/arm-gnu-toolchain/bin/../lib/gcc/arm-none-eabi/4.9.3/../../../../arm-none-eabi/lib/armv7-m\libc.a(lib_a-findfp.o)
 .ARM.attributes
                0x000006c8       0x2d c:/program files (x86)/atmel/studio/7.0/toolchain/arm/arm-gnu-toolchain/bin/../lib/gcc/arm-none-eabi/4.9.3/../../../../arm-none-eabi/lib/armv7-m\libc.a(lib_a-fini.o)
 .ARM.attributes
                0x000006f5       0x2d c:/program files (x86)/atmel/studio/7.0/toolchain/arm/arm-gnu-toolchain/bin/../lib/gcc/arm-none-eabi/4.9.3/../../../../arm-none-eabi/lib/armv7-m\libc.a(lib_a-fputwc.o)
 .ARM.attributes
                0x00000722       0x2d c:/program files (x86)/atmel/studio/7.0/toolchain/arm/arm-gnu-toolchain/bin/../lib/gcc/arm-none-eabi/4.9.3/../../../../arm-none-eabi/lib/armv7-m\libc.a(lib_a-freer.o)
 .ARM.attributes
                0x0000074f       0x2d c:/program files (x86)/atmel/studio/7.0/toolchain/arm/arm-gnu-toolchain/bin/../lib/gcc/arm-none-eabi/4.9.3/../../../../arm-none-eabi/lib/armv7-m\libc.a(lib_a-fvwrite.o)
 .ARM.attributes
                0x0000077c       0x2d c:/program files (x86)/atmel/studio/7.0/toolchain/arm/arm-gnu-toolchain/bin/../lib/gcc/arm-none-eabi/4.9.3/../../../../arm-none-eabi/lib/armv7-m\libc.a(lib_a-fwalk.o)
 .ARM.attributes
                0x000007a9       0x2d c:/program files (x86)/atmel/studio/7.0/toolchain/arm/arm-gnu-toolchain/bin/../lib/gcc/arm-none-eabi/4.9.3/../../../../arm-none-eabi/lib/armv7-m\libc.a(lib_a-locale.o)
 .ARM.attributes
                0x000007d6       0x2d c:/program files (x86)/atmel/studio/7.0/toolchain/arm/arm-gnu-toolchain/bin/../lib/gcc/arm-none-eabi/4.9.3/../../../../arm-none-eabi/lib/armv7-m\libc.a(lib_a-makebuf.o)
 .ARM.attributes
                0x00000803       0x2d c:/program files (x86)/atmel/studio/7.0/toolchain/arm/arm-gnu-toolchain/bin/../lib/gcc/arm-none-eabi/4.9.3/../../../../arm-none-eabi/lib/armv7-m\libc.a(lib_a-malloc.o)
 .ARM.attributes
                0x00000830       0x2d c:/program files (x86)/atmel/studio/7.0/toolchain/arm/arm-gnu-toolchain/bin/../lib/gcc/arm-none-eabi/4.9.3/../../../../arm-none-eabi/lib/armv7-m\libc.a(lib_a-mallocr.o)
 .ARM.attributes
                0x0000085d       0x2d c:/program files (x86)/atmel/studio/7.0/toolchain/arm/arm-gnu-toolchain/bin/../lib/gcc/arm-none-eabi/4.9.3/../../../../arm-none-eabi/lib/armv7-m\libc.a(lib_a-memchr.o)
 .ARM.attributes
                0x0000088a       0x1b c:/program files (x86)/atmel/studio/7.0/toolchain/arm/arm-gnu-toolchain/bin/../lib/gcc/arm-none-eabi/4.9.3/../../../../arm-none-eabi/lib/armv7-m\libc.a(lib_a-memcpy.o)
 .ARM.attributes
                0x000008a5       0x2d c:/program files (x86)/atmel/studio/7.0/toolchain/arm/arm-gnu-toolchain/bin/../lib/gcc/arm-none-eabi/4.9.3/../../../../arm-none-eabi/lib/armv7-m\libc.a(lib_a-memmove.o)
 .ARM.attributes
                0x000008d2       0x2d c:/program files (x86)/atmel/studio/7.0/toolchain/arm/arm-gnu-toolchain/bin/../lib/gcc/arm-none-eabi/4.9.3/../../../../arm-none-eabi/lib/armv7-m\libc.a(lib_a-mlock.o)
 .ARM.attributes
                0x000008ff       0x2d c:/program files (x86)/atmel/studio/7.0/toolchain/arm/arm-gnu-toolchain/bin/../lib/gcc/arm-none-eabi/4.9.3/../../../../arm-none-eabi/lib/armv7-m\libc.a(lib_a-reallocr.o)
 .ARM.attributes
                0x0000092c       0x2d c:/program files (x86)/atmel/studio/7.0/toolchain/arm/arm-gnu-toolchain/bin/../lib/gcc/arm-none-eabi/4.9.3/../../../../arm-none-eabi/lib/armv7-m\libc.a(lib_a-sbrkr.o)
 .ARM.attributes
                0x00000959       0x2d c:/program files (x86)/atmel/studio/7.0/toolchain/arm/arm-gnu-toolchain/bin/../lib/gcc/arm-none-eabi/4.9.3/../../../../arm-none-eabi/lib/armv7-m\libc.a(lib_a-stdio.o)
 .ARM.attributes
                0x00000986       0x2d c:/program files (x86)/atmel/studio/7.0/toolchain/arm/arm-gnu-toolchain/bin/../lib/gcc/arm-none-eabi/4.9.3/../../../../arm-none-eabi/lib/armv7-m\libc.a(lib_a-strlen.o)
 .ARM.attributes
                0x000009b3       0x2d c:/program files (x86)/atmel/studio/7.0/toolchain/arm/arm-gnu-toolchain/bin/../lib/gcc/arm-none-eabi/4.9.3/../../../../arm-none-eabi/lib/armv7-m\libc.a(lib_a-wbuf.o)
 .ARM.attributes
                0x000009e0       0x2d c:/program files (x86)/atmel/studio/7.0/toolchain/arm/arm-gnu-toolchain/bin/../lib/gcc/arm-none-eabi/4.9.3/../../../../arm-none-eabi/lib/armv7-m\libc.a(lib_a-wcrtomb.o)
 .ARM.attributes
                0x00000a0d       0x2d c:/program files (x86)/atmel/studio/7.0/toolchain/arm/arm-gnu-toolchain/bin/../lib/gcc/arm-none-eabi/4.9.3/../../../../arm-none-eabi/lib/armv7-m\libc.a(lib_a-wctomb_r.o)
 .ARM.attributes
                0x00000a3a       0x2d c:/program files (x86)/atmel/studio/7.0/toolchain/arm/arm-gnu-toolchain/bin/../lib/gcc/arm-none-eabi/4.9.3/../../../../arm-none-eabi/lib/armv7-m\libc.a(lib_a-writer.o)
 .ARM.attributes
                0x00000a67       0x2d c:/program files (x86)/atmel/studio/7.0/toolchain/arm/arm-gnu-toolchain/bin/../lib/gcc/arm-none-eabi/4.9.3/../../../../arm-none-eabi/lib/armv7-m\libc.a(lib_a-__atexit.o)
 .ARM.attributes
                0x00000a94       0x2d c:/program files (x86)/atmel/studio/7.0/toolchain/arm/arm-gnu-toolchain/bin/../lib/gcc/arm-none-eabi/4.9.3/../../../../arm-none-eabi/lib/armv7-m\libc.a(lib_a-closer.o)
 .ARM.attributes
                0x00000ac1       0x2d c:/program files (x86)/atmel/studio/7.0/toolchain/arm/arm-gnu-toolchain/bin/../lib/gcc/arm-none-eabi/4.9.3/../../../../arm-none-eabi/lib/armv7-m\libc.a(lib_a-fclose.o)
 .ARM.attributes
                0x00000aee       0x2d c:/program files (x86)/atmel/studio/7.0/toolchain/arm/arm-gnu-toolchain/bin/../lib/gcc/arm-none-eabi/4.9.3/../../../../arm-none-eabi/lib/armv7-m\libc.a(lib_a-fstatr.o)
 .ARM.attributes
                0x00000b1b       0x2d c:/program files (x86)/atmel/studio/7.0/toolchain/arm/arm-gnu-toolchain/bin/../lib/gcc/arm-none-eabi/4.9.3/../../../../arm-none-eabi/lib/armv7-m\libc.a(lib_a-isattyr.o)
 .ARM.attributes
                0x00000b48       0x2d c:/program files (x86)/atmel/studio/7.0/toolchain/arm/arm-gnu-toolchain/bin/../lib/gcc/arm-none-eabi/4.9.3/../../../../arm-none-eabi/lib/armv7-m\libc.a(lib_a-lseekr.o)
 .ARM.attributes
                0x00000b75       0x2d c:/program files (x86)/atmel/studio/7.0/toolchain/arm/arm-gnu-toolchain/bin/../lib/gcc/arm-none-eabi/4.9.3/../../../../arm-none-eabi/lib/armv7-m\libc.a(lib_a-readr.o)
 .ARM.attributes
                0x00000ba2       0x2d c:/program files (x86)/atmel/studio/7.0/toolchain/arm/arm-gnu-toolchain/bin/../lib/gcc/arm-none-eabi/4.9.3/../../../../arm-none-eabi/lib/armv7-m\libc.a(lib_a-reent.o)
 .ARM.attributes
                0x00000bcf       0x1d c:/program files (x86)/atmel/studio/7.0/toolchain/arm/arm-gnu-toolchain/bin/../lib/gcc/arm-none-eabi/4.9.3/armv7-m\libgcc.a(_aeabi_uldivmod.o)
 .ARM.attributes
                0x00000bec       0x2d c:/program files (x86)/atmel/studio/7.0/toolchain/arm/arm-gnu-toolchain/bin/../lib/gcc/arm-none-eabi/4.9.3/armv7-m\libgcc.a(bpabi.o)
 .ARM.attributes
                0x00000c19       0x1d c:/program files (x86)/atmel/studio/7.0/toolchain/arm/arm-gnu-toolchain/bin/../lib/gcc/arm-none-eabi/4.9.3/armv7-m\libgcc.a(_dvmd_tls.o)
 .ARM.attributes
                0x00000c36       0x2d c:/program files (x86)/atmel/studio/7.0/toolchain/arm/arm-gnu-toolchain/bin/../lib/gcc/arm-none-eabi/4.9.3/armv7-m\libgcc.a(_divdi3.o)
 .ARM.attributes
                0x00000c63       0x2d c:/program files (x86)/atmel/studio/7.0/toolchain/arm/arm-gnu-toolchain/bin/../lib/gcc/arm-none-eabi/4.9.3/armv7-m\libgcc.a(_udivdi3.o)
 .ARM.attributes
                0x00000c90       0x1d c:/program files (x86)/atmel/studio/7.0/toolchain/arm/arm-gnu-toolchain/bin/../lib/gcc/arm-none-eabi/4.9.3/armv7-m/crtn.o

.comment        0x00000000       0x5b
 .comment       0x00000000       0x5b src/ASF/common/utils/stdio/read.o
                                 0x5c (size before relaxing)
 .comment       0x00000000       0x5c src/ASF/sam/drivers/usart/usart.o
 .comment       0x00000000       0x5c src/ASF/thirdparty/wireless/addons/sio2host/uart/sio2host.o
 .comment       0x00000000       0x5c src/drivers/console_driver.o
 .comment       0x00000000       0x5c src/drivers/delay.o
 .comment       0x00000000       0x5c src/drivers/hcsr04.o
 .comment       0x00000000       0x5c src/pin_mapper.o
 .comment       0x00000000       0x5c src/ASF/common/utils/stdio/write.o
 .comment       0x00000000       0x5c src/ASF/common/services/serial/usart_serial.o
 .comment       0x00000000       0x5c src/ASF/sam/drivers/tc/tc.o
 .comment       0x00000000       0x5c src/ASF/sam/drivers/uart/uart.o
 .comment       0x00000000       0x5c src/ASF/common/services/clock/sam3x/sysclk.o
 .comment       0x00000000       0x5c src/ASF/common/utils/interrupt/interrupt_sam_nvic.o
 .comment       0x00000000       0x5c src/ASF/sam/boards/arduino_due_x/init.o
 .comment       0x00000000       0x5c src/ASF/sam/drivers/pio/pio.o
 .comment       0x00000000       0x5c src/ASF/sam/drivers/pio/pio_handler.o
 .comment       0x00000000       0x5c src/ASF/sam/drivers/pmc/pmc.o
 .comment       0x00000000       0x5c src/ASF/sam/utils/cmsis/sam3x/source/templates/exceptions.o
 .comment       0x00000000       0x5c src/ASF/sam/utils/cmsis/sam3x/source/templates/gcc/startup_sam3x.o
 .comment       0x00000000       0x5c src/ASF/sam/utils/cmsis/sam3x/source/templates/system_sam3x.o
 .comment       0x00000000       0x5c src/ASF/sam/utils/syscalls/gcc/syscalls.o
 .comment       0x00000000       0x5c src/main.o

.debug_info     0x00000000     0xfcc3
 .debug_info    0x00000000      0x1be src/ASF/common/utils/stdio/read.o
 .debug_info    0x000001be     0x1bfa src/ASF/sam/drivers/usart/usart.o
 .debug_info    0x00001db8     0x187d src/ASF/thirdparty/wireless/addons/sio2host/uart/sio2host.o
 .debug_info    0x00003635     0x12c6 src/drivers/console_driver.o
 .debug_info    0x000048fb      0xd95 src/drivers/delay.o
 .debug_info    0x00005690     0x1bf9 src/drivers/hcsr04.o
 .debug_info    0x00007289      0xb0d src/pin_mapper.o
 .debug_info    0x00007d96      0x1c0 src/ASF/common/utils/stdio/write.o
 .debug_info    0x00007f56      0x7d2 src/ASF/common/services/serial/usart_serial.o
 .debug_info    0x00008728      0x959 src/ASF/sam/drivers/tc/tc.o
 .debug_info    0x00009081      0x889 src/ASF/sam/drivers/uart/uart.o
 .debug_info    0x0000990a      0x796 src/ASF/common/services/clock/sam3x/sysclk.o
 .debug_info    0x0000a0a0      0x1e8 src/ASF/common/utils/interrupt/interrupt_sam_nvic.o
 .debug_info    0x0000a288      0x75c src/ASF/sam/boards/arduino_due_x/init.o
 .debug_info    0x0000a9e4     0x1391 src/ASF/sam/drivers/pio/pio.o
 .debug_info    0x0000bd75      0xe58 src/ASF/sam/drivers/pio/pio_handler.o
 .debug_info    0x0000cbcd     0x10c2 src/ASF/sam/drivers/pmc/pmc.o
 .debug_info    0x0000dc8f      0x124 src/ASF/sam/utils/cmsis/sam3x/source/templates/exceptions.o
 .debug_info    0x0000ddb3      0x3bd src/ASF/sam/utils/cmsis/sam3x/source/templates/gcc/startup_sam3x.o
 .debug_info    0x0000e170      0x4c6 src/ASF/sam/utils/cmsis/sam3x/source/templates/system_sam3x.o
 .debug_info    0x0000e636      0x426 src/ASF/sam/utils/syscalls/gcc/syscalls.o
 .debug_info    0x0000ea5c     0x1267 src/main.o

.debug_abbrev   0x00000000     0x2bbf
 .debug_abbrev  0x00000000      0x101 src/ASF/common/utils/stdio/read.o
 .debug_abbrev  0x00000101      0x325 src/ASF/sam/drivers/usart/usart.o
 .debug_abbrev  0x00000426      0x3da src/ASF/thirdparty/wireless/addons/sio2host/uart/sio2host.o
 .debug_abbrev  0x00000800      0x330 src/drivers/console_driver.o
 .debug_abbrev  0x00000b30      0x206 src/drivers/delay.o
 .debug_abbrev  0x00000d36      0x370 src/drivers/hcsr04.o
 .debug_abbrev  0x000010a6      0x1fe src/pin_mapper.o
 .debug_abbrev  0x000012a4       0xf5 src/ASF/common/utils/stdio/write.o
 .debug_abbrev  0x00001399      0x1a8 src/ASF/common/services/serial/usart_serial.o
 .debug_abbrev  0x00001541      0x1ca src/ASF/sam/drivers/tc/tc.o
 .debug_abbrev  0x0000170b      0x1bd src/ASF/sam/drivers/uart/uart.o
 .debug_abbrev  0x000018c8      0x227 src/ASF/common/services/clock/sam3x/sysclk.o
 .debug_abbrev  0x00001aef       0xef src/ASF/common/utils/interrupt/interrupt_sam_nvic.o
 .debug_abbrev  0x00001bde      0x16f src/ASF/sam/boards/arduino_due_x/init.o
 .debug_abbrev  0x00001d4d      0x2d5 src/ASF/sam/drivers/pio/pio.o
 .debug_abbrev  0x00002022      0x266 src/ASF/sam/drivers/pio/pio_handler.o
 .debug_abbrev  0x00002288      0x268 src/ASF/sam/drivers/pmc/pmc.o
 .debug_abbrev  0x000024f0       0x8c src/ASF/sam/utils/cmsis/sam3x/source/templates/exceptions.o
 .debug_abbrev  0x0000257c      0x118 src/ASF/sam/utils/cmsis/sam3x/source/templates/gcc/startup_sam3x.o
 .debug_abbrev  0x00002694      0x115 src/ASF/sam/utils/cmsis/sam3x/source/templates/system_sam3x.o
 .debug_abbrev  0x000027a9      0x12e src/ASF/sam/utils/syscalls/gcc/syscalls.o
 .debug_abbrev  0x000028d7      0x2e8 src/main.o

.debug_loc      0x00000000     0x4b79
 .debug_loc     0x00000000      0x107 src/ASF/common/utils/stdio/read.o
 .debug_loc     0x00000107     0x1206 src/ASF/sam/drivers/usart/usart.o
 .debug_loc     0x0000130d      0x528 src/ASF/thirdparty/wireless/addons/sio2host/uart/sio2host.o
 .debug_loc     0x00001835      0x295 src/drivers/console_driver.o
 .debug_loc     0x00001aca       0xee src/drivers/delay.o
 .debug_loc     0x00001bb8      0x1d6 src/drivers/hcsr04.o
 .debug_loc     0x00001d8e       0xaf src/pin_mapper.o
 .debug_loc     0x00001e3d      0x15d src/ASF/common/utils/stdio/write.o
 .debug_loc     0x00001f9a      0x23d src/ASF/common/services/serial/usart_serial.o
 .debug_loc     0x000021d7      0x6ab src/ASF/sam/drivers/tc/tc.o
 .debug_loc     0x00002882      0x242 src/ASF/sam/drivers/uart/uart.o
 .debug_loc     0x00002ac4      0x12d src/ASF/common/services/clock/sam3x/sysclk.o
 .debug_loc     0x00002bf1       0x1e src/ASF/common/utils/interrupt/interrupt_sam_nvic.o
 .debug_loc     0x00002c0f       0x20 src/ASF/sam/boards/arduino_due_x/init.o
 .debug_loc     0x00002c2f      0xb20 src/ASF/sam/drivers/pio/pio.o
 .debug_loc     0x0000374f      0x572 src/ASF/sam/drivers/pio/pio_handler.o
 .debug_loc     0x00003cc1      0xccc src/ASF/sam/drivers/pmc/pmc.o
 .debug_loc     0x0000498d       0x5e src/ASF/sam/utils/cmsis/sam3x/source/templates/gcc/startup_sam3x.o
 .debug_loc     0x000049eb       0xdf src/ASF/sam/utils/syscalls/gcc/syscalls.o
 .debug_loc     0x00004aca       0xaf src/main.o

.debug_aranges  0x00000000      0xb10
 .debug_aranges
                0x00000000       0x20 src/ASF/common/utils/stdio/read.o
 .debug_aranges
                0x00000020      0x2a8 src/ASF/sam/drivers/usart/usart.o
 .debug_aranges
                0x000002c8       0x60 src/ASF/thirdparty/wireless/addons/sio2host/uart/sio2host.o
 .debug_aranges
                0x00000328       0x30 src/drivers/console_driver.o
 .debug_aranges
                0x00000358       0x38 src/drivers/delay.o
 .debug_aranges
                0x00000390       0x40 src/drivers/hcsr04.o
 .debug_aranges
                0x000003d0       0x28 src/pin_mapper.o
 .debug_aranges
                0x000003f8       0x20 src/ASF/common/utils/stdio/write.o
 .debug_aranges
                0x00000418       0x28 src/ASF/common/services/serial/usart_serial.o
 .debug_aranges
                0x00000440       0xd0 src/ASF/sam/drivers/tc/tc.o
 .debug_aranges
                0x00000510       0xe8 src/ASF/sam/drivers/uart/uart.o
 .debug_aranges
                0x000005f8       0x40 src/ASF/common/services/clock/sam3x/sysclk.o
 .debug_aranges
                0x00000638       0x28 src/ASF/common/utils/interrupt/interrupt_sam_nvic.o
 .debug_aranges
                0x00000660       0x20 src/ASF/sam/boards/arduino_due_x/init.o
 .debug_aranges
                0x00000680      0x148 src/ASF/sam/drivers/pio/pio.o
 .debug_aranges
                0x000007c8       0x58 src/ASF/sam/drivers/pio/pio_handler.o
 .debug_aranges
                0x00000820      0x200 src/ASF/sam/drivers/pmc/pmc.o
 .debug_aranges
                0x00000a20       0x20 src/ASF/sam/utils/cmsis/sam3x/source/templates/exceptions.o
 .debug_aranges
                0x00000a40       0x20 src/ASF/sam/utils/cmsis/sam3x/source/templates/gcc/startup_sam3x.o
 .debug_aranges
                0x00000a60       0x30 src/ASF/sam/utils/cmsis/sam3x/source/templates/system_sam3x.o
 .debug_aranges
                0x00000a90       0x60 src/ASF/sam/utils/syscalls/gcc/syscalls.o
 .debug_aranges
                0x00000af0       0x20 src/main.o

.debug_ranges   0x00000000      0x9c8
 .debug_ranges  0x00000000       0x10 src/ASF/common/utils/stdio/read.o
 .debug_ranges  0x00000010      0x298 src/ASF/sam/drivers/usart/usart.o
 .debug_ranges  0x000002a8       0x50 src/ASF/thirdparty/wireless/addons/sio2host/uart/sio2host.o
 .debug_ranges  0x000002f8       0x20 src/drivers/console_driver.o
 .debug_ranges  0x00000318       0x28 src/drivers/delay.o
 .debug_ranges  0x00000340       0x30 src/drivers/hcsr04.o
 .debug_ranges  0x00000370       0x18 src/pin_mapper.o
 .debug_ranges  0x00000388       0x10 src/ASF/common/utils/stdio/write.o
 .debug_ranges  0x00000398       0x30 src/ASF/common/services/serial/usart_serial.o
 .debug_ranges  0x000003c8       0xc0 src/ASF/sam/drivers/tc/tc.o
 .debug_ranges  0x00000488       0xd8 src/ASF/sam/drivers/uart/uart.o
 .debug_ranges  0x00000560       0x30 src/ASF/common/services/clock/sam3x/sysclk.o
 .debug_ranges  0x00000590       0x18 src/ASF/common/utils/interrupt/interrupt_sam_nvic.o
 .debug_ranges  0x000005a8       0x10 src/ASF/sam/boards/arduino_due_x/init.o
 .debug_ranges  0x000005b8      0x138 src/ASF/sam/drivers/pio/pio.o
 .debug_ranges  0x000006f0       0x48 src/ASF/sam/drivers/pio/pio_handler.o
 .debug_ranges  0x00000738      0x1f0 src/ASF/sam/drivers/pmc/pmc.o
 .debug_ranges  0x00000928       0x10 src/ASF/sam/utils/cmsis/sam3x/source/templates/exceptions.o
 .debug_ranges  0x00000938       0x10 src/ASF/sam/utils/cmsis/sam3x/source/templates/gcc/startup_sam3x.o
 .debug_ranges  0x00000948       0x20 src/ASF/sam/utils/cmsis/sam3x/source/templates/system_sam3x.o
 .debug_ranges  0x00000968       0x50 src/ASF/sam/utils/syscalls/gcc/syscalls.o
 .debug_ranges  0x000009b8       0x10 src/main.o

.debug_macro    0x00000000    0x19ab5
 .debug_macro   0x00000000      0x4d4 src/ASF/common/utils/stdio/read.o
 .debug_macro   0x000004d4      0x892 src/ASF/common/utils/stdio/read.o
 .debug_macro   0x00000d66      0x166 src/ASF/common/utils/stdio/read.o
 .debug_macro   0x00000ecc      0x64b src/ASF/common/utils/stdio/read.o
 .debug_macro   0x00001517       0x76 src/ASF/common/utils/stdio/read.o
 .debug_macro   0x0000158d       0x16 src/ASF/common/utils/stdio/read.o
 .debug_macro   0x000015a3      0x6e4 src/ASF/common/utils/stdio/read.o
 .debug_macro   0x00001c87       0x22 src/ASF/common/utils/stdio/read.o
 .debug_macro   0x00001ca9       0x44 src/ASF/common/utils/stdio/read.o
 .debug_macro   0x00001ced       0x58 src/ASF/common/utils/stdio/read.o
 .debug_macro   0x00001d45       0x22 src/ASF/common/utils/stdio/read.o
 .debug_macro   0x00001d67      0x1df src/ASF/common/utils/stdio/read.o
 .debug_macro   0x00001f46       0x20 src/ASF/common/utils/stdio/read.o
 .debug_macro   0x00001f66       0x3a src/ASF/common/utils/stdio/read.o
 .debug_macro   0x00001fa0       0x2d src/ASF/common/utils/stdio/read.o
 .debug_macro   0x00001fcd      0xbb1 src/ASF/common/utils/stdio/read.o
 .debug_macro   0x00002b7e      0xab6 src/ASF/common/utils/stdio/read.o
 .debug_macro   0x00003634      0x569 src/ASF/common/utils/stdio/read.o
 .debug_macro   0x00003b9d      0x2b5 src/ASF/common/utils/stdio/read.o
 .debug_macro   0x00003e52      0x31a src/ASF/common/utils/stdio/read.o
 .debug_macro   0x0000416c      0x74f src/ASF/common/utils/stdio/read.o
 .debug_macro   0x000048bb       0x82 src/ASF/common/utils/stdio/read.o
 .debug_macro   0x0000493d      0x57b src/ASF/common/utils/stdio/read.o
 .debug_macro   0x00004eb8       0x1c src/ASF/common/utils/stdio/read.o
 .debug_macro   0x00004ed4      0x6b7 src/ASF/common/utils/stdio/read.o
 .debug_macro   0x0000558b      0x52d src/ASF/common/utils/stdio/read.o
 .debug_macro   0x00005ab8       0xbe src/ASF/common/utils/stdio/read.o
 .debug_macro   0x00005b76     0x2342 src/ASF/common/utils/stdio/read.o
 .debug_macro   0x00007eb8      0x85d src/ASF/common/utils/stdio/read.o
 .debug_macro   0x00008715      0xdc9 src/ASF/common/utils/stdio/read.o
 .debug_macro   0x000094de       0x7c src/ASF/common/utils/stdio/read.o
 .debug_macro   0x0000955a      0x263 src/ASF/common/utils/stdio/read.o
 .debug_macro   0x000097bd       0x58 src/ASF/common/utils/stdio/read.o
 .debug_macro   0x00009815      0x9a7 src/ASF/common/utils/stdio/read.o
 .debug_macro   0x0000a1bc      0x248 src/ASF/common/utils/stdio/read.o
 .debug_macro   0x0000a404      0x4df src/ASF/common/utils/stdio/read.o
 .debug_macro   0x0000a8e3      0x6b3 src/ASF/common/utils/stdio/read.o
 .debug_macro   0x0000af96      0x59f src/ASF/common/utils/stdio/read.o
 .debug_macro   0x0000b535       0x46 src/ASF/common/utils/stdio/read.o
 .debug_macro   0x0000b57b      0x34d src/ASF/common/utils/stdio/read.o
 .debug_macro   0x0000b8c8      0x28c src/ASF/common/utils/stdio/read.o
 .debug_macro   0x0000bb54     0x14d7 src/ASF/common/utils/stdio/read.o
 .debug_macro   0x0000d02b      0x7ba src/ASF/common/utils/stdio/read.o
 .debug_macro   0x0000d7e5       0x76 src/ASF/common/utils/stdio/read.o
 .debug_macro   0x0000d85b       0x82 src/ASF/common/utils/stdio/read.o
 .debug_macro   0x0000d8dd       0x76 src/ASF/common/utils/stdio/read.o
 .debug_macro   0x0000d953       0x4c src/ASF/common/utils/stdio/read.o
 .debug_macro   0x0000d99f      0x105 src/ASF/common/utils/stdio/read.o
 .debug_macro   0x0000daa4      0x105 src/ASF/common/utils/stdio/read.o
 .debug_macro   0x0000dba9      0x105 src/ASF/common/utils/stdio/read.o
 .debug_macro   0x0000dcae       0x88 src/ASF/common/utils/stdio/read.o
 .debug_macro   0x0000dd36       0x88 src/ASF/common/utils/stdio/read.o
 .debug_macro   0x0000ddbe      0x3b4 src/ASF/common/utils/stdio/read.o
 .debug_macro   0x0000e172       0xb8 src/ASF/common/utils/stdio/read.o
 .debug_macro   0x0000e22a       0xb8 src/ASF/common/utils/stdio/read.o
 .debug_macro   0x0000e2e2       0xb8 src/ASF/common/utils/stdio/read.o
 .debug_macro   0x0000e39a       0xb8 src/ASF/common/utils/stdio/read.o
 .debug_macro   0x0000e452      0x2b8 src/ASF/common/utils/stdio/read.o
 .debug_macro   0x0000e70a      0x125 src/ASF/common/utils/stdio/read.o
 .debug_macro   0x0000e82f      0x225 src/ASF/common/utils/stdio/read.o
 .debug_macro   0x0000ea54      0x225 src/ASF/common/utils/stdio/read.o
 .debug_macro   0x0000ec79       0x2e src/ASF/common/utils/stdio/read.o
 .debug_macro   0x0000eca7       0xac src/ASF/common/utils/stdio/read.o
 .debug_macro   0x0000ed53      0x14d src/ASF/common/utils/stdio/read.o
 .debug_macro   0x0000eea0       0x7c src/ASF/common/utils/stdio/read.o
 .debug_macro   0x0000ef1c      0x205 src/ASF/common/utils/stdio/read.o
 .debug_macro   0x0000f121       0x64 src/ASF/common/utils/stdio/read.o
 .debug_macro   0x0000f185       0xa6 src/ASF/common/utils/stdio/read.o
 .debug_macro   0x0000f22b       0x7c src/ASF/common/utils/stdio/read.o
 .debug_macro   0x0000f2a7       0x16 src/ASF/common/utils/stdio/read.o
 .debug_macro   0x0000f2bd       0x22 src/ASF/common/utils/stdio/read.o
 .debug_macro   0x0000f2df       0x22 src/ASF/common/utils/stdio/read.o
 .debug_macro   0x0000f301      0x115 src/ASF/common/utils/stdio/read.o
 .debug_macro   0x0000f416      0x115 src/ASF/common/utils/stdio/read.o
 .debug_macro   0x0000f52b      0x115 src/ASF/common/utils/stdio/read.o
 .debug_macro   0x0000f640      0x115 src/ASF/common/utils/stdio/read.o
 .debug_macro   0x0000f755       0x1c src/ASF/common/utils/stdio/read.o
 .debug_macro   0x0000f771       0x2e src/ASF/common/utils/stdio/read.o
 .debug_macro   0x0000f79f       0x22 src/ASF/common/utils/stdio/read.o
 .debug_macro   0x0000f7c1       0x1c src/ASF/common/utils/stdio/read.o
 .debug_macro   0x0000f7dd       0x58 src/ASF/common/utils/stdio/read.o
 .debug_macro   0x0000f835       0x10 src/ASF/common/utils/stdio/read.o
 .debug_macro   0x0000f845      0x273 src/ASF/common/utils/stdio/read.o
 .debug_macro   0x0000fab8      0xd43 src/ASF/common/utils/stdio/read.o
 .debug_macro   0x000107fb      0x131 src/ASF/common/utils/stdio/read.o
 .debug_macro   0x0001092c       0x58 src/ASF/common/utils/stdio/read.o
 .debug_macro   0x00010984       0x35 src/ASF/common/utils/stdio/read.o
 .debug_macro   0x000109b9       0x9c src/ASF/common/utils/stdio/read.o
 .debug_macro   0x00010a55       0x16 src/ASF/common/utils/stdio/read.o
 .debug_macro   0x00010a6b       0x35 src/ASF/common/utils/stdio/read.o
 .debug_macro   0x00010aa0      0x29d src/ASF/common/utils/stdio/read.o
 .debug_macro   0x00010d3d       0x10 src/ASF/common/utils/stdio/read.o
 .debug_macro   0x00010d4d       0x52 src/ASF/common/utils/stdio/read.o
 .debug_macro   0x00010d9f       0x16 src/ASF/common/utils/stdio/read.o
 .debug_macro   0x00010db5       0x43 src/ASF/common/utils/stdio/read.o
 .debug_macro   0x00010df8      0x180 src/ASF/common/utils/stdio/read.o
 .debug_macro   0x00010f78       0x10 src/ASF/common/utils/stdio/read.o
 .debug_macro   0x00010f88       0x22 src/ASF/common/utils/stdio/read.o
 .debug_macro   0x00010faa       0xbe src/ASF/common/utils/stdio/read.o
 .debug_macro   0x00011068       0x16 src/ASF/common/utils/stdio/read.o
 .debug_macro   0x0001107e      0x197 src/ASF/common/utils/stdio/read.o
 .debug_macro   0x00011215       0x22 src/ASF/common/utils/stdio/read.o
 .debug_macro   0x00011237       0x16 src/ASF/common/utils/stdio/read.o
 .debug_macro   0x0001124d       0x16 src/ASF/common/utils/stdio/read.o
 .debug_macro   0x00011263       0x29 src/ASF/common/utils/stdio/read.o
 .debug_macro   0x0001128c       0x75 src/ASF/common/utils/stdio/read.o
 .debug_macro   0x00011301       0x45 src/ASF/common/utils/stdio/read.o
 .debug_macro   0x00011346      0x3ca src/ASF/common/utils/stdio/read.o
 .debug_macro   0x00011710      0x51f src/ASF/sam/drivers/usart/usart.o
 .debug_macro   0x00011c2f       0x28 src/ASF/sam/drivers/usart/usart.o
 .debug_macro   0x00011c57      0x611 src/ASF/thirdparty/wireless/addons/sio2host/uart/sio2host.o
 .debug_macro   0x00012268       0x94 src/ASF/thirdparty/wireless/addons/sio2host/uart/sio2host.o
 .debug_macro   0x000122fc       0x40 src/ASF/thirdparty/wireless/addons/sio2host/uart/sio2host.o
 .debug_macro   0x0001233c      0x2c6 src/ASF/thirdparty/wireless/addons/sio2host/uart/sio2host.o
 .debug_macro   0x00012602      0x790 src/ASF/thirdparty/wireless/addons/sio2host/uart/sio2host.o
 .debug_macro   0x00012d92       0x34 src/ASF/thirdparty/wireless/addons/sio2host/uart/sio2host.o
 .debug_macro   0x00012dc6       0x5e src/ASF/thirdparty/wireless/addons/sio2host/uart/sio2host.o
 .debug_macro   0x00012e24       0x64 src/ASF/thirdparty/wireless/addons/sio2host/uart/sio2host.o
 .debug_macro   0x00012e88       0x5f src/ASF/thirdparty/wireless/addons/sio2host/uart/sio2host.o
 .debug_macro   0x00012ee7       0x90 src/ASF/thirdparty/wireless/addons/sio2host/uart/sio2host.o
 .debug_macro   0x00012f77       0x6a src/ASF/thirdparty/wireless/addons/sio2host/uart/sio2host.o
 .debug_macro   0x00012fe1       0x34 src/ASF/thirdparty/wireless/addons/sio2host/uart/sio2host.o
 .debug_macro   0x00013015       0x1c src/ASF/thirdparty/wireless/addons/sio2host/uart/sio2host.o
 .debug_macro   0x00013031       0x2e src/ASF/thirdparty/wireless/addons/sio2host/uart/sio2host.o
 .debug_macro   0x0001305f       0x1c src/ASF/thirdparty/wireless/addons/sio2host/uart/sio2host.o
 .debug_macro   0x0001307b       0x40 src/ASF/thirdparty/wireless/addons/sio2host/uart/sio2host.o
 .debug_macro   0x000130bb      0x5ff src/drivers/console_driver.o
 .debug_macro   0x000136ba       0x4a src/drivers/console_driver.o
 .debug_macro   0x00013704       0x97 src/drivers/console_driver.o
 .debug_macro   0x0001379b       0xef src/drivers/console_driver.o
 .debug_macro   0x0001388a       0x70 src/drivers/console_driver.o
 .debug_macro   0x000138fa       0x16 src/drivers/console_driver.o
 .debug_macro   0x00013910      0x612 src/drivers/delay.o
 .debug_macro   0x00013f22      0x633 src/drivers/hcsr04.o
 .debug_macro   0x00014555      0x607 src/pin_mapper.o
 .debug_macro   0x00014b5c      0x4d4 src/ASF/common/utils/stdio/write.o
 .debug_macro   0x00015030      0x587 src/ASF/common/services/serial/usart_serial.o
 .debug_macro   0x000155b7      0x4f0 src/ASF/sam/drivers/tc/tc.o
 .debug_macro   0x00015aa7       0x16 src/ASF/sam/drivers/tc/tc.o
 .debug_macro   0x00015abd       0x1c src/ASF/sam/drivers/tc/tc.o
 .debug_macro   0x00015ad9      0x4e3 src/ASF/sam/drivers/uart/uart.o
 .debug_macro   0x00015fbc       0x16 src/ASF/sam/drivers/uart/uart.o
 .debug_macro   0x00015fd2      0x554 src/ASF/common/services/clock/sam3x/sysclk.o
 .debug_macro   0x00016526      0x2c0 src/ASF/common/services/clock/sam3x/sysclk.o
 .debug_macro   0x000167e6      0x4de src/ASF/common/utils/interrupt/interrupt_sam_nvic.o
 .debug_macro   0x00016cc4       0x3f src/ASF/common/utils/interrupt/interrupt_sam_nvic.o
 .debug_macro   0x00016d03      0x593 src/ASF/sam/boards/arduino_due_x/init.o
 .debug_macro   0x00017296      0x4ef src/ASF/sam/drivers/pio/pio.o
 .debug_macro   0x00017785       0x8e src/ASF/sam/drivers/pio/pio.o
 .debug_macro   0x00017813      0x4f3 src/ASF/sam/drivers/pio/pio_handler.o
 .debug_macro   0x00017d06      0x4e9 src/ASF/sam/drivers/pmc/pmc.o
 .debug_macro   0x000181ef       0x58 src/ASF/sam/drivers/pmc/pmc.o
 .debug_macro   0x00018247      0x4e8 src/ASF/sam/utils/cmsis/sam3x/source/templates/exceptions.o
 .debug_macro   0x0001872f      0x4f6 src/ASF/sam/utils/cmsis/sam3x/source/templates/gcc/startup_sam3x.o
 .debug_macro   0x00018c25      0x4f6 src/ASF/sam/utils/cmsis/sam3x/source/templates/system_sam3x.o
 .debug_macro   0x0001911b       0x26 src/ASF/sam/utils/cmsis/sam3x/source/templates/system_sam3x.o
 .debug_macro   0x00019141      0x169 src/ASF/sam/utils/syscalls/gcc/syscalls.o
 .debug_macro   0x000192aa       0x52 src/ASF/sam/utils/syscalls/gcc/syscalls.o
 .debug_macro   0x000192fc       0x16 src/ASF/sam/utils/syscalls/gcc/syscalls.o
 .debug_macro   0x00019312       0x10 src/ASF/sam/utils/syscalls/gcc/syscalls.o
 .debug_macro   0x00019322       0x10 src/ASF/sam/utils/syscalls/gcc/syscalls.o
 .debug_macro   0x00019332       0x10 src/ASF/sam/utils/syscalls/gcc/syscalls.o
 .debug_macro   0x00019342       0x35 src/ASF/sam/utils/syscalls/gcc/syscalls.o
 .debug_macro   0x00019377      0x122 src/ASF/sam/utils/syscalls/gcc/syscalls.o
 .debug_macro   0x00019499      0x61c src/main.o

.debug_line     0x00000000    0x11844
 .debug_line    0x00000000      0xaca src/ASF/common/utils/stdio/read.o
 .debug_line    0x00000aca     0x1193 src/ASF/sam/drivers/usart/usart.o
 .debug_line    0x00001c5d      0xfe3 src/ASF/thirdparty/wireless/addons/sio2host/uart/sio2host.o
 .debug_line    0x00002c40      0xee7 src/drivers/console_driver.o
 .debug_line    0x00003b27      0xe75 src/drivers/delay.o
 .debug_line    0x0000499c      0xf1f src/drivers/hcsr04.o
 .debug_line    0x000058bb      0xe34 src/pin_mapper.o
 .debug_line    0x000066ef      0xac0 src/ASF/common/utils/stdio/write.o
 .debug_line    0x000071af      0xd03 src/ASF/common/services/serial/usart_serial.o
 .debug_line    0x00007eb2      0xc62 src/ASF/sam/drivers/tc/tc.o
 .debug_line    0x00008b14      0xc78 src/ASF/sam/drivers/uart/uart.o
 .debug_line    0x0000978c      0xc31 src/ASF/common/services/clock/sam3x/sysclk.o
 .debug_line    0x0000a3bd      0xadd src/ASF/common/utils/interrupt/interrupt_sam_nvic.o
 .debug_line    0x0000ae9a      0xcc8 src/ASF/sam/boards/arduino_due_x/init.o
 .debug_line    0x0000bb62      0xe2a src/ASF/sam/drivers/pio/pio.o
 .debug_line    0x0000c98c      0xb80 src/ASF/sam/drivers/pio/pio_handler.o
 .debug_line    0x0000d50c     0x106a src/ASF/sam/drivers/pmc/pmc.o
 .debug_line    0x0000e576      0xaa3 src/ASF/sam/utils/cmsis/sam3x/source/templates/exceptions.o
 .debug_line    0x0000f019      0xaed src/ASF/sam/utils/cmsis/sam3x/source/templates/gcc/startup_sam3x.o
 .debug_line    0x0000fb06      0xb08 src/ASF/sam/utils/cmsis/sam3x/source/templates/system_sam3x.o
 .debug_line    0x0001060e      0x399 src/ASF/sam/utils/syscalls/gcc/syscalls.o
 .debug_line    0x000109a7      0xe9d src/main.o

.debug_str      0x00000000    0x6357a
 .debug_str     0x00000000    0x5b02f src/ASF/common/utils/stdio/read.o
                              0x5b339 (size before relaxing)
 .debug_str     0x0005b02f      0xc86 src/ASF/sam/drivers/usart/usart.o
                              0x5bfb0 (size before relaxing)
 .debug_str     0x0005bcb5     0x52ae src/ASF/thirdparty/wireless/addons/sio2host/uart/sio2host.o
                              0x608b4 (size before relaxing)
 .debug_str     0x00060f63       0x7d src/drivers/console_driver.o
                              0x60263 (size before relaxing)
 .debug_str     0x00060fe0       0xf8 src/drivers/delay.o
                              0x5fed3 (size before relaxing)
 .debug_str     0x000610d8      0x414 src/drivers/hcsr04.o
                              0x605be (size before relaxing)
 .debug_str     0x000614ec       0x51 src/pin_mapper.o
                              0x5fe27 (size before relaxing)
 .debug_str     0x0006153d       0x26 src/ASF/common/utils/stdio/write.o
                              0x5b33b (size before relaxing)
 .debug_str     0x00061563       0x64 src/ASF/common/services/serial/usart_serial.o
                              0x5f4d2 (size before relaxing)
 .debug_str     0x000615c7      0x309 src/ASF/sam/drivers/tc/tc.o
                              0x5b6e2 (size before relaxing)
 .debug_str     0x000618d0      0x203 src/ASF/sam/drivers/uart/uart.o
                              0x5b6ff (size before relaxing)
 .debug_str     0x00061ad3      0x24c src/ASF/common/services/clock/sam3x/sysclk.o
                              0x5f2cd (size before relaxing)
 .debug_str     0x00061d1f       0x73 src/ASF/common/utils/interrupt/interrupt_sam_nvic.o
                              0x5b38a (size before relaxing)
 .debug_str     0x00061d92       0x74 src/ASF/sam/boards/arduino_due_x/init.o
                              0x5fa87 (size before relaxing)
 .debug_str     0x00061e06      0x40e src/ASF/sam/drivers/pio/pio.o
                              0x5bcde (size before relaxing)
 .debug_str     0x00062214      0x1bf src/ASF/sam/drivers/pio/pio_handler.o
                              0x5bd26 (size before relaxing)
 .debug_str     0x000623d3      0x684 src/ASF/sam/drivers/pmc/pmc.o
                              0x5bd5a (size before relaxing)
 .debug_str     0x00062a57       0x4d src/ASF/sam/utils/cmsis/sam3x/source/templates/exceptions.o
                              0x5b353 (size before relaxing)
 .debug_str     0x00062aa4       0xb2 src/ASF/sam/utils/cmsis/sam3x/source/templates/gcc/startup_sam3x.o
                              0x5b428 (size before relaxing)
 .debug_str     0x00062b56      0x1cd src/ASF/sam/utils/cmsis/sam3x/source/templates/system_sam3x.o
                              0x5b63b (size before relaxing)
 .debug_str     0x00062d23      0x844 src/ASF/sam/utils/syscalls/gcc/syscalls.o
                               0x60fb (size before relaxing)
 .debug_str     0x00063567       0x13 src/main.o
                              0x6018b (size before relaxing)

.debug_frame    0x00000000     0x2418
 .debug_frame   0x00000000       0x38 src/ASF/common/utils/stdio/read.o
 .debug_frame   0x00000038      0x5cc src/ASF/sam/drivers/usart/usart.o
 .debug_frame   0x00000604      0x128 src/ASF/thirdparty/wireless/addons/sio2host/uart/sio2host.o
 .debug_frame   0x0000072c       0x70 src/drivers/console_driver.o
 .debug_frame   0x0000079c       0x78 src/drivers/delay.o
 .debug_frame   0x00000814       0x8c src/drivers/hcsr04.o
 .debug_frame   0x000008a0       0x3c src/pin_mapper.o
 .debug_frame   0x000008dc       0x48 src/ASF/common/utils/stdio/write.o
 .debug_frame   0x00000924       0x80 src/ASF/common/services/serial/usart_serial.o
 .debug_frame   0x000009a4      0x1a4 src/ASF/sam/drivers/tc/tc.o
 .debug_frame   0x00000b48      0x1bc src/ASF/sam/drivers/uart/uart.o
 .debug_frame   0x00000d04       0x88 src/ASF/common/services/clock/sam3x/sysclk.o
 .debug_frame   0x00000d8c       0x30 src/ASF/common/utils/interrupt/interrupt_sam_nvic.o
 .debug_frame   0x00000dbc       0x28 src/ASF/sam/boards/arduino_due_x/init.o
 .debug_frame   0x00000de4      0x2b8 src/ASF/sam/drivers/pio/pio.o
 .debug_frame   0x0000109c       0xf8 src/ASF/sam/drivers/pio/pio_handler.o
 .debug_frame   0x00001194      0x450 src/ASF/sam/drivers/pmc/pmc.o
 .debug_frame   0x000015e4       0x20 src/ASF/sam/utils/cmsis/sam3x/source/templates/exceptions.o
 .debug_frame   0x00001604       0x28 src/ASF/sam/utils/cmsis/sam3x/source/templates/gcc/startup_sam3x.o
 .debug_frame   0x0000162c       0x40 src/ASF/sam/utils/cmsis/sam3x/source/templates/system_sam3x.o
 .debug_frame   0x0000166c       0xa0 src/ASF/sam/utils/syscalls/gcc/syscalls.o
 .debug_frame   0x0000170c       0x28 src/main.o
 .debug_frame   0x00001734       0x2c c:/program files (x86)/atmel/studio/7.0/toolchain/arm/arm-gnu-toolchain/bin/../lib/gcc/arm-none-eabi/4.9.3/../../../../arm-none-eabi/lib/armv7-m\libc.a(lib_a-init.o)
 .debug_frame   0x00001760       0x78 c:/program files (x86)/atmel/studio/7.0/toolchain/arm/arm-gnu-toolchain/bin/../lib/gcc/arm-none-eabi/4.9.3/../../../../arm-none-eabi/lib/armv7-m\libc.a(lib_a-iprintf.o)
 .debug_frame   0x000017d8       0x34 c:/program files (x86)/atmel/studio/7.0/toolchain/arm/arm-gnu-toolchain/bin/../lib/gcc/arm-none-eabi/4.9.3/../../../../arm-none-eabi/lib/armv7-m\libc.a(lib_a-memset.o)
 .debug_frame   0x0000180c       0x20 c:/program files (x86)/atmel/studio/7.0/toolchain/arm/arm-gnu-toolchain/bin/../lib/gcc/arm-none-eabi/4.9.3/../../../../arm-none-eabi/lib/armv7-m\libc.a(lib_a-setbuf.o)
 .debug_frame   0x0000182c       0x30 c:/program files (x86)/atmel/studio/7.0/toolchain/arm/arm-gnu-toolchain/bin/../lib/gcc/arm-none-eabi/4.9.3/../../../../arm-none-eabi/lib/armv7-m\libc.a(lib_a-setvbuf.o)
 .debug_frame   0x0000185c       0xd8 c:/program files (x86)/atmel/studio/7.0/toolchain/arm/arm-gnu-toolchain/bin/../lib/gcc/arm-none-eabi/4.9.3/../../../../arm-none-eabi/lib/armv7-m\libc.a(lib_a-vfiprintf.o)
 .debug_frame   0x00001934       0x2c c:/program files (x86)/atmel/studio/7.0/toolchain/arm/arm-gnu-toolchain/bin/../lib/gcc/arm-none-eabi/4.9.3/../../../../arm-none-eabi/lib/armv7-m\libc.a(lib_a-wsetup.o)
 .debug_frame   0x00001960       0x50 c:/program files (x86)/atmel/studio/7.0/toolchain/arm/arm-gnu-toolchain/bin/../lib/gcc/arm-none-eabi/4.9.3/../../../../arm-none-eabi/lib/armv7-m\libc.a(lib_a-__call_atexit.o)
 .debug_frame   0x000019b0       0x20 c:/program files (x86)/atmel/studio/7.0/toolchain/arm/arm-gnu-toolchain/bin/../lib/gcc/arm-none-eabi/4.9.3/../../../../arm-none-eabi/lib/armv7-m\libc.a(lib_a-atexit.o)
 .debug_frame   0x000019d0       0x6c c:/program files (x86)/atmel/studio/7.0/toolchain/arm/arm-gnu-toolchain/bin/../lib/gcc/arm-none-eabi/4.9.3/../../../../arm-none-eabi/lib/armv7-m\libc.a(lib_a-fflush.o)
 .debug_frame   0x00001a3c      0x124 c:/program files (x86)/atmel/studio/7.0/toolchain/arm/arm-gnu-toolchain/bin/../lib/gcc/arm-none-eabi/4.9.3/../../../../arm-none-eabi/lib/armv7-m\libc.a(lib_a-findfp.o)
 .debug_frame   0x00001b60       0x34 c:/program files (x86)/atmel/studio/7.0/toolchain/arm/arm-gnu-toolchain/bin/../lib/gcc/arm-none-eabi/4.9.3/../../../../arm-none-eabi/lib/armv7-m\libc.a(lib_a-fini.o)
 .debug_frame   0x00001b94       0x84 c:/program files (x86)/atmel/studio/7.0/toolchain/arm/arm-gnu-toolchain/bin/../lib/gcc/arm-none-eabi/4.9.3/../../../../arm-none-eabi/lib/armv7-m\libc.a(lib_a-fputwc.o)
 .debug_frame   0x00001c18       0x74 c:/program files (x86)/atmel/studio/7.0/toolchain/arm/arm-gnu-toolchain/bin/../lib/gcc/arm-none-eabi/4.9.3/../../../../arm-none-eabi/lib/armv7-m\libc.a(lib_a-freer.o)
 .debug_frame   0x00001c8c       0x68 c:/program files (x86)/atmel/studio/7.0/toolchain/arm/arm-gnu-toolchain/bin/../lib/gcc/arm-none-eabi/4.9.3/../../../../arm-none-eabi/lib/armv7-m\libc.a(lib_a-fvwrite.o)
 .debug_frame   0x00001cf4       0x54 c:/program files (x86)/atmel/studio/7.0/toolchain/arm/arm-gnu-toolchain/bin/../lib/gcc/arm-none-eabi/4.9.3/../../../../arm-none-eabi/lib/armv7-m\libc.a(lib_a-fwalk.o)
 .debug_frame   0x00001d48       0x9c c:/program files (x86)/atmel/studio/7.0/toolchain/arm/arm-gnu-toolchain/bin/../lib/gcc/arm-none-eabi/4.9.3/../../../../arm-none-eabi/lib/armv7-m\libc.a(lib_a-locale.o)
 .debug_frame   0x00001de4       0x48 c:/program files (x86)/atmel/studio/7.0/toolchain/arm/arm-gnu-toolchain/bin/../lib/gcc/arm-none-eabi/4.9.3/../../../../arm-none-eabi/lib/armv7-m\libc.a(lib_a-makebuf.o)
 .debug_frame   0x00001e2c       0x30 c:/program files (x86)/atmel/studio/7.0/toolchain/arm/arm-gnu-toolchain/bin/../lib/gcc/arm-none-eabi/4.9.3/../../../../arm-none-eabi/lib/armv7-m\libc.a(lib_a-malloc.o)
 .debug_frame   0x00001e5c       0x54 c:/program files (x86)/atmel/studio/7.0/toolchain/arm/arm-gnu-toolchain/bin/../lib/gcc/arm-none-eabi/4.9.3/../../../../arm-none-eabi/lib/armv7-m\libc.a(lib_a-mallocr.o)
 .debug_frame   0x00001eb0       0x3c c:/program files (x86)/atmel/studio/7.0/toolchain/arm/arm-gnu-toolchain/bin/../lib/gcc/arm-none-eabi/4.9.3/../../../../arm-none-eabi/lib/armv7-m\libc.a(lib_a-memchr.o)
 .debug_frame   0x00001eec       0x30 c:/program files (x86)/atmel/studio/7.0/toolchain/arm/arm-gnu-toolchain/bin/../lib/gcc/arm-none-eabi/4.9.3/../../../../arm-none-eabi/lib/armv7-m\libc.a(lib_a-memmove.o)
 .debug_frame   0x00001f1c       0x30 c:/program files (x86)/atmel/studio/7.0/toolchain/arm/arm-gnu-toolchain/bin/../lib/gcc/arm-none-eabi/4.9.3/../../../../arm-none-eabi/lib/armv7-m\libc.a(lib_a-mlock.o)
 .debug_frame   0x00001f4c       0x58 c:/program files (x86)/atmel/studio/7.0/toolchain/arm/arm-gnu-toolchain/bin/../lib/gcc/arm-none-eabi/4.9.3/../../../../arm-none-eabi/lib/armv7-m\libc.a(lib_a-reallocr.o)
 .debug_frame   0x00001fa4       0x2c c:/program files (x86)/atmel/studio/7.0/toolchain/arm/arm-gnu-toolchain/bin/../lib/gcc/arm-none-eabi/4.9.3/../../../../arm-none-eabi/lib/armv7-m\libc.a(lib_a-sbrkr.o)
 .debug_frame   0x00001fd0       0x88 c:/program files (x86)/atmel/studio/7.0/toolchain/arm/arm-gnu-toolchain/bin/../lib/gcc/arm-none-eabi/4.9.3/../../../../arm-none-eabi/lib/armv7-m\libc.a(lib_a-stdio.o)
 .debug_frame   0x00002058       0x20 c:/program files (x86)/atmel/studio/7.0/toolchain/arm/arm-gnu-toolchain/bin/../lib/gcc/arm-none-eabi/4.9.3/../../../../arm-none-eabi/lib/armv7-m\libc.a(lib_a-strlen.o)
 .debug_frame   0x00002078       0x3c c:/program files (x86)/atmel/studio/7.0/toolchain/arm/arm-gnu-toolchain/bin/../lib/gcc/arm-none-eabi/4.9.3/../../../../arm-none-eabi/lib/armv7-m\libc.a(lib_a-wbuf.o)
 .debug_frame   0x000020b4       0x60 c:/program files (x86)/atmel/studio/7.0/toolchain/arm/arm-gnu-toolchain/bin/../lib/gcc/arm-none-eabi/4.9.3/../../../../arm-none-eabi/lib/armv7-m\libc.a(lib_a-wcrtomb.o)
 .debug_frame   0x00002114       0x48 c:/program files (x86)/atmel/studio/7.0/toolchain/arm/arm-gnu-toolchain/bin/../lib/gcc/arm-none-eabi/4.9.3/../../../../arm-none-eabi/lib/armv7-m\libc.a(lib_a-wctomb_r.o)
 .debug_frame   0x0000215c       0x2c c:/program files (x86)/atmel/studio/7.0/toolchain/arm/arm-gnu-toolchain/bin/../lib/gcc/arm-none-eabi/4.9.3/../../../../arm-none-eabi/lib/armv7-m\libc.a(lib_a-writer.o)
 .debug_frame   0x00002188       0x34 c:/program files (x86)/atmel/studio/7.0/toolchain/arm/arm-gnu-toolchain/bin/../lib/gcc/arm-none-eabi/4.9.3/../../../../arm-none-eabi/lib/armv7-m\libc.a(lib_a-__atexit.o)
 .debug_frame   0x000021bc       0x2c c:/program files (x86)/atmel/studio/7.0/toolchain/arm/arm-gnu-toolchain/bin/../lib/gcc/arm-none-eabi/4.9.3/../../../../arm-none-eabi/lib/armv7-m\libc.a(lib_a-closer.o)
 .debug_frame   0x000021e8       0x44 c:/program files (x86)/atmel/studio/7.0/toolchain/arm/arm-gnu-toolchain/bin/../lib/gcc/arm-none-eabi/4.9.3/../../../../arm-none-eabi/lib/armv7-m\libc.a(lib_a-fclose.o)
 .debug_frame   0x0000222c       0x2c c:/program files (x86)/atmel/studio/7.0/toolchain/arm/arm-gnu-toolchain/bin/../lib/gcc/arm-none-eabi/4.9.3/../../../../arm-none-eabi/lib/armv7-m\libc.a(lib_a-fstatr.o)
 .debug_frame   0x00002258       0x2c c:/program files (x86)/atmel/studio/7.0/toolchain/arm/arm-gnu-toolchain/bin/../lib/gcc/arm-none-eabi/4.9.3/../../../../arm-none-eabi/lib/armv7-m\libc.a(lib_a-isattyr.o)
 .debug_frame   0x00002284       0x2c c:/program files (x86)/atmel/studio/7.0/toolchain/arm/arm-gnu-toolchain/bin/../lib/gcc/arm-none-eabi/4.9.3/../../../../arm-none-eabi/lib/armv7-m\libc.a(lib_a-lseekr.o)
 .debug_frame   0x000022b0       0x2c c:/program files (x86)/atmel/studio/7.0/toolchain/arm/arm-gnu-toolchain/bin/../lib/gcc/arm-none-eabi/4.9.3/../../../../arm-none-eabi/lib/armv7-m\libc.a(lib_a-readr.o)
 .debug_frame   0x000022dc       0x58 c:/program files (x86)/atmel/studio/7.0/toolchain/arm/arm-gnu-toolchain/bin/../lib/gcc/arm-none-eabi/4.9.3/../../../../arm-none-eabi/lib/armv7-m\libc.a(lib_a-reent.o)
 .debug_frame   0x00002334       0x28 c:/program files (x86)/atmel/studio/7.0/toolchain/arm/arm-gnu-toolchain/bin/../lib/gcc/arm-none-eabi/4.9.3/armv7-m\libgcc.a(_aeabi_uldivmod.o)
 .debug_frame   0x0000235c       0x54 c:/program files (x86)/atmel/studio/7.0/toolchain/arm/arm-gnu-toolchain/bin/../lib/gcc/arm-none-eabi/4.9.3/armv7-m\libgcc.a(bpabi.o)
 .debug_frame   0x000023b0       0x34 c:/program files (x86)/atmel/studio/7.0/toolchain/arm/arm-gnu-toolchain/bin/../lib/gcc/arm-none-eabi/4.9.3/armv7-m\libgcc.a(_divdi3.o)
 .debug_frame   0x000023e4       0x34 c:/program files (x86)/atmel/studio/7.0/toolchain/arm/arm-gnu-toolchain/bin/../lib/gcc/arm-none-eabi/4.9.3/armv7-m\libgcc.a(_udivdi3.o)

Cross Reference Table

Symbol                                            File
ADC_Handler                                       src/ASF/sam/utils/cmsis/sam3x/source/templates/exceptions.o
                                                  src/ASF/sam/utils/cmsis/sam3x/source/templates/gcc/startup_sam3x.o
BusFault_Handler                                  src/ASF/sam/utils/cmsis/sam3x/source/templates/exceptions.o
                                                  src/ASF/sam/utils/cmsis/sam3x/source/templates/gcc/startup_sam3x.o
CAN0_Handler                                      src/ASF/sam/utils/cmsis/sam3x/source/templates/exceptions.o
                                                  src/ASF/sam/utils/cmsis/sam3x/source/templates/gcc/startup_sam3x.o
CAN1_Handler                                      src/ASF/sam/utils/cmsis/sam3x/source/templates/exceptions.o
                                                  src/ASF/sam/utils/cmsis/sam3x/source/templates/gcc/startup_sam3x.o