Archive member included because of file (symbol)

c:/program files (x86)/atmel/studio/7.0/toolchain/arm/arm-gnu-toolchain/bin/../lib/gcc/arm-none-eabi/4.9.3/../../../../arm-none-eabi/lib/armv7-m\libc.a(lib_a-exit.o)
                              c:/program files (x86)/atmel/studio/7.0/toolchain/arm/arm-gnu-toolchain/bin/../lib/gcc/arm-none-eabi/4.9.3/../../../../arm-none-eabi/lib/armv7-m/crt0.o (exit)
c:/program files (x86)/atmel/studio/7.0/toolchain/arm/arm-gnu-toolchain/bin/../lib/gcc/arm-none-eabi/4.9.3/../../../../arm-none-eabi/lib/armv7-m\libc.a(lib_a-impure.o)
                              c:/program files (x86)/atmel/studio/7.0/toolchain/arm/arm-gnu-toolchain/bin/../lib/gcc/arm-none-eabi/4.9.3/../../../../arm-none-eabi/lib/armv7-m\libc.a(lib_a-exit.o) (_global_impure_ptr)
c:/program files (x86)/atmel/studio/7.0/toolchain/arm/arm-gnu-toolchain/bin/../lib/gcc/arm-none-eabi/4.9.3/../../../../arm-none-eabi/lib/armv7-m\libc.a(lib_a-init.o)
                              c:/program files (x86)/atmel/studio/7.0/toolchain/arm/arm-gnu-toolchain/bin/../lib/gcc/arm-none-eabi/4.9.3/../../../../arm-none-eabi/lib/armv7-m/crt0.o (__libc_init_array)
c:/program files (x86)/atmel/studio/7.0/toolchain/arm/arm-gnu-toolchain/bin/../lib/gcc/arm-none-eabi/4.9.3/../../../../arm-none-eabi/lib/armv7-m\libc.a(lib_a-iprintf.o)
                              src/drivers/console_driver.o (iprintf)
c:/program files (x86)/atmel/studio/7.0/toolchain/arm/arm-gnu-toolchain/bin/../lib/gcc/arm-none-eabi/4.9.3/../../../../arm-none-eabi/lib/armv7-m\libc.a(lib_a-memset.o)
                              c:/program files (x86)/atmel/studio/7.0/toolchain/arm/arm-gnu-toolchain/bin/../lib/gcc/arm-none-eabi/4.9.3/../../../../arm-none-eabi/lib/armv7-m/crt0.o (memset)
c:/program files (x86)/atmel/studio/7.0/toolchain/arm/arm-gnu-toolchain/bin/../lib/gcc/arm-none-eabi/4.9.3/../../../../arm-none-eabi/lib/armv7-m\libc.a(lib_a-setbuf.o)
                              src/ASF/thirdparty/wireless/addons/sio2host/uart/sio2host.o (setbuf)
c:/program files (x86)/atmel/studio/7.0/toolchain/arm/arm-gnu-toolchain/bin/../lib/gcc/arm-none-eabi/4.9.3/../../../../arm-none-eabi/lib/armv7-m\libc.a(lib_a-setvbuf.o)
                              c:/program files (x86)/atmel/studio/7.0/toolchain/arm/arm-gnu-toolchain/bin/../lib/gcc/arm-none-eabi/4.9.3/../../../../arm-none-eabi/lib/armv7-m\libc.a(lib_a-setbuf.o) (setvbuf)
c:/program files (x86)/atmel/studio/7.0/toolchain/arm/arm-gnu-toolchain/bin/../lib/gcc/arm-none-eabi/4.9.3/../../../../arm-none-eabi/lib/armv7-m\libc.a(lib_a-vfiprintf.o)
                              c:/program files (x86)/atmel/studio/7.0/toolchain/arm/arm-gnu-toolchain/bin/../lib/gcc/arm-none-eabi/4.9.3/../../../../arm-none-eabi/lib/armv7-m\libc.a(lib_a-iprintf.o) (_vfiprintf_r)
c:/program files (x86)/atmel/studio/7.0/toolchain/arm/arm-gnu-toolchain/bin/../lib/gcc/arm-none-eabi/4.9.3/../../../../arm-none-eabi/lib/armv7-m\libc.a(lib_a-wsetup.o)
                              c:/program files (x86)/atmel/studio/7.0/toolchain/arm/arm-gnu-toolchain/bin/../lib/gcc/arm-none-eabi/4.9.3/../../../../arm-none-eabi/lib/armv7-m\libc.a(lib_a-vfiprintf.o) (__swsetup_r)
c:/program files (x86)/atmel/studio/7.0/toolchain/arm/arm-gnu-toolchain/bin/../lib/gcc/arm-none-eabi/4.9.3/../../../../arm-none-eabi/lib/armv7-m\libc.a(lib_a-__call_atexit.o)
                              c:/program files (x86)/atmel/studio/7.0/toolchain/arm/arm-gnu-toolchain/bin/../lib/gcc/arm-none-eabi/4.9.3/../../../../arm-none-eabi/lib/armv7-m\libc.a(lib_a-exit.o) (__call_exitprocs)
c:/program files (x86)/atmel/studio/7.0/toolchain/arm/arm-gnu-toolchain/bin/../lib/gcc/arm-none-eabi/4.9.3/../../../../arm-none-eabi/lib/armv7-m\libc.a(lib_a-atexit.o)
                              c:/program files (x86)/atmel/studio/7.0/toolchain/arm/arm-gnu-toolchain/bin/../lib/gcc/arm-none-eabi/4.9.3/../../../../arm-none-eabi/lib/armv7-m\libc.a(lib_a-__call_atexit.o) (atexit)
c:/program files (x86)/atmel/studio/7.0/toolchain/arm/arm-gnu-toolchain/bin/../lib/gcc/arm-none-eabi/4.9.3/../../../../arm-none-eabi/lib/armv7-m\libc.a(lib_a-fflush.o)
                              c:/program files (x86)/atmel/studio/7.0/toolchain/arm/arm-gnu-toolchain/bin/../lib/gcc/arm-none-eabi/4.9.3/../../../../arm-none-eabi/lib/armv7-m\libc.a(lib_a-setvbuf.o) (_fflush_r)
c:/program files (x86)/atmel/studio/7.0/toolchain/arm/arm-gnu-toolchain/bin/../lib/gcc/arm-none-eabi/4.9.3/../../../../arm-none-eabi/lib/armv7-m\libc.a(lib_a-findfp.o)
                              c:/program files (x86)/atmel/studio/7.0/toolchain/arm/arm-gnu-toolchain/bin/../lib/gcc/arm-none-eabi/4.9.3/../../../../arm-none-eabi/lib/armv7-m\libc.a(lib_a-setvbuf.o) (_cleanup_r)
c:/program files (x86)/atmel/studio/7.0/toolchain/arm/arm-gnu-toolchain/bin/../lib/gcc/arm-none-eabi/4.9.3/../../../../arm-none-eabi/lib/armv7-m\libc.a(lib_a-fini.o)
[...]
Memory Configuration

Name             Origin             Length             Attributes
rom              0x00080000         0x00080000         xr
sram0            0x20000000         0x00010000         xrw
sram1            0x20080000         0x00008000         xrw
ram              0x20070000         0x00018000         xrw
*default*        0x00000000         0xffffffff

Linker script and memory map

LOAD c:/program files (x86)/atmel/studio/7.0/toolchain/arm/arm-gnu-toolchain/bin/../lib/gcc/arm-none-eabi/4.9.3/armv7-m/crti.o
LOAD c:/program files (x86)/atmel/studio/7.0/toolchain/arm/arm-gnu-toolchain/bin/../lib/gcc/arm-none-eabi/4.9.3/armv7-m/crtbegin.o
LOAD c:/program files (x86)/atmel/studio/7.0/toolchain/arm/arm-gnu-toolchain/bin/../lib/gcc/arm-none-eabi/4.9.3/../../../../arm-none-eabi/lib/armv7-m/crt0.o
LOAD src/ASF/common/utils/stdio/read.o
LOAD src/ASF/sam/drivers/usart/usart.o
LOAD src/ASF/thirdparty/wireless/addons/sio2host/uart/sio2host.o
LOAD src/drivers/console_driver.o
LOAD src/drivers/delay.o
LOAD src/drivers/hcsr04.o
LOAD src/pin_mapper.o
LOAD src/ASF/common/utils/stdio/write.o
LOAD src/ASF/common/services/serial/usart_serial.o
LOAD src/ASF/sam/drivers/tc/tc.o
LOAD src/ASF/sam/drivers/uart/uart.o
LOAD src/ASF/common/services/clock/sam3x/sysclk.o
LOAD src/ASF/common/utils/interrupt/interrupt_sam_nvic.o
LOAD src/ASF/sam/boards/arduino_due_x/init.o
LOAD src/ASF/sam/drivers/pio/pio.o
LOAD src/ASF/sam/drivers/pio/pio_handler.o
LOAD src/ASF/sam/drivers/pmc/pmc.o
LOAD src/ASF/sam/drivers/pmc/sleep.o
LOAD src/ASF/sam/utils/cmsis/sam3x/source/templates/exceptions.o
LOAD src/ASF/sam/utils/cmsis/sam3x/source/templates/gcc/startup_sam3x.o
LOAD src/ASF/sam/utils/cmsis/sam3x/source/templates/system_sam3x.o
LOAD src/ASF/sam/utils/syscalls/gcc/syscalls.o
LOAD src/main.o
START GROUP
LOAD ../src/ASF/thirdparty/CMSIS/Lib/GCC\libarm_cortexM3l_math.a
LOAD c:/program files (x86)/atmel/studio/7.0/toolchain/arm/arm-gnu-toolchain/bin/../lib/gcc/arm-none-eabi/4.9.3/../../../../arm-none-eabi/lib/armv7-m\libm.a
END GROUP
START GROUP
LOAD c:/program files (x86)/atmel/studio/7.0/toolchain/arm/arm-gnu-toolchain/bin/../lib/gcc/arm-none-eabi/4.9.3/armv7-m\libgcc.a
LOAD c:/program files (x86)/atmel/studio/7.0/toolchain/arm/arm-gnu-toolchain/bin/../lib/gcc/arm-none-eabi/4.9.3/../../../../arm-none-eabi/lib/armv7-m\libc.a
END GROUP
LOAD c:/program files (x86)/atmel/studio/7.0/toolchain/arm/arm-gnu-toolchain/bin/../lib/gcc/arm-none-eabi/4.9.3/armv7-m/crtend.o
LOAD c:/program files (x86)/atmel/studio/7.0/toolchain/arm/arm-gnu-toolchain/bin/../lib/gcc/arm-none-eabi/4.9.3/armv7-m/crtn.o
                0x00002000                __stack_size__ = DEFINED (__stack_size__)?__stack_size__:0x2000
                0x20087ffc                __ram_end__ = ((ORIGIN (ram) + 0x18000) - 0x4)

.text           0x00080000     0x406c
                0x00080000                . = ALIGN (0x4)
                0x00080000                _sfixed = .
 *(.vectors .vectors.*)
 .vectors       0x00080000       0xf4 src/ASF/sam/utils/cmsis/sam3x/source/templates/gcc/startup_sam3x.o
                0x00080000                exception_table
 *(.text .text.* .gnu.linkonce.t.*)
 .text          0x000800f4       0x5c c:/program files (x86)/atmel/studio/7.0/toolchain/arm/arm-gnu-toolchain/bin/../lib/gcc/arm-none-eabi/4.9.3/armv7-m/crtbegin.o
 .text._read    0x00080150       0x3c src/ASF/common/utils/stdio/read.o
                0x00080150                _read
 .text.usart_write
                0x0008018c       0x14 src/ASF/sam/drivers/usart/usart.o
                0x0008018c                usart_write
 .text.usart_read
                0x000801a0       0x18 src/ASF/sam/drivers/usart/usart.o
                0x000801a0                usart_read
 .text.USART0_Handler
                0x000801b8       0x60 src/ASF/thirdparty/wireless/addons/sio2host/uart/sio2host.o
                0x000801b8                USART0_Handler
 .text.usart_serial_getchar
                0x00080218       0xa8 src/drivers/console_driver.o
 .text.usart_serial_putchar
                0x000802c0       0x9c src/drivers/console_driver.o
 .text.console_init
                0x0008035c       0x94 src/drivers/console_driver.o
                0x0008035c                console_init
 .text.delay_init
                0x000803f0       0x3c src/drivers/delay.o
                0x000803f0                delay_init
 .text.delay_us
                0x0008042c       0x3c src/drivers/delay.o
                0x0008042c                delay_us
 .text.edge_detection
                0x00080468       0x6c src/drivers/hcsr04.o
                0x00080468                edge_detection
 .text.hcsr04_get_distance
                0x000804d4        0xc src/drivers/hcsr04.o
                0x000804d4                hcsr04_get_distance
 .text.TC0_Handler
                0x000804e0       0x94 src/drivers/hcsr04.o
                0x000804e0                TC0_Handler
 .text.hcsr04_init
                0x00080574       0xd0 src/drivers/hcsr04.o
                0x00080574                hcsr04_init
 .text.pin_mapper
                0x00080644        0xc src/pin_mapper.o
                0x00080644                pin_mapper
 .text._write   0x00080650       0x50 src/ASF/common/utils/stdio/write.o
                0x00080650                _write
 .text.usart_serial_read_packet
                0x000806a0       0xc4 src/ASF/common/services/serial/usart_serial.o
                0x000806a0                usart_serial_read_packet
 .text.tc_init  0x00080764       0x1c src/ASF/sam/drivers/tc/tc.o
                0x00080764                tc_init
 .text.tc_set_block_mode
                0x00080780        0x8 src/ASF/sam/drivers/tc/tc.o
                0x00080780                tc_set_block_mode
 .text.tc_start
                0x00080788        0x8 src/ASF/sam/drivers/tc/tc.o
                0x00080788                tc_start
 .text.tc_stop  0x00080790        0x8 src/ASF/sam/drivers/tc/tc.o
                0x00080790                tc_stop
 .text.tc_read_cv
                0x00080798        0x8 src/ASF/sam/drivers/tc/tc.o
                0x00080798                tc_read_cv
 .text.tc_write_rc
                0x000807a0        0x8 src/ASF/sam/drivers/tc/tc.o
                0x000807a0                tc_write_rc
 .text.tc_enable_interrupt
                0x000807a8        0x8 src/ASF/sam/drivers/tc/tc.o
                0x000807a8                tc_enable_interrupt
 .text.tc_get_status
                0x000807b0        0x8 src/ASF/sam/drivers/tc/tc.o
                0x000807b0                tc_get_status
 .text.uart_init
                0x000807b8       0x38 src/ASF/sam/drivers/uart/uart.o
                0x000807b8                uart_init
 .text.uart_write
                0x000807f0       0x10 src/ASF/sam/drivers/uart/uart.o
                0x000807f0                uart_write
 .text.uart_read
                0x00080800       0x14 src/ASF/sam/drivers/uart/uart.o
                0x00080800                uart_read
 .text.sysclk_init
                0x00080814       0x64 src/ASF/common/services/clock/sam3x/sysclk.o
                0x00080814                sysclk_init
 .text.board_init
                0x00080878       0x80 src/ASF/sam/boards/arduino_due_x/init.o
                0x00080878                board_init
 .text.pio_get  0x000808f8       0x18 src/ASF/sam/drivers/pio/pio.o
                0x000808f8                pio_get
 .text.pio_set_peripheral
                0x00080910       0x40 src/ASF/sam/drivers/pio/pio.o
                0x00080910                pio_set_peripheral
 .text.pio_set_input
                0x00080950       0x34 src/ASF/sam/drivers/pio/pio.o
                0x00080950                pio_set_input
 .text.pio_set_output
                0x00080984       0x28 src/ASF/sam/drivers/pio/pio.o
                0x00080984                pio_set_output
 .text.pio_configure_interrupt
                0x000809ac       0x30 src/ASF/sam/drivers/pio/pio.o
                0x000809ac                pio_configure_interrupt
 .text.pio_enable_interrupt
                0x000809dc        0x4 src/ASF/sam/drivers/pio/pio.o
                0x000809dc                pio_enable_interrupt
 .text.pio_get_interrupt_status
                0x000809e0        0x4 src/ASF/sam/drivers/pio/pio.o
                0x000809e0                pio_get_interrupt_status
 .text.pio_get_interrupt_mask
                0x000809e4        0x4 src/ASF/sam/drivers/pio/pio.o
                0x000809e4                pio_get_interrupt_mask
 .text.pio_configure_pin
                0x000809e8       0xd4 src/ASF/sam/drivers/pio/pio.o
                0x000809e8                pio_configure_pin
 .text.pio_configure_pin_group
                0x00080abc       0xa0 src/ASF/sam/drivers/pio/pio.o
                0x00080abc                pio_configure_pin_group
 .text.pio_handler_process
                0x00080b5c       0x50 src/ASF/sam/drivers/pio/pio_handler.o
                0x00080b5c                pio_handler_process
 .text.pio_handler_set
                0x00080bac       0x6c src/ASF/sam/drivers/pio/pio_handler.o
                0x00080bac                pio_handler_set
 .text.PIOA_Handler
                0x00080c18       0x14 src/ASF/sam/drivers/pio/pio_handler.o
                0x00080c18                PIOA_Handler
 .text.PIOB_Handler
                0x00080c2c       0x14 src/ASF/sam/drivers/pio/pio_handler.o
                0x00080c2c                PIOB_Handler
 .text.PIOC_Handler
                0x00080c40       0x14 src/ASF/sam/drivers/pio/pio_handler.o
                0x00080c40                PIOC_Handler
 .text.PIOD_Handler
                0x00080c54       0x14 src/ASF/sam/drivers/pio/pio_handler.o
                0x00080c54                PIOD_Handler
 .text.pmc_switch_mck_to_pllack
                0x00080c68       0x68 src/ASF/sam/drivers/pmc/pmc.o
                0x00080c68                pmc_switch_mck_to_pllack
 .text.pmc_switch_mainck_to_xtal
                0x00080cd0       0x54 src/ASF/sam/drivers/pmc/pmc.o
                0x00080cd0                pmc_switch_mainck_to_xtal
 .text.pmc_osc_is_ready_mainck
                0x00080d24       0x10 src/ASF/sam/drivers/pmc/pmc.o
                0x00080d24                pmc_osc_is_ready_mainck
 .text.pmc_disable_pllack
                0x00080d34       0x10 src/ASF/sam/drivers/pmc/pmc.o
                0x00080d34                pmc_disable_pllack
 .text.pmc_is_locked_pllack
                0x00080d44       0x10 src/ASF/sam/drivers/pmc/pmc.o
                0x00080d44                pmc_is_locked_pllack
 .text.pmc_enable_periph_clk
                0x00080d54       0x54 src/ASF/sam/drivers/pmc/pmc.o
                0x00080d54                pmc_enable_periph_clk
 .text.Dummy_Handler
                0x00080da8        0x4 src/ASF/sam/utils/cmsis/sam3x/source/templates/exceptions.o
                0x00080da8                DACC_Handler
                0x00080da8                DebugMon_Handler
                0x00080da8                DMAC_Handler
                0x00080da8                TRNG_Handler
                0x00080da8                HardFault_Handler
                0x00080da8                TC2_Handler
                0x00080da8                SysTick_Handler
                0x00080da8                USART3_Handler
                0x00080da8                TWI1_Handler
                0x00080da8                PendSV_Handler
                0x00080da8                NMI_Handler
                0x00080da8                TC7_Handler
                0x00080da8                ADC_Handler
                0x00080da8                SMC_Handler
                0x00080da8                RTT_Handler
                0x00080da8                EFC1_Handler
                0x00080da8                RTC_Handler
                0x00080da8                UsageFault_Handler
                0x00080da8                TC6_Handler
                0x00080da8                WDT_Handler
                0x00080da8                CAN0_Handler
                0x00080da8                TC4_Handler
                0x00080da8                TC1_Handler
                0x00080da8                HSMCI_Handler
                0x00080da8                TC3_Handler
                0x00080da8                Dummy_Handler
                0x00080da8                TWI0_Handler
                0x00080da8                USART1_Handler
                0x00080da8                SSC_Handler
                0x00080da8                EFC0_Handler
                0x00080da8                PMC_Handler
                0x00080da8                PWM_Handler
                0x00080da8                CAN1_Handler
                0x00080da8                MemManage_Handler
                0x00080da8                SUPC_Handler
                0x00080da8                SVC_Handler
                0x00080da8                TC8_Handler
                0x00080da8                USART2_Handler
                0x00080da8                EMAC_Handler
                0x00080da8                UART_Handler
                0x00080da8                BusFault_Handler
                0x00080da8                RSTC_Handler
                0x00080da8                TC5_Handler
                0x00080da8                UOTGHS_Handler
                0x00080da8                SPI0_Handler
 .text.Reset_Handler
                0x00080dac       0xb0 src/ASF/sam/utils/cmsis/sam3x/source/templates/gcc/startup_sam3x.o
                0x00080dac                Reset_Handler
 .text.SystemCoreClockUpdate
                0x00080e5c      0x11c src/ASF/sam/utils/cmsis/sam3x/source/templates/system_sam3x.o
                0x00080e5c                SystemCoreClockUpdate
 .text._sbrk    0x00080f78       0x34 src/ASF/sam/utils/syscalls/gcc/syscalls.o
                0x00080f78                _sbrk
 .text._close   0x00080fac        0x8 src/ASF/sam/utils/syscalls/gcc/syscalls.o
                0x00080fac                _close
 .text._fstat   0x00080fb4        0xc src/ASF/sam/utils/syscalls/gcc/syscalls.o
                0x00080fb4                _fstat
 .text._isatty  0x00080fc0        0x4 src/ASF/sam/utils/syscalls/gcc/syscalls.o
                0x00080fc0                _isatty
 .text._lseek   0x00080fc4        0x4 src/ASF/sam/utils/syscalls/gcc/syscalls.o
                0x00080fc4                _lseek
 .text.main     0x00080fc8       0x9c src/main.o
                0x00080fc8                main
 .text.__libc_init_array
                0x00081064       0x50 c:/program files (x86)/atmel/studio/7.0/toolchain/arm/arm-gnu-toolchain/bin/../lib/gcc/arm-none-eabi/4.9.3/../../../../arm-none-eabi/lib/armv7-m\libc.a(lib_a-init.o)
                0x00081064                __libc_init_array
 .text.iprintf  0x000810b4       0x28 c:/program files (x86)/atmel/studio/7.0/toolchain/arm/arm-gnu-toolchain/bin/../lib/gcc/arm-none-eabi/4.9.3/../../../../arm-none-eabi/lib/armv7-m\libc.a(lib_a-iprintf.o)
                0x000810b4                iprintf
 .text.memset   0x000810dc       0x9c c:/program files (x86)/atmel/studio/7.0/toolchain/arm/arm-gnu-toolchain/bin/../lib/gcc/arm-none-eabi/4.9.3/../../../../arm-none-eabi/lib/armv7-m\libc.a(lib_a-memset.o)
                0x000810dc                memset
 .text.setbuf   0x00081178       0x10 c:/program files (x86)/atmel/studio/7.0/toolchain/arm/arm-gnu-toolchain/bin/../lib/gcc/arm-none-eabi/4.9.3/../../../../arm-none-eabi/lib/armv7-m\libc.a(lib_a-setbuf.o)
                0x00081178                setbuf
 .text.setvbuf  0x00081188       0xf8 c:/program files (x86)/atmel/studio/7.0/toolchain/arm/arm-gnu-toolchain/bin/../lib/gcc/arm-none-eabi/4.9.3/../../../../arm-none-eabi/lib/armv7-m\libc.a(lib_a-setvbuf.o)
                0x00081188                setvbuf
 .text.__sprint_r.part.0
                0x00081280       0x78 c:/program files (x86)/atmel/studio/7.0/toolchain/arm/arm-gnu-toolchain/bin/../lib/gcc/arm-none-eabi/4.9.3/../../../../arm-none-eabi/lib/armv7-m\libc.a(lib_a-vfiprintf.o)
 .text._vfiprintf_r
                0x000812f8      0xc10 c:/program files (x86)/atmel/studio/7.0/toolchain/arm/arm-gnu-toolchain/bin/../lib/gcc/arm-none-eabi/4.9.3/../../../../arm-none-eabi/lib/armv7-m\libc.a(lib_a-vfiprintf.o)
                0x000812f8                _vfiprintf_r
 .text.__sbprintf
                0x00081f08       0x7c c:/program files (x86)/atmel/studio/7.0/toolchain/arm/arm-gnu-toolchain/bin/../lib/gcc/arm-none-eabi/4.9.3/../../../../arm-none-eabi/lib/armv7-m\libc.a(lib_a-vfiprintf.o)
 .text.__swsetup_r
                0x00081f84       0xc4 c:/program files (x86)/atmel/studio/7.0/toolchain/arm/arm-gnu-toolchain/bin/../lib/gcc/arm-none-eabi/4.9.3/../../../../arm-none-eabi/lib/armv7-m\libc.a(lib_a-wsetup.o)
                0x00081f84                __swsetup_r
 .text.startup.register_fini
                0x00082048       0x14 c:/program files (x86)/atmel/studio/7.0/toolchain/arm/arm-gnu-toolchain/bin/../lib/gcc/arm-none-eabi/4.9.3/../../../../arm-none-eabi/lib/armv7-m\libc.a(lib_a-__call_atexit.o)
 .text.atexit   0x0008205c        0xc c:/program files (x86)/atmel/studio/7.0/toolchain/arm/arm-gnu-toolchain/bin/../lib/gcc/arm-none-eabi/4.9.3/../../../../arm-none-eabi/lib/armv7-m\libc.a(lib_a-atexit.o)
                0x0008205c                atexit
 .text.__sflush_r
                0x00082068      0x148 c:/program files (x86)/atmel/studio/7.0/toolchain/arm/arm-gnu-toolchain/bin/../lib/gcc/arm-none-eabi/4.9.3/../../../../arm-none-eabi/lib/armv7-m\libc.a(lib_a-fflush.o)
                0x00082068                __sflush_r
 .text._fflush_r
                0x000821b0       0x2c c:/program files (x86)/atmel/studio/7.0/toolchain/arm/arm-gnu-toolchain/bin/../lib/gcc/arm-none-eabi/4.9.3/../../../../arm-none-eabi/lib/armv7-m\libc.a(lib_a-fflush.o)
                0x000821b0                _fflush_r
 .text._cleanup_r
                0x000821dc        0xc c:/program files (x86)/atmel/studio/7.0/toolchain/arm/arm-gnu-toolchain/bin/../lib/gcc/arm-none-eabi/4.9.3/../../../../arm-none-eabi/lib/armv7-m\libc.a(lib_a-findfp.o)
                0x000821dc                _cleanup_r
 .text.__sinit.part.1
                0x000821e8       0xf0 c:/program files (x86)/atmel/studio/7.0/toolchain/arm/arm-gnu-toolchain/bin/../lib/gcc/arm-none-eabi/4.9.3/../../../../arm-none-eabi/lib/armv7-m\libc.a(lib_a-findfp.o)
 .text.__sinit  0x000822d8        0xc c:/program files (x86)/atmel/studio/7.0/toolchain/arm/arm-gnu-toolchain/bin/../lib/gcc/arm-none-eabi/4.9.3/../../../../arm-none-eabi/lib/armv7-m\libc.a(lib_a-findfp.o)
                0x000822d8                __sinit
 .text.__sfp_lock_acquire
                0x000822e4        0x4 c:/program files (x86)/atmel/studio/7.0/toolchain/arm/arm-gnu-toolchain/bin/../lib/gcc/arm-none-eabi/4.9.3/../../../../arm-none-eabi/lib/armv7-m\libc.a(lib_a-findfp.o)
                0x000822e4                __sfp_lock_acquire
 .text.__sfp_lock_release
                0x000822e8        0x4 c:/program files (x86)/atmel/studio/7.0/toolchain/arm/arm-gnu-toolchain/bin/../lib/gcc/arm-none-eabi/4.9.3/../../../../arm-none-eabi/lib/armv7-m\libc.a(lib_a-findfp.o)
                0x000822e8                __sfp_lock_release
 .text.__libc_fini_array
                0x000822ec       0x2c c:/program files (x86)/atmel/studio/7.0/toolchain/arm/arm-gnu-toolchain/bin/../lib/gcc/arm-none-eabi/4.9.3/../../../../arm-none-eabi/lib/armv7-m\libc.a(lib_a-fini.o)
                0x000822ec                __libc_fini_array
 .text.__fputwc
                0x00082318       0xb0 c:/program files (x86)/atmel/studio/7.0/toolchain/arm/arm-gnu-toolchain/bin/../lib/gcc/arm-none-eabi/4.9.3/../../../../arm-none-eabi/lib/armv7-m\libc.a(lib_a-fputwc.o)
                0x00082318                __fputwc
 .text._fputwc_r
                0x000823c8       0x24 c:/program files (x86)/atmel/studio/7.0/toolchain/arm/arm-gnu-toolchain/bin/../lib/gcc/arm-none-eabi/4.9.3/../../../../arm-none-eabi/lib/armv7-m\libc.a(lib_a-fputwc.o)
                0x000823c8                _fputwc_r
 .text._malloc_trim_r
                0x000823ec       0x9c c:/program files (x86)/atmel/studio/7.0/toolchain/arm/arm-gnu-toolchain/bin/../lib/gcc/arm-none-eabi/4.9.3/../../../../arm-none-eabi/lib/armv7-m\libc.a(lib_a-freer.o)
                0x000823ec                _malloc_trim_r
 .text._free_r  0x00082488      0x1b0 c:/program files (x86)/atmel/studio/7.0/toolchain/arm/arm-gnu-toolchain/bin/../lib/gcc/arm-none-eabi/4.9.3/../../../../arm-none-eabi/lib/armv7-m\libc.a(lib_a-freer.o)
                0x00082488                _free_r
 .text.__sfvwrite_r
                0x00082638      0x320 c:/program files (x86)/atmel/studio/7.0/toolchain/arm/arm-gnu-toolchain/bin/../lib/gcc/arm-none-eabi/4.9.3/../../../../arm-none-eabi/lib/armv7-m\libc.a(lib_a-fvwrite.o)
                0x00082638                __sfvwrite_r
 .text._fwalk_reent
                0x00082958       0x50 c:/program files (x86)/atmel/studio/7.0/toolchain/arm/arm-gnu-toolchain/bin/../lib/gcc/arm-none-eabi/4.9.3/../../../../arm-none-eabi/lib/armv7-m\libc.a(lib_a-fwalk.o)
                0x00082958                _fwalk_reent
 .text.__locale_charset
                0x000829a8        0x8 c:/program files (x86)/atmel/studio/7.0/toolchain/arm/arm-gnu-toolchain/bin/../lib/gcc/arm-none-eabi/4.9.3/../../../../arm-none-eabi/lib/armv7-m\libc.a(lib_a-locale.o)
                0x000829a8                __locale_charset
 .text.__locale_mb_cur_max
                0x000829b0        0xc c:/program files (x86)/atmel/studio/7.0/toolchain/arm/arm-gnu-toolchain/bin/../lib/gcc/arm-none-eabi/4.9.3/../../../../arm-none-eabi/lib/armv7-m\libc.a(lib_a-locale.o)
                0x000829b0                __locale_mb_cur_max
 .text.__smakebuf_r
                0x000829bc       0xe0 c:/program files (x86)/atmel/studio/7.0/toolchain/arm/arm-gnu-toolchain/bin/../lib/gcc/arm-none-eabi/4.9.3/../../../../arm-none-eabi/lib/armv7-m\libc.a(lib_a-makebuf.o)
                0x000829bc                __smakebuf_r
 .text.malloc   0x00082a9c       0x10 c:/program files (x86)/atmel/studio/7.0/toolchain/arm/arm-gnu-toolchain/bin/../lib/gcc/arm-none-eabi/4.9.3/../../../../arm-none-eabi/lib/armv7-m\libc.a(lib_a-malloc.o)
                0x00082a9c                malloc
 .text._malloc_r
                0x00082aac      0x50c c:/program files (x86)/atmel/studio/7.0/toolchain/arm/arm-gnu-toolchain/bin/../lib/gcc/arm-none-eabi/4.9.3/../../../../arm-none-eabi/lib/armv7-m\libc.a(lib_a-mallocr.o)
                0x00082aac                _malloc_r
 .text.memchr   0x00082fb8       0x94 c:/program files (x86)/atmel/studio/7.0/toolchain/arm/arm-gnu-toolchain/bin/../lib/gcc/arm-none-eabi/4.9.3/../../../../arm-none-eabi/lib/armv7-m\libc.a(lib_a-memchr.o)
                0x00082fb8                memchr
 .text          0x0008304c       0xec c:/program files (x86)/atmel/studio/7.0/toolchain/arm/arm-gnu-toolchain/bin/../lib/gcc/arm-none-eabi/4.9.3/../../../../arm-none-eabi/lib/armv7-m\libc.a(lib_a-memcpy.o)
                0x0008304c                memcpy
 .text.memmove  0x00083138       0xc8 c:/program files (x86)/atmel/studio/7.0/toolchain/arm/arm-gnu-toolchain/bin/../lib/gcc/arm-none-eabi/4.9.3/../../../../arm-none-eabi/lib/armv7-m\libc.a(lib_a-memmove.o)
                0x00083138                memmove
 .text.__malloc_lock
                0x00083200        0x4 c:/program files (x86)/atmel/studio/7.0/toolchain/arm/arm-gnu-toolchain/bin/../lib/gcc/arm-none-eabi/4.9.3/../../../../arm-none-eabi/lib/armv7-m\libc.a(lib_a-mlock.o)
                0x00083200                __malloc_lock
 .text.__malloc_unlock
                0x00083204        0x4 c:/program files (x86)/atmel/studio/7.0/toolchain/arm/arm-gnu-toolchain/bin/../lib/gcc/arm-none-eabi/4.9.3/../../../../arm-none-eabi/lib/armv7-m\libc.a(lib_a-mlock.o)
                0x00083204                __malloc_unlock
 .text._realloc_r
                0x00083208      0x3e0 c:/program files (x86)/atmel/studio/7.0/toolchain/arm/arm-gnu-toolchain/bin/../lib/gcc/arm-none-eabi/4.9.3/../../../../arm-none-eabi/lib/armv7-m\libc.a(lib_a-reallocr.o)
                0x00083208                _realloc_r
 .text._sbrk_r  0x000835e8       0x24 c:/program files (x86)/atmel/studio/7.0/toolchain/arm/arm-gnu-toolchain/bin/../lib/gcc/arm-none-eabi/4.9.3/../../../../arm-none-eabi/lib/armv7-m\libc.a(lib_a-sbrkr.o)
                0x000835e8                _sbrk_r
 .text.__sread  0x0008360c       0x24 c:/program files (x86)/atmel/studio/7.0/toolchain/arm/arm-gnu-toolchain/bin/../lib/gcc/arm-none-eabi/4.9.3/../../../../arm-none-eabi/lib/armv7-m\libc.a(lib_a-stdio.o)
                0x0008360c                __sread
 .text.__swrite
                0x00083630       0x38 c:/program files (x86)/atmel/studio/7.0/toolchain/arm/arm-gnu-toolchain/bin/../lib/gcc/arm-none-eabi/4.9.3/../../../../arm-none-eabi/lib/armv7-m\libc.a(lib_a-stdio.o)
                0x00083630                __swrite
 .text.__sseek  0x00083668       0x20 c:/program files (x86)/atmel/studio/7.0/toolchain/arm/arm-gnu-toolchain/bin/../lib/gcc/arm-none-eabi/4.9.3/../../../../arm-none-eabi/lib/armv7-m\libc.a(lib_a-stdio.o)
                0x00083668                __sseek
 .text.__sclose
                0x00083688        0x8 c:/program files (x86)/atmel/studio/7.0/toolchain/arm/arm-gnu-toolchain/bin/../lib/gcc/arm-none-eabi/4.9.3/../../../../arm-none-eabi/lib/armv7-m\libc.a(lib_a-stdio.o)
                0x00083688                __sclose
 .text.strlen   0x00083690       0x5c c:/program files (x86)/atmel/studio/7.0/toolchain/arm/arm-gnu-toolchain/bin/../lib/gcc/arm-none-eabi/4.9.3/../../../../arm-none-eabi/lib/armv7-m\libc.a(lib_a-strlen.o)
                0x00083690                strlen
 .text.__swbuf_r
                0x000836ec       0xa8 c:/program files (x86)/atmel/studio/7.0/toolchain/arm/arm-gnu-toolchain/bin/../lib/gcc/arm-none-eabi/4.9.3/../../../../arm-none-eabi/lib/armv7-m\libc.a(lib_a-wbuf.o)
                0x000836ec                __swbuf_r
 .text._wcrtomb_r
                0x00083794       0x54 c:/program files (x86)/atmel/studio/7.0/toolchain/arm/arm-gnu-toolchain/bin/../lib/gcc/arm-none-eabi/4.9.3/../../../../arm-none-eabi/lib/armv7-m\libc.a(lib_a-wcrtomb.o)
                0x00083794                _wcrtomb_r
 .text.__ascii_wctomb
                0x000837e8       0x1c c:/program files (x86)/atmel/studio/7.0/toolchain/arm/arm-gnu-toolchain/bin/../lib/gcc/arm-none-eabi/4.9.3/../../../../arm-none-eabi/lib/armv7-m\libc.a(lib_a-wctomb_r.o)
                0x000837e8                __ascii_wctomb
 .text._write_r
                0x00083804       0x28 c:/program files (x86)/atmel/studio/7.0/toolchain/arm/arm-gnu-toolchain/bin/../lib/gcc/arm-none-eabi/4.9.3/../../../../arm-none-eabi/lib/armv7-m\libc.a(lib_a-writer.o)
                0x00083804                _write_r
 .text.__register_exitproc
                0x0008382c       0xa4 c:/program files (x86)/atmel/studio/7.0/toolchain/arm/arm-gnu-toolchain/bin/../lib/gcc/arm-none-eabi/4.9.3/../../../../arm-none-eabi/lib/armv7-m\libc.a(lib_a-__atexit.o)
                0x0008382c                __register_exitproc
 .text._close_r
                0x000838d0       0x24 c:/program files (x86)/atmel/studio/7.0/toolchain/arm/arm-gnu-toolchain/bin/../lib/gcc/arm-none-eabi/4.9.3/../../../../arm-none-eabi/lib/armv7-m\libc.a(lib_a-closer.o)
                0x000838d0                _close_r
 .text._fclose_r
                0x000838f4       0x84 c:/program files (x86)/atmel/studio/7.0/toolchain/arm/arm-gnu-toolchain/bin/../lib/gcc/arm-none-eabi/4.9.3/../../../../arm-none-eabi/lib/armv7-m\libc.a(lib_a-fclose.o)
                0x000838f4                _fclose_r
 .text._fstat_r
                0x00083978       0x28 c:/program files (x86)/atmel/studio/7.0/toolchain/arm/arm-gnu-toolchain/bin/../lib/gcc/arm-none-eabi/4.9.3/../../../../arm-none-eabi/lib/armv7-m\libc.a(lib_a-fstatr.o)
                0x00083978                _fstat_r
 .text._isatty_r
                0x000839a0       0x24 c:/program files (x86)/atmel/studio/7.0/toolchain/arm/arm-gnu-toolchain/bin/../lib/gcc/arm-none-eabi/4.9.3/../../../../arm-none-eabi/lib/armv7-m\libc.a(lib_a-isattyr.o)
                0x000839a0                _isatty_r
 .text._lseek_r
                0x000839c4       0x28 c:/program files (x86)/atmel/studio/7.0/toolchain/arm/arm-gnu-toolchain/bin/../lib/gcc/arm-none-eabi/4.9.3/../../../../arm-none-eabi/lib/armv7-m\libc.a(lib_a-lseekr.o)
                0x000839c4                _lseek_r
 .text._read_r  0x000839ec       0x28 c:/program files (x86)/atmel/studio/7.0/toolchain/arm/arm-gnu-toolchain/bin/../lib/gcc/arm-none-eabi/4.9.3/../../../../arm-none-eabi/lib/armv7-m\libc.a(lib_a-readr.o)
                0x000839ec                _read_r
 .text          0x00083a14       0x30 c:/program files (x86)/atmel/studio/7.0/toolchain/arm/arm-gnu-toolchain/bin/../lib/gcc/arm-none-eabi/4.9.3/armv7-m\libgcc.a(_aeabi_uldivmod.o)
                0x00083a14                __aeabi_uldivmod
 .text          0x00083a44       0x60 c:/program files (x86)/atmel/studio/7.0/toolchain/arm/arm-gnu-toolchain/bin/../lib/gcc/arm-none-eabi/4.9.3/armv7-m\libgcc.a(bpabi.o)
                0x00083a44                __gnu_ldivmod_helper
                0x00083a74                __gnu_uldivmod_helper
 .text          0x00083aa4        0x4 c:/program files (x86)/atmel/studio/7.0/toolchain/arm/arm-gnu-toolchain/bin/../lib/gcc/arm-none-eabi/4.9.3/armv7-m\libgcc.a(_dvmd_tls.o)
                0x00083aa4                __aeabi_idiv0
                0x00083aa4                __aeabi_ldiv0
 .text          0x00083aa8      0x2ac c:/program files (x86)/atmel/studio/7.0/toolchain/arm/arm-gnu-toolchain/bin/../lib/gcc/arm-none-eabi/4.9.3/armv7-m\libgcc.a(_divdi3.o)
                0x00083aa8                __divdi3
 .text          0x00083d54      0x270 c:/program files (x86)/atmel/studio/7.0/toolchain/arm/arm-gnu-toolchain/bin/../lib/gcc/arm-none-eabi/4.9.3/armv7-m\libgcc.a(_udivdi3.o)
                0x00083d54                __udivdi3
 *(.glue_7t)
 .glue_7t       0x00000000        0x0 linker stubs
 *(.glue_7)
 .glue_7        0x00000000        0x0 linker stubs
 *(.rodata .rodata* .gnu.linkonce.r.*)
 .rodata.str1.4
                0x00083fc4       0x1f src/drivers/console_driver.o
 *fill*         0x00083fe3        0x1 
 .rodata.str1.4
                0x00083fe4        0xc src/main.o
 .rodata.str1.4
                0x00083ff0        0x2 c:/program files (x86)/atmel/studio/7.0/toolchain/arm/arm-gnu-toolchain/bin/../lib/gcc/arm-none-eabi/4.9.3/../../../../arm-none-eabi/lib/armv7-m\libc.a(lib_a-impure.o)
 *fill*         0x00083ff2        0x2 
 .rodata._global_impure_ptr
                0x00083ff4        0x4 c:/program files (x86)/atmel/studio/7.0/toolchain/arm/arm-gnu-toolchain/bin/../lib/gcc/arm-none-eabi/4.9.3/../../../../arm-none-eabi/lib/armv7-m\libc.a(lib_a-impure.o)
                0x00083ff4                _global_impure_ptr
 .rodata.zeroes.6869
                0x00083ff8       0x10 c:/program files (x86)/atmel/studio/7.0/toolchain/arm/arm-gnu-toolchain/bin/../lib/gcc/arm-none-eabi/4.9.3/../../../../arm-none-eabi/lib/armv7-m\libc.a(lib_a-vfiprintf.o)
 .rodata.str1.4
                0x00084008       0x30 c:/program files (x86)/atmel/studio/7.0/toolchain/arm/arm-gnu-toolchain/bin/../lib/gcc/arm-none-eabi/4.9.3/../../../../arm-none-eabi/lib/armv7-m\libc.a(lib_a-vfiprintf.o)
                                 0x2f (size before relaxing)
 .rodata.blanks.6868
                0x00084038       0x10 c:/program files (x86)/atmel/studio/7.0/toolchain/arm/arm-gnu-toolchain/bin/../lib/gcc/arm-none-eabi/4.9.3/../../../../arm-none-eabi/lib/armv7-m\libc.a(lib_a-vfiprintf.o)
 *(.ARM.extab* .gnu.linkonce.armextab.*)
                0x00084048                . = ALIGN (0x4)
 *(.init)
 .init          0x00084048        0x4 c:/program files (x86)/atmel/studio/7.0/toolchain/arm/arm-gnu-toolchain/bin/../lib/gcc/arm-none-eabi/4.9.3/armv7-m/crti.o
                0x00084048                _init
 .init          0x0008404c        0x8 c:/program files (x86)/atmel/studio/7.0/toolchain/arm/arm-gnu-toolchain/bin/../lib/gcc/arm-none-eabi/4.9.3/armv7-m/crtn.o
                0x00084054                . = ALIGN (0x4)
                0x00084054                __preinit_array_start = .
 *(.preinit_array)
                0x00084054                __preinit_array_end = .
                0x00084054                . = ALIGN (0x4)
                0x00084054                __init_array_start = .
 *(SORT(.init_array.*))
 .init_array.00000
                0x00084054        0x4 c:/program files (x86)/atmel/studio/7.0/toolchain/arm/arm-gnu-toolchain/bin/../lib/gcc/arm-none-eabi/4.9.3/../../../../arm-none-eabi/lib/armv7-m\libc.a(lib_a-__call_atexit.o)
 *(.init_array)
 .init_array    0x00084058        0x4 c:/program files (x86)/atmel/studio/7.0/toolchain/arm/arm-gnu-toolchain/bin/../lib/gcc/arm-none-eabi/4.9.3/armv7-m/crtbegin.o
                0x0008405c                __init_array_end = .
                0x0008405c                . = ALIGN (0x4)
 *crtbegin.o(.ctors)
 *(EXCLUDE_FILE(*crtend.o) .ctors)
 *(SORT(.ctors.*))
 *crtend.o(.ctors)
                0x0008405c                . = ALIGN (0x4)
 *(.fini)
 .fini          0x0008405c        0x4 c:/program files (x86)/atmel/studio/7.0/toolchain/arm/arm-gnu-toolchain/bin/../lib/gcc/arm-none-eabi/4.9.3/armv7-m/crti.o
                0x0008405c                _fini
 .fini          0x00084060        0x8 c:/program files (x86)/atmel/studio/7.0/toolchain/arm/arm-gnu-toolchain/bin/../lib/gcc/arm-none-eabi/4.9.3/armv7-m/crtn.o
                0x00084068                . = ALIGN (0x4)
                0x00084068                __fini_array_start = .
 *(.fini_array)
 .fini_array    0x00084068        0x4 c:/program files (x86)/atmel/studio/7.0/toolchain/arm/arm-gnu-toolchain/bin/../lib/gcc/arm-none-eabi/4.9.3/armv7-m/crtbegin.o
 *(SORT(.fini_array.*))
                0x0008406c                __fini_array_end = .
 *crtbegin.o(.dtors)
 *(EXCLUDE_FILE(*crtend.o) .dtors)
 *(SORT(.dtors.*))
 *crtend.o(.dtors)
                0x0008406c                . = ALIGN (0x4)
                0x0008406c                _efixed = .
                0x0008406c                PROVIDE (__exidx_start, .)

.vfp11_veneer   0x0008406c        0x0
 .vfp11_veneer  0x00000000        0x0 linker stubs

.v4_bx          0x0008406c        0x0
 .v4_bx         0x00000000        0x0 linker stubs

.iplt           0x0008406c        0x0
 .iplt          0x00000000        0x0 c:/program files (x86)/atmel/studio/7.0/toolchain/arm/arm-gnu-toolchain/bin/../lib/gcc/arm-none-eabi/4.9.3/armv7-m/crtbegin.o

.ARM.exidx      0x0008406c        0x8
 *(.ARM.exidx* .gnu.linkonce.armexidx.*)
 .ARM.exidx     0x0008406c        0x8 c:/program files (x86)/atmel/studio/7.0/toolchain/arm/arm-gnu-toolchain/bin/../lib/gcc/arm-none-eabi/4.9.3/armv7-m\libgcc.a(_divdi3.o)
 .ARM.exidx     0x00084074        0x0 c:/program files (x86)/atmel/studio/7.0/toolchain/arm/arm-gnu-toolchain/bin/../lib/gcc/arm-none-eabi/4.9.3/armv7-m\libgcc.a(_udivdi3.o)
                                  0x8 (size before relaxing)
                0x00084074                PROVIDE (__exidx_end, .)

.eh_frame       0x00084074        0x0
 .eh_frame      0x00084074        0x0 c:/program files (x86)/atmel/studio/7.0/toolchain/arm/arm-gnu-toolchain/bin/../lib/gcc/arm-none-eabi/4.9.3/armv7-m/crtbegin.o

.rel.dyn        0x00084074        0x0
 .rel.iplt      0x00000000        0x0 c:/program files (x86)/atmel/studio/7.0/toolchain/arm/arm-gnu-toolchain/bin/../lib/gcc/arm-none-eabi/4.9.3/armv7-m/crtbegin.o

.jcr            0x00084074        0x0
 .jcr           0x00084074        0x0 c:/program files (x86)/atmel/studio/7.0/toolchain/arm/arm-gnu-toolchain/bin/../lib/gcc/arm-none-eabi/4.9.3/armv7-m/crtbegin.o

.igot.plt       0x00084074        0x0
 .igot.plt      0x00000000        0x0 c:/program files (x86)/atmel/studio/7.0/toolchain/arm/arm-gnu-toolchain/bin/../lib/gcc/arm-none-eabi/4.9.3/armv7-m/crtbegin.o
                0x00084074                . = ALIGN (0x4)
                0x00084074                _etext = .

.relocate       0x20070000      0x9dc load address 0x00084074
                0x20070000                . = ALIGN (0x4)
                0x20070000                _srelocate = .
 *(.ramfunc .ramfunc.*)
 .ramfunc       0x20070000      0x12c src/ASF/sam/utils/cmsis/sam3x/source/templates/system_sam3x.o
                0x20070000                SystemInit
                0x200700a4                system_init_flash
 *(.data .data.*)
 .data.pin_table
                0x2007012c       0x42 src/pin_mapper.o
                0x2007012c                pin_table
 .data.g_interrupt_enabled
                0x2007016e        0x1 src/ASF/common/utils/interrupt/interrupt_sam_nvic.o
                0x2007016e                g_interrupt_enabled
 *fill*         0x2007016f        0x1 
 .data.SystemCoreClock
                0x20070170        0x4 src/ASF/sam/utils/cmsis/sam3x/source/templates/system_sam3x.o
                0x20070170                SystemCoreClock
 *fill*         0x20070174        0x4 
 .data.impure_data
                0x20070178      0x428 c:/program files (x86)/atmel/studio/7.0/toolchain/arm/arm-gnu-toolchain/bin/../lib/gcc/arm-none-eabi/4.9.3/../../../../arm-none-eabi/lib/armv7-m\libc.a(lib_a-impure.o)
 .data._impure_ptr
                0x200705a0        0x4 c:/program files (x86)/atmel/studio/7.0/toolchain/arm/arm-gnu-toolchain/bin/../lib/gcc/arm-none-eabi/4.9.3/../../../../arm-none-eabi/lib/armv7-m\libc.a(lib_a-impure.o)
                0x200705a0                _impure_ptr
 .data.lc_ctype_charset
                0x200705a4       0x20 c:/program files (x86)/atmel/studio/7.0/toolchain/arm/arm-gnu-toolchain/bin/../lib/gcc/arm-none-eabi/4.9.3/../../../../arm-none-eabi/lib/armv7-m\libc.a(lib_a-locale.o)
 .data.__mb_cur_max
                0x200705c4        0x4 c:/program files (x86)/atmel/studio/7.0/toolchain/arm/arm-gnu-toolchain/bin/../lib/gcc/arm-none-eabi/4.9.3/../../../../arm-none-eabi/lib/armv7-m\libc.a(lib_a-locale.o)
                0x200705c4                __mb_cur_max
 .data.__malloc_av_
                0x200705c8      0x408 c:/program files (x86)/atmel/studio/7.0/toolchain/arm/arm-gnu-toolchain/bin/../lib/gcc/arm-none-eabi/4.9.3/../../../../arm-none-eabi/lib/armv7-m\libc.a(lib_a-mallocr.o)
                0x200705c8                __malloc_av_
 .data.__malloc_trim_threshold
                0x200709d0        0x4 c:/program files (x86)/atmel/studio/7.0/toolchain/arm/arm-gnu-toolchain/bin/../lib/gcc/arm-none-eabi/4.9.3/../../../../arm-none-eabi/lib/armv7-m\libc.a(lib_a-mallocr.o)
                0x200709d0                __malloc_trim_threshold
 .data.__malloc_sbrk_base
                0x200709d4        0x4 c:/program files (x86)/atmel/studio/7.0/toolchain/arm/arm-gnu-toolchain/bin/../lib/gcc/arm-none-eabi/4.9.3/../../../../arm-none-eabi/lib/armv7-m\libc.a(lib_a-mallocr.o)
                0x200709d4                __malloc_sbrk_base
 .data.__wctomb
                0x200709d8        0x4 c:/program files (x86)/atmel/studio/7.0/toolchain/arm/arm-gnu-toolchain/bin/../lib/gcc/arm-none-eabi/4.9.3/../../../../arm-none-eabi/lib/armv7-m\libc.a(lib_a-wctomb_r.o)
                0x200709d8                __wctomb
                0x200709dc                . = ALIGN (0x4)
                0x200709dc                _erelocate = .

.bss            0x200709dc      0x17c load address 0x00084a50
                0x200709dc                . = ALIGN (0x4)
                0x200709dc                _sbss = .
                0x200709dc                _szero = .
 *(.bss .bss.*)
 .bss           0x200709dc       0x1c c:/program files (x86)/atmel/studio/7.0/toolchain/arm/arm-gnu-toolchain/bin/../lib/gcc/arm-none-eabi/4.9.3/armv7-m/crtbegin.o
 .bss.serial_rx_buf
                0x200709f8       0x9c src/ASF/thirdparty/wireless/addons/sio2host/uart/sio2host.o
 .bss.serial_rx_buf_tail
                0x20070a94        0x1 src/ASF/thirdparty/wireless/addons/sio2host/uart/sio2host.o
 *fill*         0x20070a95        0x3 
 .bss.last_sample
                0x20070a98        0x4 src/drivers/hcsr04.o
 .bss.gs_ul_nb_sources
                0x20070a9c        0x4 src/ASF/sam/drivers/pio/pio_handler.o
 .bss.gs_interrupt_sources
                0x20070aa0       0x70 src/ASF/sam/drivers/pio/pio_handler.o
 .bss.heap.5212
                0x20070b10        0x4 src/ASF/sam/utils/syscalls/gcc/syscalls.o
 .bss.__malloc_max_total_mem
                0x20070b14        0x4 c:/program files (x86)/atmel/studio/7.0/toolchain/arm/arm-gnu-toolchain/bin/../lib/gcc/arm-none-eabi/4.9.3/../../../../arm-none-eabi/lib/armv7-m\libc.a(lib_a-mallocr.o)
                0x20070b14                __malloc_max_total_mem
 .bss.__malloc_max_sbrked_mem
                0x20070b18        0x4 c:/program files (x86)/atmel/studio/7.0/toolchain/arm/arm-gnu-toolchain/bin/../lib/gcc/arm-none-eabi/4.9.3/../../../../arm-none-eabi/lib/armv7-m\libc.a(lib_a-mallocr.o)
                0x20070b18                __malloc_max_sbrked_mem
 .bss.__malloc_top_pad
                0x20070b1c        0x4 c:/program files (x86)/atmel/studio/7.0/toolchain/arm/arm-gnu-toolchain/bin/../lib/gcc/arm-none-eabi/4.9.3/../../../../arm-none-eabi/lib/armv7-m\libc.a(lib_a-mallocr.o)
                0x20070b1c                __malloc_top_pad
 .bss.__malloc_current_mallinfo
                0x20070b20       0x28 c:/program files (x86)/atmel/studio/7.0/toolchain/arm/arm-gnu-toolchain/bin/../lib/gcc/arm-none-eabi/4.9.3/../../../../arm-none-eabi/lib/armv7-m\libc.a(lib_a-mallocr.o)
                0x20070b20                __malloc_current_mallinfo
 *(COMMON)
 COMMON         0x20070b48        0x4 src/ASF/common/utils/stdio/read.o
                0x20070b48                ptr_get
 COMMON         0x20070b4c        0x8 src/ASF/common/utils/stdio/write.o
                0x20070b4c                ptr_put
                0x20070b50                stdio_base
 COMMON         0x20070b54        0x4 c:/program files (x86)/atmel/studio/7.0/toolchain/arm/arm-gnu-toolchain/bin/../lib/gcc/arm-none-eabi/4.9.3/../../../../arm-none-eabi/lib/armv7-m\libc.a(lib_a-reent.o)
                0x20070b54                errno
                0x20070b58                . = ALIGN (0x4)
                0x20070b58                _ebss = .
                0x20070b58                _ezero = .

.stack          0x20070b58     0x2000 load address 0x00084bcc
                0x20070b58                . = ALIGN (0x8)
                0x20070b58                _sstack = .
                0x20072b58                . = (. + __stack_size__)
 *fill*         0x20070b58     0x2000 
                0x20072b58                . = ALIGN (0x8)
                0x20072b58                _estack = .
                0x20072b58                . = ALIGN (0x4)
                0x20072b58                _end = .
OUTPUT(Sensor.elf elf32-littlearm)

.ARM.attributes
                0x00000000       0x29
 .ARM.attributes
                0x00000000       0x1d c:/program files (x86)/atmel/studio/7.0/toolchain/arm/arm-gnu-toolchain/bin/../lib/gcc/arm-none-eabi/4.9.3/armv7-m/crti.o
 .ARM.attributes
                0x0000001d       0x2d c:/program files (x86)/atmel/studio/7.0/toolchain/arm/arm-gnu-toolchain/bin/../lib/gcc/arm-none-eabi/4.9.3/armv7-m/crtbegin.o
 .ARM.attributes
                0x0000004a       0x33 src/ASF/common/utils/stdio/read.o
 .ARM.attributes
                0x0000007d       0x33 src/ASF/sam/drivers/usart/usart.o
 .ARM.attributes
                0x000000b0       0x33 src/ASF/thirdparty/wireless/addons/sio2host/uart/sio2host.o
 .ARM.attributes
                0x000000e3       0x33 src/drivers/console_driver.o
 .ARM.attributes
                0x00000116       0x33 src/drivers/delay.o
 .ARM.attributes
                0x00000149       0x33 src/drivers/hcsr04.o
 .ARM.attributes
                0x0000017c       0x33 src/pin_mapper.o
 .ARM.attributes
                0x000001af       0x33 src/ASF/common/utils/stdio/write.o
 .ARM.attributes
                0x000001e2       0x33 src/ASF/common/services/serial/usart_serial.o
 .ARM.attributes
                0x00000215       0x33 src/ASF/sam/drivers/tc/tc.o
 .ARM.attributes
                0x00000248       0x33 src/ASF/sam/drivers/uart/uart.o
 .ARM.attributes
                0x0000027b       0x33 src/ASF/common/services/clock/sam3x/sysclk.o
 .ARM.attributes
                0x000002ae       0x33 src/ASF/common/utils/interrupt/interrupt_sam_nvic.o
 .ARM.attributes
                0x000002e1       0x33 src/ASF/sam/boards/arduino_due_x/init.o
 .ARM.attributes
                0x00000314       0x33 src/ASF/sam/drivers/pio/pio.o
 .ARM.attributes
                0x00000347       0x33 src/ASF/sam/drivers/pio/pio_handler.o
 .ARM.attributes
                0x0000037a       0x33 src/ASF/sam/drivers/pmc/pmc.o
 .ARM.attributes
                0x000003ad       0x33 src/ASF/sam/utils/cmsis/sam3x/source/templates/exceptions.o
 .ARM.attributes
                0x000003e0       0x33 src/ASF/sam/utils/cmsis/sam3x/source/templates/gcc/startup_sam3x.o
 .ARM.attributes
                0x00000413       0x33 src/ASF/sam/utils/cmsis/sam3x/source/templates/system_sam3x.o
 .ARM.attributes
                0x00000446       0x33 src/ASF/sam/utils/syscalls/gcc/syscalls.o
 .ARM.attributes
                0x00000479       0x33 src/main.o
 .ARM.attributes
                0x000004ac       0x2d c:/program files (x86)/atmel/studio/7.0/toolchain/arm/arm-gnu-toolchain/bin/../lib/gcc/arm-none-eabi/4.9.3/../../../../arm-none-eabi/lib/armv7-m\libc.a(lib_a-impure.o)
 .ARM.attributes
                0x000004d9       0x2d c:/program files (x86)/atmel/studio/7.0/toolchain/arm/arm-gnu-toolchain/bin/../lib/gcc/arm-none-eabi/4.9.3/../../../../arm-none-eabi/lib/armv7-m\libc.a(lib_a-init.o)
 .ARM.attributes
                0x00000506       0x2d c:/program files (x86)/atmel/studio/7.0/toolchain/arm/arm-gnu-toolchain/bin/../lib/gcc/arm-none-eabi/4.9.3/../../../../arm-none-eabi/lib/armv7-m\libc.a(lib_a-iprintf.o)
 .ARM.attributes
                0x00000533       0x2d c:/program files (x86)/atmel/studio/7.0/toolchain/arm/arm-gnu-toolchain/bin/../lib/gcc/arm-none-eabi/4.9.3/../../../../arm-none-eabi/lib/armv7-m\libc.a(lib_a-memset.o)
 .ARM.attributes
                0x00000560       0x2d c:/program files (x86)/atmel/studio/7.0/toolchain/arm/arm-gnu-toolchain/bin/../lib/gcc/arm-none-eabi/4.9.3/../../../../arm-none-eabi/lib/armv7-m\libc.a(lib_a-setbuf.o)
 .ARM.attributes
                0x0000058d       0x2d c:/program files (x86)/atmel/studio/7.0/toolchain/arm/arm-gnu-toolchain/bin/../lib/gcc/arm-none-eabi/4.9.3/../../../../arm-none-eabi/lib/armv7-m\libc.a(lib_a-setvbuf.o)
 .ARM.attributes
                0x000005ba       0x2d c:/program files (x86)/atmel/studio/7.0/toolchain/arm/arm-gnu-toolchain/bin/../lib/gcc/arm-none-eabi/4.9.3/../../../../arm-none-eabi/lib/armv7-m\libc.a(lib_a-vfiprintf.o)
 .ARM.attributes
                0x000005e7       0x2d c:/program files (x86)/atmel/studio/7.0/toolchain/arm/arm-gnu-toolchain/bin/../lib/gcc/arm-none-eabi/4.9.3/../../../../arm-none-eabi/lib/armv7-m\libc.a(lib_a-wsetup.o)
 .ARM.attributes
                0x00000614       0x2d c:/program files (x86)/atmel/studio/7.0/toolchain/arm/arm-gnu-toolchain/bin/../lib/gcc/arm-none-eabi/4.9.3/../../../../arm-none-eabi/lib/armv7-m\libc.a(lib_a-__call_atexit.o)
 .ARM.attributes
                0x00000641       0x2d c:/program files (x86)/atmel/studio/7.0/toolchain/arm/arm-gnu-toolchain/bin/../lib/gcc/arm-none-eabi/4.9.3/../../../../arm-none-eabi/lib/armv7-m\libc.a(lib_a-atexit.o)
 .ARM.attributes
                0x0000066e       0x2d c:/program files (x86)/atmel/studio/7.0/toolchain/arm/arm-gnu-toolchain/bin/../lib/gcc/arm-none-eabi/4.9.3/../../../../arm-none-eabi/lib/armv7-m\libc.a(lib_a-fflush.o)
 .ARM.attributes
                0x0000069b       0x2d c:/program files (x86)/atmel/studio/7.0/toolchain/arm/arm-gnu-toolchain/bin/../lib/gcc/arm-none-eabi/4.9.3/../../../../arm-none-eabi/lib/armv7-m\libc.a(lib_a-findfp.o)
 .ARM.attributes
                0x000006c8       0x2d c:/program files (x86)/atmel/studio/7.0/toolchain/arm/arm-gnu-toolchain/bin/../lib/gcc/arm-none-eabi/4.9.3/../../../../arm-none-eabi/lib/armv7-m\libc.a(lib_a-fini.o)
 .ARM.attributes
                0x000006f5       0x2d c:/program files (x86)/atmel/studio/7.0/toolchain/arm/arm-gnu-toolchain/bin/../lib/gcc/arm-none-eabi/4.9.3/../../../../arm-none-eabi/lib/armv7-m\libc.a(lib_a-fputwc.o)
 .ARM.attributes
                0x00000722       0x2d c:/program files (x86)/atmel/studio/7.0/toolchain/arm/arm-gnu-toolchain/bin/../lib/gcc/arm-none-eabi/4.9.3/../../../../arm-none-eabi/lib/armv7-m\libc.a(lib_a-freer.o)
 .ARM.attributes
                0x0000074f       0x2d c:/program files (x86)/atmel/studio/7.0/toolchain/arm/arm-gnu-toolchain/bin/../lib/gcc/arm-none-eabi/4.9.3/../../../../arm-none-eabi/lib/armv7-m\libc.a(lib_a-fvwrite.o)
 .ARM.attributes
                0x0000077c       0x2d c:/program files (x86)/atmel/studio/7.0/toolchain/arm/arm-gnu-toolchain/bin/../lib/gcc/arm-none-eabi/4.9.3/../../../../arm-none-eabi/lib/armv7-m\libc.a(lib_a-fwalk.o)
 .ARM.attributes
                0x000007a9       0x2d c:/program files (x86)/atmel/studio/7.0/toolchain/arm/arm-gnu-toolchain/bin/../lib/gcc/arm-none-eabi/4.9.3/../../../../arm-none-eabi/lib/armv7-m\libc.a(lib_a-locale.o)
 .ARM.attributes
                0x000007d6       0x2d c:/program files (x86)/atmel/studio/7.0/toolchain/arm/arm-gnu-toolchain/bin/../lib/gcc/arm-none-eabi/4.9.3/../../../../arm-none-eabi/lib/armv7-m\libc.a(lib_a-makebuf.o)
 .ARM.attributes
                0x00000803       0x2d c:/program files (x86)/atmel/studio/7.0/toolchain/arm/arm-gnu-toolchain/bin/../lib/gcc/arm-none-eabi/4.9.3/../../../../arm-none-eabi/lib/armv7-m\libc.a(lib_a-malloc.o)
 .ARM.attributes
                0x00000830       0x2d c:/program files (x86)/atmel/studio/7.0/toolchain/arm/arm-gnu-toolchain/bin/../lib/gcc/arm-none-eabi/4.9.3/../../../../arm-none-eabi/lib/armv7-m\libc.a(lib_a-mallocr.o)
 .ARM.attributes
                0x0000085d       0x2d c:/program files (x86)/atmel/studio/7.0/toolchain/arm/arm-gnu-toolchain/bin/../lib/gcc/arm-none-eabi/4.9.3/../../../../arm-none-eabi/lib/armv7-m\libc.a(lib_a-memchr.o)
 .ARM.attributes
                0x0000088a       0x1b c:/program files (x86)/atmel/studio/7.0/toolchain/arm/arm-gnu-toolchain/bin/../lib/gcc/arm-none-eabi/4.9.3/../../../../arm-none-eabi/lib/armv7-m\libc.a(lib_a-memcpy.o)
 .ARM.attributes
                0x000008a5       0x2d c:/program files (x86)/atmel/studio/7.0/toolchain/arm/arm-gnu-toolchain/bin/../lib/gcc/arm-none-eabi/4.9.3/../../../../arm-none-eabi/lib/armv7-m\libc.a(lib_a-memmove.o)
 .ARM.attributes
                0x000008d2       0x2d c:/program files (x86)/atmel/studio/7.0/toolchain/arm/arm-gnu-toolchain/bin/../lib/gcc/arm-none-eabi/4.9.3/../../../../arm-none-eabi/lib/armv7-m\libc.a(lib_a-mlock.o)
 .ARM.attributes
                0x000008ff       0x2d c:/program files (x86)/atmel/studio/7.0/toolchain/arm/arm-gnu-toolchain/bin/../lib/gcc/arm-none-eabi/4.9.3/../../../../arm-none-eabi/lib/armv7-m\libc.a(lib_a-reallocr.o)
 .ARM.attributes
                0x0000092c       0x2d c:/program files (x86)/atmel/studio/7.0/toolchain/arm/arm-gnu-toolchain/bin/../lib/gcc/arm-none-eabi/4.9.3/../../../../arm-none-eabi/lib/armv7-m\libc.a(lib_a-sbrkr.o)
 .ARM.attributes
                0x00000959       0x2d c:/program files (x86)/atmel/studio/7.0/toolchain/arm/arm-gnu-toolchain/bin/../lib/gcc/arm-none-eabi/4.9.3/../../../../arm-none-eabi/lib/armv7-m\libc.a(lib_a-stdio.o)
 .ARM.attributes
                0x00000986       0x2d c:/program files (x86)/atmel/studio/7.0/toolchain/arm/arm-gnu-toolchain/bin/../lib/gcc/arm-none-eabi/4.9.3/../../../../arm-none-eabi/lib/armv7-m\libc.a(lib_a-strlen.o)
 .ARM.attributes
                0x000009b3       0x2d c:/program files (x86)/atmel/studio/7.0/toolchain/arm/arm-gnu-toolchain/bin/../lib/gcc/arm-none-eabi/4.9.3/../../../../arm-none-eabi/lib/armv7-m\libc.a(lib_a-wbuf.o)
 .ARM.attributes
                0x000009e0       0x2d c:/program files (x86)/atmel/studio/7.0/toolchain/arm/arm-gnu-toolchain/bin/../lib/gcc/arm-none-eabi/4.9.3/../../../../arm-none-eabi/lib/armv7-m\libc.a(lib_a-wcrtomb.o)
 .ARM.attributes
                0x00000a0d       0x2d c:/program files (x86)/atmel/studio/7.0/toolchain/arm/arm-gnu-toolchain/bin/../lib/gcc/arm-none-eabi/4.9.3/../../../../arm-none-eabi/lib/armv7-m\libc.a(lib_a-wctomb_r.o)
 .ARM.attributes
                0x00000a3a       0x2d c:/program files (x86)/atmel/studio/7.0/toolchain/arm/arm-gnu-toolchain/bin/../lib/gcc/arm-none-eabi/4.9.3/../../../../arm-none-eabi/lib/armv7-m\libc.a(lib_a-writer.o)
 .ARM.attributes
                0x00000a67       0x2d c:/program files (x86)/atmel/studio/7.0/toolchain/arm/arm-gnu-toolchain/bin/../lib/gcc/arm-none-eabi/4.9.3/../../../../arm-none-eabi/lib/armv7-m\libc.a(lib_a-__atexit.o)
 .ARM.attributes
                0x00000a94       0x2d c:/program files (x86)/atmel/studio/7.0/toolchain/arm/arm-gnu-toolchain/bin/../lib/gcc/arm-none-eabi/4.9.3/../../../../arm-none-eabi/lib/armv7-m\libc.a(lib_a-closer.o)
 .ARM.attributes
                0x00000ac1       0x2d c:/program files (x86)/atmel/studio/7.0/toolchain/arm/arm-gnu-toolchain/bin/../lib/gcc/arm-none-eabi/4.9.3/../../../../arm-none-eabi/lib/armv7-m\libc.a(lib_a-fclose.o)
 .ARM.attributes
                0x00000aee       0x2d c:/program files (x86)/atmel/studio/7.0/toolchain/arm/arm-gnu-toolchain/bin/../lib/gcc/arm-none-eabi/4.9.3/../../../../arm-none-eabi/lib/armv7-m\libc.a(lib_a-fstatr.o)
 .ARM.attributes
                0x00000b1b       0x2d c:/program files (x86)/atmel/studio/7.0/toolchain/arm/arm-gnu-toolchain/bin/../lib/gcc/arm-none-eabi/4.9.3/../../../../arm-none-eabi/lib/armv7-m\libc.a(lib_a-isattyr.o)
 .ARM.attributes
                0x00000b48       0x2d c:/program files (x86)/atmel/studio/7.0/toolchain/arm/arm-gnu-toolchain/bin/../lib/gcc/arm-none-eabi/4.9.3/../../../../arm-none-eabi/lib/armv7-m\libc.a(lib_a-lseekr.o)
 .ARM.attributes
                0x00000b75       0x2d c:/program files (x86)/atmel/studio/7.0/toolchain/arm/arm-gnu-toolchain/bin/../lib/gcc/arm-none-eabi/4.9.3/../../../../arm-none-eabi/lib/armv7-m\libc.a(lib_a-readr.o)
 .ARM.attributes
                0x00000ba2       0x2d c:/program files (x86)/atmel/studio/7.0/toolchain/arm/arm-gnu-toolchain/bin/../lib/gcc/arm-none-eabi/4.9.3/../../../../arm-none-eabi/lib/armv7-m\libc.a(lib_a-reent.o)
 .ARM.attributes
                0x00000bcf       0x1d c:/program files (x86)/atmel/studio/7.0/toolchain/arm/arm-gnu-toolchain/bin/../lib/gcc/arm-none-eabi/4.9.3/armv7-m\libgcc.a(_aeabi_uldivmod.o)
 .ARM.attributes
                0x00000bec       0x2d c:/program files (x86)/atmel/studio/7.0/toolchain/arm/arm-gnu-toolchain/bin/../lib/gcc/arm-none-eabi/4.9.3/armv7-m\libgcc.a(bpabi.o)
 .ARM.attributes
                0x00000c19       0x1d c:/program files (x86)/atmel/studio/7.0/toolchain/arm/arm-gnu-toolchain/bin/../lib/gcc/arm-none-eabi/4.9.3/armv7-m\libgcc.a(_dvmd_tls.o)
 .ARM.attributes
                0x00000c36       0x2d c:/program files (x86)/atmel/studio/7.0/toolchain/arm/arm-gnu-toolchain/bin/../lib/gcc/arm-none-eabi/4.9.3/armv7-m\libgcc.a(_divdi3.o)
 .ARM.attributes
                0x00000c63       0x2d c:/program files (x86)/atmel/studio/7.0/toolchain/arm/arm-gnu-toolchain/bin/../lib/gcc/arm-none-eabi/4.9.3/armv7-m\libgcc.a(_udivdi3.o)
 .ARM.attributes
                0x00000c90       0x1d c:/program files (x86)/atmel/studio/7.0/toolchain/arm/arm-gnu-toolchain/bin/../lib/gcc/arm-none-eabi/4.9.3/armv7-m/crtn.o

.comment        0x00000000       0x5b
 .comment       0x00000000       0x5b src/ASF/common/utils/stdio/read.o
                                 0x5c (size before relaxing)
 .comment       0x00000000       0x5c src/ASF/sam/drivers/usart/usart.o
 .comment       0x00000000       0x5c src/ASF/thirdparty/wireless/addons/sio2host/uart/sio2host.o
 .comment       0x00000000       0x5c src/drivers/console_driver.o
 .comment       0x00000000       0x5c src/drivers/delay.o
 .comment       0x00000000       0x5c src/drivers/hcsr04.o
 .comment       0x00000000       0x5c src/pin_mapper.o
 .comment       0x00000000       0x5c src/ASF/common/utils/stdio/write.o
 .comment       0x00000000       0x5c src/ASF/common/services/serial/usart_serial.o
 .comment       0x00000000       0x5c src/ASF/sam/drivers/tc/tc.o
 .comment       0x00000000       0x5c src/ASF/sam/drivers/uart/uart.o
 .comment       0x00000000       0x5c src/ASF/common/services/clock/sam3x/sysclk.o
 .comment       0x00000000       0x5c src/ASF/common/utils/interrupt/interrupt_sam_nvic.o
 .comment       0x00000000       0x5c src/ASF/sam/boards/arduino_due_x/init.o
 .comment       0x00000000       0x5c src/ASF/sam/drivers/pio/pio.o
 .comment       0x00000000       0x5c src/ASF/sam/drivers/pio/pio_handler.o
 .comment       0x00000000       0x5c src/ASF/sam/drivers/pmc/pmc.o
 .comment       0x00000000       0x5c src/ASF/sam/utils/cmsis/sam3x/source/templates/exceptions.o
 .comment       0x00000000       0x5c src/ASF/sam/utils/cmsis/sam3x/source/templates/gcc/startup_sam3x.o
 .comment       0x00000000       0x5c src/ASF/sam/utils/cmsis/sam3x/source/templates/system_sam3x.o
 .comment       0x00000000       0x5c src/ASF/sam/utils/syscalls/gcc/syscalls.o
 .comment       0x00000000       0x5c src/main.o

.debug_info     0x00000000     0xfaa1
 .debug_info    0x00000000      0x1be src/ASF/common/utils/stdio/read.o
 .debug_info    0x000001be     0x1bfa src/ASF/sam/drivers/usart/usart.o
 .debug_info    0x00001db8     0x187d src/ASF/thirdparty/wireless/addons/sio2host/uart/sio2host.o
 .debug_info    0x00003635     0x12c6 src/drivers/console_driver.o
 .debug_info    0x000048fb      0xd95 src/drivers/delay.o
 .debug_info    0x00005690     0x19d7 src/drivers/hcsr04.o
 .debug_info    0x00007067      0xb0d src/pin_mapper.o
 .debug_info    0x00007b74      0x1c0 src/ASF/common/utils/stdio/write.o
 .debug_info    0x00007d34      0x7d2 src/ASF/common/services/serial/usart_serial.o
 .debug_info    0x00008506      0x959 src/ASF/sam/drivers/tc/tc.o
 .debug_info    0x00008e5f      0x889 src/ASF/sam/drivers/uart/uart.o
 .debug_info    0x000096e8      0x796 src/ASF/common/services/clock/sam3x/sysclk.o
 .debug_info    0x00009e7e      0x1e8 src/ASF/common/utils/interrupt/interrupt_sam_nvic.o
 .debug_info    0x0000a066      0x75c src/ASF/sam/boards/arduino_due_x/init.o
 .debug_info    0x0000a7c2     0x1391 src/ASF/sam/drivers/pio/pio.o
 .debug_info    0x0000bb53      0xe58 src/ASF/sam/drivers/pio/pio_handler.o
 .debug_info    0x0000c9ab     0x10c2 src/ASF/sam/drivers/pmc/pmc.o
 .debug_info    0x0000da6d      0x124 src/ASF/sam/utils/cmsis/sam3x/source/templates/exceptions.o
 .debug_info    0x0000db91      0x3bd src/ASF/sam/utils/cmsis/sam3x/source/templates/gcc/startup_sam3x.o
 .debug_info    0x0000df4e      0x4c6 src/ASF/sam/utils/cmsis/sam3x/source/templates/system_sam3x.o
 .debug_info    0x0000e414      0x426 src/ASF/sam/utils/syscalls/gcc/syscalls.o
 .debug_info    0x0000e83a     0x1267 src/main.o

.debug_abbrev   0x00000000     0x2b74
 .debug_abbrev  0x00000000      0x101 src/ASF/common/utils/stdio/read.o
 .debug_abbrev  0x00000101      0x325 src/ASF/sam/drivers/usart/usart.o
 .debug_abbrev  0x00000426      0x3da src/ASF/thirdparty/wireless/addons/sio2host/uart/sio2host.o
 .debug_abbrev  0x00000800      0x330 src/drivers/console_driver.o
 .debug_abbrev  0x00000b30      0x206 src/drivers/delay.o
 .debug_abbrev  0x00000d36      0x325 src/drivers/hcsr04.o
 .debug_abbrev  0x0000105b      0x1fe src/pin_mapper.o
 .debug_abbrev  0x00001259       0xf5 src/ASF/common/utils/stdio/write.o
 .debug_abbrev  0x0000134e      0x1a8 src/ASF/common/services/serial/usart_serial.o
 .debug_abbrev  0x000014f6      0x1ca src/ASF/sam/drivers/tc/tc.o
 .debug_abbrev  0x000016c0      0x1bd src/ASF/sam/drivers/uart/uart.o
 .debug_abbrev  0x0000187d      0x227 src/ASF/common/services/clock/sam3x/sysclk.o
 .debug_abbrev  0x00001aa4       0xef src/ASF/common/utils/interrupt/interrupt_sam_nvic.o
 .debug_abbrev  0x00001b93      0x16f src/ASF/sam/boards/arduino_due_x/init.o
 .debug_abbrev  0x00001d02      0x2d5 src/ASF/sam/drivers/pio/pio.o
 .debug_abbrev  0x00001fd7      0x266 src/ASF/sam/drivers/pio/pio_handler.o
 .debug_abbrev  0x0000223d      0x268 src/ASF/sam/drivers/pmc/pmc.o
 .debug_abbrev  0x000024a5       0x8c src/ASF/sam/utils/cmsis/sam3x/source/templates/exceptions.o
 .debug_abbrev  0x00002531      0x118 src/ASF/sam/utils/cmsis/sam3x/source/templates/gcc/startup_sam3x.o
 .debug_abbrev  0x00002649      0x115 src/ASF/sam/utils/cmsis/sam3x/source/templates/system_sam3x.o
 .debug_abbrev  0x0000275e      0x12e src/ASF/sam/utils/syscalls/gcc/syscalls.o
 .debug_abbrev  0x0000288c      0x2e8 src/main.o

.debug_loc      0x00000000     0x4b79
 .debug_loc     0x00000000      0x107 src/ASF/common/utils/stdio/read.o
 .debug_loc     0x00000107     0x1206 src/ASF/sam/drivers/usart/usart.o
 .debug_loc     0x0000130d      0x528 src/ASF/thirdparty/wireless/addons/sio2host/uart/sio2host.o
 .debug_loc     0x00001835      0x295 src/drivers/console_driver.o
 .debug_loc     0x00001aca       0xee src/drivers/delay.o
 .debug_loc     0x00001bb8      0x1d6 src/drivers/hcsr04.o
 .debug_loc     0x00001d8e       0xaf src/pin_mapper.o
 .debug_loc     0x00001e3d      0x15d src/ASF/common/utils/stdio/write.o
 .debug_loc     0x00001f9a      0x23d src/ASF/common/services/serial/usart_serial.o
 .debug_loc     0x000021d7      0x6ab src/ASF/sam/drivers/tc/tc.o
 .debug_loc     0x00002882      0x242 src/ASF/sam/drivers/uart/uart.o
 .debug_loc     0x00002ac4      0x12d src/ASF/common/services/clock/sam3x/sysclk.o
 .debug_loc     0x00002bf1       0x1e src/ASF/common/utils/interrupt/interrupt_sam_nvic.o
 .debug_loc     0x00002c0f       0x20 src/ASF/sam/boards/arduino_due_x/init.o
 .debug_loc     0x00002c2f      0xb20 src/ASF/sam/drivers/pio/pio.o
 .debug_loc     0x0000374f      0x572 src/ASF/sam/drivers/pio/pio_handler.o
 .debug_loc     0x00003cc1      0xccc src/ASF/sam/drivers/pmc/pmc.o
 .debug_loc     0x0000498d       0x5e src/ASF/sam/utils/cmsis/sam3x/source/templates/gcc/startup_sam3x.o
 .debug_loc     0x000049eb       0xdf src/ASF/sam/utils/syscalls/gcc/syscalls.o
 .debug_loc     0x00004aca       0xaf src/main.o

.debug_aranges  0x00000000      0xb08
 .debug_aranges
                0x00000000       0x20 src/ASF/common/utils/stdio/read.o
 .debug_aranges
                0x00000020      0x2a8 src/ASF/sam/drivers/usart/usart.o
 .debug_aranges
                0x000002c8       0x60 src/ASF/thirdparty/wireless/addons/sio2host/uart/sio2host.o
 .debug_aranges
                0x00000328       0x30 src/drivers/console_driver.o
 .debug_aranges
                0x00000358       0x38 src/drivers/delay.o
 .debug_aranges
                0x00000390       0x38 src/drivers/hcsr04.o
 .debug_aranges
                0x000003c8       0x28 src/pin_mapper.o
 .debug_aranges
                0x000003f0       0x20 src/ASF/common/utils/stdio/write.o
 .debug_aranges
                0x00000410       0x28 src/ASF/common/services/serial/usart_serial.o
 .debug_aranges
                0x00000438       0xd0 src/ASF/sam/drivers/tc/tc.o
 .debug_aranges
                0x00000508       0xe8 src/ASF/sam/drivers/uart/uart.o
 .debug_aranges
                0x000005f0       0x40 src/ASF/common/services/clock/sam3x/sysclk.o
 .debug_aranges
                0x00000630       0x28 src/ASF/common/utils/interrupt/interrupt_sam_nvic.o
 .debug_aranges
                0x00000658       0x20 src/ASF/sam/boards/arduino_due_x/init.o
 .debug_aranges
                0x00000678      0x148 src/ASF/sam/drivers/pio/pio.o
 .debug_aranges
                0x000007c0       0x58 src/ASF/sam/drivers/pio/pio_handler.o
 .debug_aranges
                0x00000818      0x200 src/ASF/sam/drivers/pmc/pmc.o
 .debug_aranges
                0x00000a18       0x20 src/ASF/sam/utils/cmsis/sam3x/source/templates/exceptions.o
 .debug_aranges
                0x00000a38       0x20 src/ASF/sam/utils/cmsis/sam3x/source/templates/gcc/startup_sam3x.o
 .debug_aranges
                0x00000a58       0x30 src/ASF/sam/utils/cmsis/sam3x/source/templates/system_sam3x.o
 .debug_aranges
                0x00000a88       0x60 src/ASF/sam/utils/syscalls/gcc/syscalls.o
 .debug_aranges
                0x00000ae8       0x20 src/main.o

.debug_ranges   0x00000000      0x9c0
 .debug_ranges  0x00000000       0x10 src/ASF/common/utils/stdio/read.o
 .debug_ranges  0x00000010      0x298 src/ASF/sam/drivers/usart/usart.o
 .debug_ranges  0x000002a8       0x50 src/ASF/thirdparty/wireless/addons/sio2host/uart/sio2host.o
 .debug_ranges  0x000002f8       0x20 src/drivers/console_driver.o
 .debug_ranges  0x00000318       0x28 src/drivers/delay.o
 .debug_ranges  0x00000340       0x28 src/drivers/hcsr04.o
 .debug_ranges  0x00000368       0x18 src/pin_mapper.o
 .debug_ranges  0x00000380       0x10 src/ASF/common/utils/stdio/write.o
 .debug_ranges  0x00000390       0x30 src/ASF/common/services/serial/usart_serial.o
 .debug_ranges  0x000003c0       0xc0 src/ASF/sam/drivers/tc/tc.o
 .debug_ranges  0x00000480       0xd8 src/ASF/sam/drivers/uart/uart.o
 .debug_ranges  0x00000558       0x30 src/ASF/common/services/clock/sam3x/sysclk.o
 .debug_ranges  0x00000588       0x18 src/ASF/common/utils/interrupt/interrupt_sam_nvic.o
 .debug_ranges  0x000005a0       0x10 src/ASF/sam/boards/arduino_due_x/init.o
 .debug_ranges  0x000005b0      0x138 src/ASF/sam/drivers/pio/pio.o
 .debug_ranges  0x000006e8       0x48 src/ASF/sam/drivers/pio/pio_handler.o
 .debug_ranges  0x00000730      0x1f0 src/ASF/sam/drivers/pmc/pmc.o
 .debug_ranges  0x00000920       0x10 src/ASF/sam/utils/cmsis/sam3x/source/templates/exceptions.o
 .debug_ranges  0x00000930       0x10 src/ASF/sam/utils/cmsis/sam3x/source/templates/gcc/startup_sam3x.o
 .debug_ranges  0x00000940       0x20 src/ASF/sam/utils/cmsis/sam3x/source/templates/system_sam3x.o
 .debug_ranges  0x00000960       0x50 src/ASF/sam/utils/syscalls/gcc/syscalls.o
 .debug_ranges  0x000009b0       0x10 src/main.o

.debug_macro    0x00000000    0x19aa3
 .debug_macro   0x00000000      0x4d4 src/ASF/common/utils/stdio/read.o
 .debug_macro   0x000004d4      0x892 src/ASF/common/utils/stdio/read.o
 .debug_macro   0x00000d66      0x166 src/ASF/common/utils/stdio/read.o
 .debug_macro   0x00000ecc      0x64b src/ASF/common/utils/stdio/read.o
 .debug_macro   0x00001517       0x76 src/ASF/common/utils/stdio/read.o
 .debug_macro   0x0000158d       0x16 src/ASF/common/utils/stdio/read.o
 .debug_macro   0x000015a3      0x6e4 src/ASF/common/utils/stdio/read.o
 .debug_macro   0x00001c87       0x22 src/ASF/common/utils/stdio/read.o
 .debug_macro   0x00001ca9       0x44 src/ASF/common/utils/stdio/read.o
 .debug_macro   0x00001ced       0x58 src/ASF/common/utils/stdio/read.o
 .debug_macro   0x00001d45       0x22 src/ASF/common/utils/stdio/read.o
 .debug_macro   0x00001d67      0x1df src/ASF/common/utils/stdio/read.o
 .debug_macro   0x00001f46       0x20 src/ASF/common/utils/stdio/read.o
 .debug_macro   0x00001f66       0x3a src/ASF/common/utils/stdio/read.o
 .debug_macro   0x00001fa0       0x2d src/ASF/common/utils/stdio/read.o
 .debug_macro   0x00001fcd      0xbb1 src/ASF/common/utils/stdio/read.o
 .debug_macro   0x00002b7e      0xab6 src/ASF/common/utils/stdio/read.o
 .debug_macro   0x00003634      0x569 src/ASF/common/utils/stdio/read.o
 .debug_macro   0x00003b9d      0x2b5 src/ASF/common/utils/stdio/read.o
 .debug_macro   0x00003e52      0x31a src/ASF/common/utils/stdio/read.o
 .debug_macro   0x0000416c      0x74f src/ASF/common/utils/stdio/read.o
 .debug_macro   0x000048bb       0x82 src/ASF/common/utils/stdio/read.o
 .debug_macro   0x0000493d      0x57b src/ASF/common/utils/stdio/read.o
 .debug_macro   0x00004eb8       0x1c src/ASF/common/utils/stdio/read.o
 .debug_macro   0x00004ed4      0x6b7 src/ASF/common/utils/stdio/read.o
 .debug_macro   0x0000558b      0x52d src/ASF/common/utils/stdio/read.o
 .debug_macro   0x00005ab8       0xbe src/ASF/common/utils/stdio/read.o
 .debug_macro   0x00005b76     0x2342 src/ASF/common/utils/stdio/read.o
 .debug_macro   0x00007eb8      0x85d src/ASF/common/utils/stdio/read.o
 .debug_macro   0x00008715      0xdc9 src/ASF/common/utils/stdio/read.o
 .debug_macro   0x000094de       0x7c src/ASF/common/utils/stdio/read.o
 .debug_macro   0x0000955a      0x263 src/ASF/common/utils/stdio/read.o
 .debug_macro   0x000097bd       0x58 src/ASF/common/utils/stdio/read.o
 .debug_macro   0x00009815      0x9a7 src/ASF/common/utils/stdio/read.o
 .debug_macro   0x0000a1bc      0x248 src/ASF/common/utils/stdio/read.o
 .debug_macro   0x0000a404      0x4df src/ASF/common/utils/stdio/read.o
 .debug_macro   0x0000a8e3      0x6b3 src/ASF/common/utils/stdio/read.o
 .debug_macro   0x0000af96      0x59f src/ASF/common/utils/stdio/read.o
 .debug_macro   0x0000b535       0x46 src/ASF/common/utils/stdio/read.o
 .debug_macro   0x0000b57b      0x34d src/ASF/common/utils/stdio/read.o
 .debug_macro   0x0000b8c8      0x28c src/ASF/common/utils/stdio/read.o
 .debug_macro   0x0000bb54     0x14d7 src/ASF/common/utils/stdio/read.o
 .debug_macro   0x0000d02b      0x7ba src/ASF/common/utils/stdio/read.o
 .debug_macro   0x0000d7e5       0x76 src/ASF/common/utils/stdio/read.o
 .debug_macro   0x0000d85b       0x82 src/ASF/common/utils/stdio/read.o
 .debug_macro   0x0000d8dd       0x76 src/ASF/common/utils/stdio/read.o
 .debug_macro   0x0000d953       0x4c src/ASF/common/utils/stdio/read.o
 .debug_macro   0x0000d99f      0x105 src/ASF/common/utils/stdio/read.o
 .debug_macro   0x0000daa4      0x105 src/ASF/common/utils/stdio/read.o
 .debug_macro   0x0000dba9      0x105 src/ASF/common/utils/stdio/read.o
 .debug_macro   0x0000dcae       0x88 src/ASF/common/utils/stdio/read.o
 .debug_macro   0x0000dd36       0x88 src/ASF/common/utils/stdio/read.o
 .debug_macro   0x0000ddbe      0x3b4 src/ASF/common/utils/stdio/read.o
 .debug_macro   0x0000e172       0xb8 src/ASF/common/utils/stdio/read.o
 .debug_macro   0x0000e22a       0xb8 src/ASF/common/utils/stdio/read.o
 .debug_macro   0x0000e2e2       0xb8 src/ASF/common/utils/stdio/read.o
 .debug_macro   0x0000e39a       0xb8 src/ASF/common/utils/stdio/read.o
 .debug_macro   0x0000e452      0x2b8 src/ASF/common/utils/stdio/read.o
 .debug_macro   0x0000e70a      0x125 src/ASF/common/utils/stdio/read.o
 .debug_macro   0x0000e82f      0x225 src/ASF/common/utils/stdio/read.o
 .debug_macro   0x0000ea54      0x225 src/ASF/common/utils/stdio/read.o
 .debug_macro   0x0000ec79       0x2e src/ASF/common/utils/stdio/read.o
 .debug_macro   0x0000eca7       0xac src/ASF/common/utils/stdio/read.o
 .debug_macro   0x0000ed53      0x14d src/ASF/common/utils/stdio/read.o
 .debug_macro   0x0000eea0       0x7c src/ASF/common/utils/stdio/read.o
 .debug_macro   0x0000ef1c      0x205 src/ASF/common/utils/stdio/read.o
 .debug_macro   0x0000f121       0x64 src/ASF/common/utils/stdio/read.o
 .debug_macro   0x0000f185       0xa6 src/ASF/common/utils/stdio/read.o
 .debug_macro   0x0000f22b       0x7c src/ASF/common/utils/stdio/read.o
 .debug_macro   0x0000f2a7       0x16 src/ASF/common/utils/stdio/read.o
 .debug_macro   0x0000f2bd       0x22 src/ASF/common/utils/stdio/read.o
 .debug_macro   0x0000f2df       0x22 src/ASF/common/utils/stdio/read.o
 .debug_macro   0x0000f301      0x115 src/ASF/common/utils/stdio/read.o
 .debug_macro   0x0000f416      0x115 src/ASF/common/utils/stdio/read.o
 .debug_macro   0x0000f52b      0x115 src/ASF/common/utils/stdio/read.o
 .debug_macro   0x0000f640      0x115 src/ASF/common/utils/stdio/read.o
 .debug_macro   0x0000f755       0x1c src/ASF/common/utils/stdio/read.o
 .debug_macro   0x0000f771       0x2e src/ASF/common/utils/stdio/read.o
 .debug_macro   0x0000f79f       0x22 src/ASF/common/utils/stdio/read.o
 .debug_macro   0x0000f7c1       0x1c src/ASF/common/utils/stdio/read.o
 .debug_macro   0x0000f7dd       0x58 src/ASF/common/utils/stdio/read.o
 .debug_macro   0x0000f835       0x10 src/ASF/common/utils/stdio/read.o
 .debug_macro   0x0000f845      0x273 src/ASF/common/utils/stdio/read.o
 .debug_macro   0x0000fab8      0xd43 src/ASF/common/utils/stdio/read.o
 .debug_macro   0x000107fb      0x131 src/ASF/common/utils/stdio/read.o
 .debug_macro   0x0001092c       0x58 src/ASF/common/utils/stdio/read.o
 .debug_macro   0x00010984       0x35 src/ASF/common/utils/stdio/read.o
 .debug_macro   0x000109b9       0x9c src/ASF/common/utils/stdio/read.o
 .debug_macro   0x00010a55       0x16 src/ASF/common/utils/stdio/read.o
 .debug_macro   0x00010a6b       0x35 src/ASF/common/utils/stdio/read.o
 .debug_macro   0x00010aa0      0x29d src/ASF/common/utils/stdio/read.o
 .debug_macro   0x00010d3d       0x10 src/ASF/common/utils/stdio/read.o
 .debug_macro   0x00010d4d       0x52 src/ASF/common/utils/stdio/read.o
 .debug_macro   0x00010d9f       0x16 src/ASF/common/utils/stdio/read.o
 .debug_macro   0x00010db5       0x43 src/ASF/common/utils/stdio/read.o
 .debug_macro   0x00010df8      0x180 src/ASF/common/utils/stdio/read.o
 .debug_macro   0x00010f78       0x10 src/ASF/common/utils/stdio/read.o
 .debug_macro   0x00010f88       0x22 src/ASF/common/utils/stdio/read.o
 .debug_macro   0x00010faa       0xbe src/ASF/common/utils/stdio/read.o
 .debug_macro   0x00011068       0x16 src/ASF/common/utils/stdio/read.o
 .debug_macro   0x0001107e      0x197 src/ASF/common/utils/stdio/read.o
 .debug_macro   0x00011215       0x22 src/ASF/common/utils/stdio/read.o
 .debug_macro   0x00011237       0x16 src/ASF/common/utils/stdio/read.o
 .debug_macro   0x0001124d       0x16 src/ASF/common/utils/stdio/read.o
 .debug_macro   0x00011263       0x29 src/ASF/common/utils/stdio/read.o
 .debug_macro   0x0001128c       0x75 src/ASF/common/utils/stdio/read.o
 .debug_macro   0x00011301       0x45 src/ASF/common/utils/stdio/read.o
 .debug_macro   0x00011346      0x3ca src/ASF/common/utils/stdio/read.o
 .debug_macro   0x00011710      0x51f src/ASF/sam/drivers/usart/usart.o
 .debug_macro   0x00011c2f       0x28 src/ASF/sam/drivers/usart/usart.o
 .debug_macro   0x00011c57      0x611 src/ASF/thirdparty/wireless/addons/sio2host/uart/sio2host.o
 .debug_macro   0x00012268       0x94 src/ASF/thirdparty/wireless/addons/sio2host/uart/sio2host.o
 .debug_macro   0x000122fc       0x40 src/ASF/thirdparty/wireless/addons/sio2host/uart/sio2host.o
 .debug_macro   0x0001233c      0x2c6 src/ASF/thirdparty/wireless/addons/sio2host/uart/sio2host.o
 .debug_macro   0x00012602      0x790 src/ASF/thirdparty/wireless/addons/sio2host/uart/sio2host.o
 .debug_macro   0x00012d92       0x34 src/ASF/thirdparty/wireless/addons/sio2host/uart/sio2host.o
 .debug_macro   0x00012dc6       0x5e src/ASF/thirdparty/wireless/addons/sio2host/uart/sio2host.o
 .debug_macro   0x00012e24       0x64 src/ASF/thirdparty/wireless/addons/sio2host/uart/sio2host.o
 .debug_macro   0x00012e88       0x5f src/ASF/thirdparty/wireless/addons/sio2host/uart/sio2host.o
 .debug_macro   0x00012ee7       0x90 src/ASF/thirdparty/wireless/addons/sio2host/uart/sio2host.o
 .debug_macro   0x00012f77       0x6a src/ASF/thirdparty/wireless/addons/sio2host/uart/sio2host.o
 .debug_macro   0x00012fe1       0x34 src/ASF/thirdparty/wireless/addons/sio2host/uart/sio2host.o
 .debug_macro   0x00013015       0x1c src/ASF/thirdparty/wireless/addons/sio2host/uart/sio2host.o
 .debug_macro   0x00013031       0x2e src/ASF/thirdparty/wireless/addons/sio2host/uart/sio2host.o
 .debug_macro   0x0001305f       0x1c src/ASF/thirdparty/wireless/addons/sio2host/uart/sio2host.o
 .debug_macro   0x0001307b       0x40 src/ASF/thirdparty/wireless/addons/sio2host/uart/sio2host.o
 .debug_macro   0x000130bb      0x5ff src/drivers/console_driver.o
 .debug_macro   0x000136ba       0x4a src/drivers/console_driver.o
 .debug_macro   0x00013704       0x97 src/drivers/console_driver.o
 .debug_macro   0x0001379b       0xef src/drivers/console_driver.o
 .debug_macro   0x0001388a       0x70 src/drivers/console_driver.o
 .debug_macro   0x000138fa       0x16 src/drivers/console_driver.o
 .debug_macro   0x00013910      0x612 src/drivers/delay.o
 .debug_macro   0x00013f22      0x621 src/drivers/hcsr04.o
 .debug_macro   0x00014543      0x607 src/pin_mapper.o
 .debug_macro   0x00014b4a      0x4d4 src/ASF/common/utils/stdio/write.o
 .debug_macro   0x0001501e      0x587 src/ASF/common/services/serial/usart_serial.o
 .debug_macro   0x000155a5      0x4f0 src/ASF/sam/drivers/tc/tc.o
 .debug_macro   0x00015a95       0x16 src/ASF/sam/drivers/tc/tc.o
 .debug_macro   0x00015aab       0x1c src/ASF/sam/drivers/tc/tc.o
 .debug_macro   0x00015ac7      0x4e3 src/ASF/sam/drivers/uart/uart.o
 .debug_macro   0x00015faa       0x16 src/ASF/sam/drivers/uart/uart.o
 .debug_macro   0x00015fc0      0x554 src/ASF/common/services/clock/sam3x/sysclk.o
 .debug_macro   0x00016514      0x2c0 src/ASF/common/services/clock/sam3x/sysclk.o
 .debug_macro   0x000167d4      0x4de src/ASF/common/utils/interrupt/interrupt_sam_nvic.o
 .debug_macro   0x00016cb2       0x3f src/ASF/common/utils/interrupt/interrupt_sam_nvic.o
 .debug_macro   0x00016cf1      0x593 src/ASF/sam/boards/arduino_due_x/init.o
 .debug_macro   0x00017284      0x4ef src/ASF/sam/drivers/pio/pio.o
 .debug_macro   0x00017773       0x8e src/ASF/sam/drivers/pio/pio.o
 .debug_macro   0x00017801      0x4f3 src/ASF/sam/drivers/pio/pio_handler.o
 .debug_macro   0x00017cf4      0x4e9 src/ASF/sam/drivers/pmc/pmc.o
 .debug_macro   0x000181dd       0x58 src/ASF/sam/drivers/pmc/pmc.o
 .debug_macro   0x00018235      0x4e8 src/ASF/sam/utils/cmsis/sam3x/source/templates/exceptions.o
 .debug_macro   0x0001871d      0x4f6 src/ASF/sam/utils/cmsis/sam3x/source/templates/gcc/startup_sam3x.o
 .debug_macro   0x00018c13      0x4f6 src/ASF/sam/utils/cmsis/sam3x/source/templates/system_sam3x.o
 .debug_macro   0x00019109       0x26 src/ASF/sam/utils/cmsis/sam3x/source/templates/system_sam3x.o
 .debug_macro   0x0001912f      0x169 src/ASF/sam/utils/syscalls/gcc/syscalls.o
 .debug_macro   0x00019298       0x52 src/ASF/sam/utils/syscalls/gcc/syscalls.o
 .debug_macro   0x000192ea       0x16 src/ASF/sam/utils/syscalls/gcc/syscalls.o
 .debug_macro   0x00019300       0x10 src/ASF/sam/utils/syscalls/gcc/syscalls.o
 .debug_macro   0x00019310       0x10 src/ASF/sam/utils/syscalls/gcc/syscalls.o
 .debug_macro   0x00019320       0x10 src/ASF/sam/utils/syscalls/gcc/syscalls.o
 .debug_macro   0x00019330       0x35 src/ASF/sam/utils/syscalls/gcc/syscalls.o
 .debug_macro   0x00019365      0x122 src/ASF/sam/utils/syscalls/gcc/syscalls.o
 .debug_macro   0x00019487      0x61c src/main.o

.debug_line     0x00000000    0x11820
 .debug_line    0x00000000      0xaca src/ASF/common/utils/stdio/read.o
 .debug_line    0x00000aca     0x1193 src/ASF/sam/drivers/usart/usart.o
 .debug_line    0x00001c5d      0xfe3 src/ASF/thirdparty/wireless/addons/sio2host/uart/sio2host.o
 .debug_line    0x00002c40      0xee7 src/drivers/console_driver.o
 .debug_line    0x00003b27      0xe75 src/drivers/delay.o
 .debug_line    0x0000499c      0xefb src/drivers/hcsr04.o
 .debug_line    0x00005897      0xe34 src/pin_mapper.o
 .debug_line    0x000066cb      0xac0 src/ASF/common/utils/stdio/write.o
 .debug_line    0x0000718b      0xd03 src/ASF/common/services/serial/usart_serial.o
 .debug_line    0x00007e8e      0xc62 src/ASF/sam/drivers/tc/tc.o
 .debug_line    0x00008af0      0xc78 src/ASF/sam/drivers/uart/uart.o
 .debug_line    0x00009768      0xc31 src/ASF/common/services/clock/sam3x/sysclk.o
 .debug_line    0x0000a399      0xadd src/ASF/common/utils/interrupt/interrupt_sam_nvic.o
 .debug_line    0x0000ae76      0xcc8 src/ASF/sam/boards/arduino_due_x/init.o
 .debug_line    0x0000bb3e      0xe2a src/ASF/sam/drivers/pio/pio.o
 .debug_line    0x0000c968      0xb80 src/ASF/sam/drivers/pio/pio_handler.o
 .debug_line    0x0000d4e8     0x106a src/ASF/sam/drivers/pmc/pmc.o
 .debug_line    0x0000e552      0xaa3 src/ASF/sam/utils/cmsis/sam3x/source/templates/exceptions.o
 .debug_line    0x0000eff5      0xaed src/ASF/sam/utils/cmsis/sam3x/source/templates/gcc/startup_sam3x.o
 .debug_line    0x0000fae2      0xb08 src/ASF/sam/utils/cmsis/sam3x/source/templates/system_sam3x.o
 .debug_line    0x000105ea      0x399 src/ASF/sam/utils/syscalls/gcc/syscalls.o
 .debug_line    0x00010983      0xe9d src/main.o

.debug_str      0x00000000    0x63569
 .debug_str     0x00000000    0x5b018 src/ASF/common/utils/stdio/read.o
                              0x5b322 (size before relaxing)
 .debug_str     0x0005b018      0xc86 src/ASF/sam/drivers/usart/usart.o
                              0x5bf99 (size before relaxing)
 .debug_str     0x0005bc9e     0x52ae src/ASF/thirdparty/wireless/addons/sio2host/uart/sio2host.o
                              0x6089d (size before relaxing)
 .debug_str     0x00060f4c       0x7d src/drivers/console_driver.o
                              0x6024c (size before relaxing)
 .debug_str     0x00060fc9       0xf8 src/drivers/delay.o
                              0x5febc (size before relaxing)
 .debug_str     0x000610c1      0x39f src/drivers/hcsr04.o
                              0x604c3 (size before relaxing)
 .debug_str     0x00061460       0x51 src/pin_mapper.o
                              0x5fe10 (size before relaxing)
 .debug_str     0x000614b1       0x26 src/ASF/common/utils/stdio/write.o
                              0x5b324 (size before relaxing)
 .debug_str     0x000614d7       0x64 src/ASF/common/services/serial/usart_serial.o
                              0x5f4bb (size before relaxing)
 .debug_str     0x0006153b      0x309 src/ASF/sam/drivers/tc/tc.o
                              0x5b6cb (size before relaxing)
 .debug_str     0x00061844      0x203 src/ASF/sam/drivers/uart/uart.o
                              0x5b6e8 (size before relaxing)
 .debug_str     0x00061a47      0x24c src/ASF/common/services/clock/sam3x/sysclk.o
                              0x5f2b6 (size before relaxing)
 .debug_str     0x00061c93       0x73 src/ASF/common/utils/interrupt/interrupt_sam_nvic.o
                              0x5b373 (size before relaxing)
 .debug_str     0x00061d06       0x74 src/ASF/sam/boards/arduino_due_x/init.o
                              0x5fa70 (size before relaxing)
 .debug_str     0x00061d7a      0x40e src/ASF/sam/drivers/pio/pio.o
                              0x5bcc7 (size before relaxing)
 .debug_str     0x00062188      0x1bf src/ASF/sam/drivers/pio/pio_handler.o
                              0x5bd0f (size before relaxing)
 .debug_str     0x00062347      0x684 src/ASF/sam/drivers/pmc/pmc.o
                              0x5bd43 (size before relaxing)
 .debug_str     0x000629cb       0x4d src/ASF/sam/utils/cmsis/sam3x/source/templates/exceptions.o
                              0x5b33c (size before relaxing)
 .debug_str     0x00062a18       0xb2 src/ASF/sam/utils/cmsis/sam3x/source/templates/gcc/startup_sam3x.o
                              0x5b411 (size before relaxing)
 .debug_str     0x00062aca      0x1cd src/ASF/sam/utils/cmsis/sam3x/source/templates/system_sam3x.o
                              0x5b624 (size before relaxing)
 .debug_str     0x00062c97      0x844 src/ASF/sam/utils/syscalls/gcc/syscalls.o
                               0x60e4 (size before relaxing)
 .debug_str     0x000634db       0x8e src/main.o
                              0x60174 (size before relaxing)

.debug_frame    0x00000000     0x2408
 .debug_frame   0x00000000       0x38 src/ASF/common/utils/stdio/read.o
 .debug_frame   0x00000038      0x5cc src/ASF/sam/drivers/usart/usart.o
 .debug_frame   0x00000604      0x128 src/ASF/thirdparty/wireless/addons/sio2host/uart/sio2host.o
 .debug_frame   0x0000072c       0x70 src/drivers/console_driver.o
 .debug_frame   0x0000079c       0x78 src/drivers/delay.o
 .debug_frame   0x00000814       0x7c src/drivers/hcsr04.o
 .debug_frame   0x00000890       0x3c src/pin_mapper.o
 .debug_frame   0x000008cc       0x48 src/ASF/common/utils/stdio/write.o
 .debug_frame   0x00000914       0x80 src/ASF/common/services/serial/usart_serial.o
 .debug_frame   0x00000994      0x1a4 src/ASF/sam/drivers/tc/tc.o
 .debug_frame   0x00000b38      0x1bc src/ASF/sam/drivers/uart/uart.o
 .debug_frame   0x00000cf4       0x88 src/ASF/common/services/clock/sam3x/sysclk.o
 .debug_frame   0x00000d7c       0x30 src/ASF/common/utils/interrupt/interrupt_sam_nvic.o
 .debug_frame   0x00000dac       0x28 src/ASF/sam/boards/arduino_due_x/init.o
 .debug_frame   0x00000dd4      0x2b8 src/ASF/sam/drivers/pio/pio.o
 .debug_frame   0x0000108c       0xf8 src/ASF/sam/drivers/pio/pio_handler.o
 .debug_frame   0x00001184      0x450 src/ASF/sam/drivers/pmc/pmc.o
 .debug_frame   0x000015d4       0x20 src/ASF/sam/utils/cmsis/sam3x/source/templates/exceptions.o
 .debug_frame   0x000015f4       0x28 src/ASF/sam/utils/cmsis/sam3x/source/templates/gcc/startup_sam3x.o
 .debug_frame   0x0000161c       0x40 src/ASF/sam/utils/cmsis/sam3x/source/templates/system_sam3x.o
 .debug_frame   0x0000165c       0xa0 src/ASF/sam/utils/syscalls/gcc/syscalls.o
 .debug_frame   0x000016fc       0x28 src/main.o
 .debug_frame   0x00001724       0x2c c:/program files (x86)/atmel/studio/7.0/toolchain/arm/arm-gnu-toolchain/bin/../lib/gcc/arm-none-eabi/4.9.3/../../../../arm-none-eabi/lib/armv7-m\libc.a(lib_a-init.o)
 .debug_frame   0x00001750       0x78 c:/program files (x86)/atmel/studio/7.0/toolchain/arm/arm-gnu-toolchain/bin/../lib/gcc/arm-none-eabi/4.9.3/../../../../arm-none-eabi/lib/armv7-m\libc.a(lib_a-iprintf.o)
 .debug_frame   0x000017c8       0x34 c:/program files (x86)/atmel/studio/7.0/toolchain/arm/arm-gnu-toolchain/bin/../lib/gcc/arm-none-eabi/4.9.3/../../../../arm-none-eabi/lib/armv7-m\libc.a(lib_a-memset.o)
 .debug_frame   0x000017fc       0x20 c:/program files (x86)/atmel/studio/7.0/toolchain/arm/arm-gnu-toolchain/bin/../lib/gcc/arm-none-eabi/4.9.3/../../../../arm-none-eabi/lib/armv7-m\libc.a(lib_a-setbuf.o)
 .debug_frame   0x0000181c       0x30 c:/program files (x86)/atmel/studio/7.0/toolchain/arm/arm-gnu-toolchain/bin/../lib/gcc/arm-none-eabi/4.9.3/../../../../arm-none-eabi/lib/armv7-m\libc.a(lib_a-setvbuf.o)
 .debug_frame   0x0000184c       0xd8 c:/program files (x86)/atmel/studio/7.0/toolchain/arm/arm-gnu-toolchain/bin/../lib/gcc/arm-none-eabi/4.9.3/../../../../arm-none-eabi/lib/armv7-m\libc.a(lib_a-vfiprintf.o)
 .debug_frame   0x00001924       0x2c c:/program files (x86)/atmel/studio/7.0/toolchain/arm/arm-gnu-toolchain/bin/../lib/gcc/arm-none-eabi/4.9.3/../../../../arm-none-eabi/lib/armv7-m\libc.a(lib_a-wsetup.o)
 .debug_frame   0x00001950       0x50 c:/program files (x86)/atmel/studio/7.0/toolchain/arm/arm-gnu-toolchain/bin/../lib/gcc/arm-none-eabi/4.9.3/../../../../arm-none-eabi/lib/armv7-m\libc.a(lib_a-__call_atexit.o)
 .debug_frame   0x000019a0       0x20 c:/program files (x86)/atmel/studio/7.0/toolchain/arm/arm-gnu-toolchain/bin/../lib/gcc/arm-none-eabi/4.9.3/../../../../arm-none-eabi/lib/armv7-m\libc.a(lib_a-atexit.o)
 .debug_frame   0x000019c0       0x6c c:/program files (x86)/atmel/studio/7.0/toolchain/arm/arm-gnu-toolchain/bin/../lib/gcc/arm-none-eabi/4.9.3/../../../../arm-none-eabi/lib/armv7-m\libc.a(lib_a-fflush.o)
 .debug_frame   0x00001a2c      0x124 c:/program files (x86)/atmel/studio/7.0/toolchain/arm/arm-gnu-toolchain/bin/../lib/gcc/arm-none-eabi/4.9.3/../../../../arm-none-eabi/lib/armv7-m\libc.a(lib_a-findfp.o)
 .debug_frame   0x00001b50       0x34 c:/program files (x86)/atmel/studio/7.0/toolchain/arm/arm-gnu-toolchain/bin/../lib/gcc/arm-none-eabi/4.9.3/../../../../arm-none-eabi/lib/armv7-m\libc.a(lib_a-fini.o)
 .debug_frame   0x00001b84       0x84 c:/program files (x86)/atmel/studio/7.0/toolchain/arm/arm-gnu-toolchain/bin/../lib/gcc/arm-none-eabi/4.9.3/../../../../arm-none-eabi/lib/armv7-m\libc.a(lib_a-fputwc.o)
 .debug_frame   0x00001c08       0x74 c:/program files (x86)/atmel/studio/7.0/toolchain/arm/arm-gnu-toolchain/bin/../lib/gcc/arm-none-eabi/4.9.3/../../../../arm-none-eabi/lib/armv7-m\libc.a(lib_a-freer.o)
 .debug_frame   0x00001c7c       0x68 c:/program files (x86)/atmel/studio/7.0/toolchain/arm/arm-gnu-toolchain/bin/../lib/gcc/arm-none-eabi/4.9.3/../../../../arm-none-eabi/lib/armv7-m\libc.a(lib_a-fvwrite.o)
 .debug_frame   0x00001ce4       0x54 c:/program files (x86)/atmel/studio/7.0/toolchain/arm/arm-gnu-toolchain/bin/../lib/gcc/arm-none-eabi/4.9.3/../../../../arm-none-eabi/lib/armv7-m\libc.a(lib_a-fwalk.o)
 .debug_frame   0x00001d38       0x9c c:/program files (x86)/atmel/studio/7.0/toolchain/arm/arm-gnu-toolchain/bin/../lib/gcc/arm-none-eabi/4.9.3/../../../../arm-none-eabi/lib/armv7-m\libc.a(lib_a-locale.o)
 .debug_frame   0x00001dd4       0x48 c:/program files (x86)/atmel/studio/7.0/toolchain/arm/arm-gnu-toolchain/bin/../lib/gcc/arm-none-eabi/4.9.3/../../../../arm-none-eabi/lib/armv7-m\libc.a(lib_a-makebuf.o)
 .debug_frame   0x00001e1c       0x30 c:/program files (x86)/atmel/studio/7.0/toolchain/arm/arm-gnu-toolchain/bin/../lib/gcc/arm-none-eabi/4.9.3/../../../../arm-none-eabi/lib/armv7-m\libc.a(lib_a-malloc.o)
 .debug_frame   0x00001e4c       0x54 c:/program files (x86)/atmel/studio/7.0/toolchain/arm/arm-gnu-toolchain/bin/../lib/gcc/arm-none-eabi/4.9.3/../../../../arm-none-eabi/lib/armv7-m\libc.a(lib_a-mallocr.o)
 .debug_frame   0x00001ea0       0x3c c:/program files (x86)/atmel/studio/7.0/toolchain/arm/arm-gnu-toolchain/bin/../lib/gcc/arm-none-eabi/4.9.3/../../../../arm-none-eabi/lib/armv7-m\libc.a(lib_a-memchr.o)
 .debug_frame   0x00001edc       0x30 c:/program files (x86)/atmel/studio/7.0/toolchain/arm/arm-gnu-toolchain/bin/../lib/gcc/arm-none-eabi/4.9.3/../../../../arm-none-eabi/lib/armv7-m\libc.a(lib_a-memmove.o)
 .debug_frame   0x00001f0c       0x30 c:/program files (x86)/atmel/studio/7.0/toolchain/arm/arm-gnu-toolchain/bin/../lib/gcc/arm-none-eabi/4.9.3/../../../../arm-none-eabi/lib/armv7-m\libc.a(lib_a-mlock.o)
 .debug_frame   0x00001f3c       0x58 c:/program files (x86)/atmel/studio/7.0/toolchain/arm/arm-gnu-toolchain/bin/../lib/gcc/arm-none-eabi/4.9.3/../../../../arm-none-eabi/lib/armv7-m\libc.a(lib_a-reallocr.o)
 .debug_frame   0x00001f94       0x2c c:/program files (x86)/atmel/studio/7.0/toolchain/arm/arm-gnu-toolchain/bin/../lib/gcc/arm-none-eabi/4.9.3/../../../../arm-none-eabi/lib/armv7-m\libc.a(lib_a-sbrkr.o)
 .debug_frame   0x00001fc0       0x88 c:/program files (x86)/atmel/studio/7.0/toolchain/arm/arm-gnu-toolchain/bin/../lib/gcc/arm-none-eabi/4.9.3/../../../../arm-none-eabi/lib/armv7-m\libc.a(lib_a-stdio.o)
 .debug_frame   0x00002048       0x20 c:/program files (x86)/atmel/studio/7.0/toolchain/arm/arm-gnu-toolchain/bin/../lib/gcc/arm-none-eabi/4.9.3/../../../../arm-none-eabi/lib/armv7-m\libc.a(lib_a-strlen.o)
 .debug_frame   0x00002068       0x3c c:/program files (x86)/atmel/studio/7.0/toolchain/arm/arm-gnu-toolchain/bin/../lib/gcc/arm-none-eabi/4.9.3/../../../../arm-none-eabi/lib/armv7-m\libc.a(lib_a-wbuf.o)
 .debug_frame   0x000020a4       0x60 c:/program files (x86)/atmel/studio/7.0/toolchain/arm/arm-gnu-toolchain/bin/../lib/gcc/arm-none-eabi/4.9.3/../../../../arm-none-eabi/lib/armv7-m\libc.a(lib_a-wcrtomb.o)
 .debug_frame   0x00002104       0x48 c:/program files (x86)/atmel/studio/7.0/toolchain/arm/arm-gnu-toolchain/bin/../lib/gcc/arm-none-eabi/4.9.3/../../../../arm-none-eabi/lib/armv7-m\libc.a(lib_a-wctomb_r.o)
 .debug_frame   0x0000214c       0x2c c:/program files (x86)/atmel/studio/7.0/toolchain/arm/arm-gnu-toolchain/bin/../lib/gcc/arm-none-eabi/4.9.3/../../../../arm-none-eabi/lib/armv7-m\libc.a(lib_a-writer.o)
 .debug_frame   0x00002178       0x34 c:/program files (x86)/atmel/studio/7.0/toolchain/arm/arm-gnu-toolchain/bin/../lib/gcc/arm-none-eabi/4.9.3/../../../../arm-none-eabi/lib/armv7-m\libc.a(lib_a-__atexit.o)
 .debug_frame   0x000021ac       0x2c c:/program files (x86)/atmel/studio/7.0/toolchain/arm/arm-gnu-toolchain/bin/../lib/gcc/arm-none-eabi/4.9.3/../../../../arm-none-eabi/lib/armv7-m\libc.a(lib_a-closer.o)
 .debug_frame   0x000021d8       0x44 c:/program files (x86)/atmel/studio/7.0/toolchain/arm/arm-gnu-toolchain/bin/../lib/gcc/arm-none-eabi/4.9.3/../../../../arm-none-eabi/lib/armv7-m\libc.a(lib_a-fclose.o)
 .debug_frame   0x0000221c       0x2c c:/program files (x86)/atmel/studio/7.0/toolchain/arm/arm-gnu-toolchain/bin/../lib/gcc/arm-none-eabi/4.9.3/../../../../arm-none-eabi/lib/armv7-m\libc.a(lib_a-fstatr.o)
 .debug_frame   0x00002248       0x2c c:/program files (x86)/atmel/studio/7.0/toolchain/arm/arm-gnu-toolchain/bin/../lib/gcc/arm-none-eabi/4.9.3/../../../../arm-none-eabi/lib/armv7-m\libc.a(lib_a-isattyr.o)
 .debug_frame   0x00002274       0x2c c:/program files (x86)/atmel/studio/7.0/toolchain/arm/arm-gnu-toolchain/bin/../lib/gcc/arm-none-eabi/4.9.3/../../../../arm-none-eabi/lib/armv7-m\libc.a(lib_a-lseekr.o)
 .debug_frame   0x000022a0       0x2c c:/program files (x86)/atmel/studio/7.0/toolchain/arm/arm-gnu-toolchain/bin/../lib/gcc/arm-none-eabi/4.9.3/../../../../arm-none-eabi/lib/armv7-m\libc.a(lib_a-readr.o)
 .debug_frame   0x000022cc       0x58 c:/program files (x86)/atmel/studio/7.0/toolchain/arm/arm-gnu-toolchain/bin/../lib/gcc/arm-none-eabi/4.9.3/../../../../arm-none-eabi/lib/armv7-m\libc.a(lib_a-reent.o)
 .debug_frame   0x00002324       0x28 c:/program files (x86)/atmel/studio/7.0/toolchain/arm/arm-gnu-toolchain/bin/../lib/gcc/arm-none-eabi/4.9.3/armv7-m\libgcc.a(_aeabi_uldivmod.o)
 .debug_frame   0x0000234c       0x54 c:/program files (x86)/atmel/studio/7.0/toolchain/arm/arm-gnu-toolchain/bin/../lib/gcc/arm-none-eabi/4.9.3/armv7-m\libgcc.a(bpabi.o)
 .debug_frame   0x000023a0       0x34 c:/program files (x86)/atmel/studio/7.0/toolchain/arm/arm-gnu-toolchain/bin/../lib/gcc/arm-none-eabi/4.9.3/armv7-m\libgcc.a(_divdi3.o)
 .debug_frame   0x000023d4       0x34 c:/program files (x86)/atmel/studio/7.0/toolchain/arm/arm-gnu-toolchain/bin/../lib/gcc/arm-none-eabi/4.9.3/armv7-m\libgcc.a(_udivdi3.o)

Cross Reference Table

Symbol                                            File
ADC_Handler                                       src/ASF/sam/utils/cmsis/sam3x/source/templates/exceptions.o
                                                  src/ASF/sam/utils/cmsis/sam3x/source/templates/gcc/startup_sam3x.o
BusFault_Handler                                  src/ASF/sam/utils/cmsis/sam3x/source/templates/exceptions.o
                                                  src/ASF/sam/utils/cmsis/sam3x/source/templates/gcc/startup_sam3x.o
CAN0_Handler                                      src/ASF/sam/utils/cmsis/sam3x/source/templates/exceptions.o
                                                  src/ASF/sam/utils/cmsis/sam3x/source/templates/gcc/startup_sam3x.o
CAN1_Handler                                      src/ASF/sam/utils/cmsis/sam3x/source/templates/exceptions.o
                                                  src/ASF/sam/utils/cmsis/sam3x/source/templates/gcc/startup_sam3x.o
DACC_Handler                                      src/ASF/sam/utils/cmsis/sam3x/source/templates/exceptions.o